[2025-12-11T08:53:29.407+0800][gc,init] CardTable entry size: 512
[2025-12-11T08:53:29.407+0800][gc     ] Using G1
[2025-12-11T08:53:29.408+0800][gc,init] Version: 21.0.8+12-LTS-250 (release)
[2025-12-11T08:53:29.408+0800][gc,init] CPUs: 8 total, 8 available
[2025-12-11T08:53:29.408+0800][gc,init] Memory: 16384M
[2025-12-11T08:53:29.408+0800][gc,init] Large Page Support: Disabled
[2025-12-11T08:53:29.408+0800][gc,init] NUMA Support: Disabled
[2025-12-11T08:53:29.408+0800][gc,init] Compressed Oops: Enabled (Zero based)
[2025-12-11T08:53:29.408+0800][gc,init] Heap Region Size: 1M
[2025-12-11T08:53:29.408+0800][gc,init] Heap Min Capacity: 512M
[2025-12-11T08:53:29.408+0800][gc,init] Heap Initial Capacity: 512M
[2025-12-11T08:53:29.408+0800][gc,init] Heap Max Capacity: 512M
[2025-12-11T08:53:29.408+0800][gc,init] Pre-touch: Disabled
[2025-12-11T08:53:29.408+0800][gc,init] Parallel Workers: 8
[2025-12-11T08:53:29.408+0800][gc,init] Concurrent Workers: 2
[2025-12-11T08:53:29.408+0800][gc,init] Concurrent Refinement Workers: 8
[2025-12-11T08:53:29.408+0800][gc,init] Periodic GC: Disabled
[2025-12-11T08:53:29.413+0800][gc,metaspace] CDS archive(s) mapped at: [0x000000b000000000-0x000000b000ca8000-0x000000b000ca8000), size 13271040, SharedBaseAddress: 0x000000b000000000, ArchiveRelocationMode: 1.
[2025-12-11T08:53:29.413+0800][gc,metaspace] Compressed class space mapped at: 0x000000b001000000-0x000000b041000000, reserved size: 1073741824
[2025-12-11T08:53:29.413+0800][gc,metaspace] Narrow klass base: 0x000000b000000000, Narrow klass shift: 0, Narrow klass range: 0x100000000
[2025-12-11T08:53:30.493+0800][gc,start    ] GC(0) Pause Young (Normal) (G1 Evacuation Pause)
[2025-12-11T08:53:30.493+0800][gc,task     ] GC(0) Using 8 workers of 8 for evacuation
[2025-12-11T08:53:30.498+0800][gc,phases   ] GC(0)   Pre Evacuate Collection Set: 0.1ms
[2025-12-11T08:53:30.498+0800][gc,phases   ] GC(0)   Merge Heap Roots: 0.1ms
[2025-12-11T08:53:30.498+0800][gc,phases   ] GC(0)   Evacuate Collection Set: 3.5ms
[2025-12-11T08:53:30.498+0800][gc,phases   ] GC(0)   Post Evacuate Collection Set: 0.5ms
[2025-12-11T08:53:30.498+0800][gc,phases   ] GC(0)   Other: 0.2ms
[2025-12-11T08:53:30.498+0800][gc,heap     ] GC(0) Eden regions: 256->0(245)
[2025-12-11T08:53:30.498+0800][gc,heap     ] GC(0) Survivor regions: 0->11(32)
[2025-12-11T08:53:30.498+0800][gc,heap     ] GC(0) Old regions: 2->2
[2025-12-11T08:53:30.498+0800][gc,heap     ] GC(0) Humongous regions: 0->0
[2025-12-11T08:53:30.498+0800][gc,metaspace] GC(0) Metaspace: 15841K(16320K)->15841K(16320K) NonClass: 13981K(14208K)->13981K(14208K) Class: 1859K(2112K)->1859K(2112K)
[2025-12-11T08:53:30.498+0800][gc          ] GC(0) Pause Young (Normal) (G1 Evacuation Pause) 257M->11M(512M) 4.824ms
[2025-12-11T08:53:30.498+0800][gc,cpu      ] GC(0) User=0.02s Sys=0.00s Real=0.00s
[2025-12-11T08:53:30.733+0800][gc,start    ] GC(1) Pause Young (Concurrent Start) (Metadata GC Threshold)
[2025-12-11T08:53:30.733+0800][gc,task     ] GC(1) Using 8 workers of 8 for evacuation
[2025-12-11T08:53:30.739+0800][gc,phases   ] GC(1)   Pre Evacuate Collection Set: 0.2ms
[2025-12-11T08:53:30.739+0800][gc,phases   ] GC(1)   Merge Heap Roots: 0.1ms
[2025-12-11T08:53:30.739+0800][gc,phases   ] GC(1)   Evacuate Collection Set: 4.7ms
[2025-12-11T08:53:30.739+0800][gc,phases   ] GC(1)   Post Evacuate Collection Set: 0.7ms
[2025-12-11T08:53:30.739+0800][gc,phases   ] GC(1)   Other: 0.1ms
[2025-12-11T08:53:30.739+0800][gc,heap     ] GC(1) Eden regions: 136->0(236)
[2025-12-11T08:53:30.739+0800][gc,heap     ] GC(1) Survivor regions: 11->20(32)
[2025-12-11T08:53:30.739+0800][gc,heap     ] GC(1) Old regions: 2->2
[2025-12-11T08:53:30.739+0800][gc,heap     ] GC(1) Humongous regions: 0->0
[2025-12-11T08:53:30.739+0800][gc,metaspace] GC(1) Metaspace: 21096K(21504K)->21096K(21504K) NonClass: 18546K(18752K)->18546K(18752K) Class: 2549K(2752K)->2549K(2752K)
[2025-12-11T08:53:30.739+0800][gc          ] GC(1) Pause Young (Concurrent Start) (Metadata GC Threshold) 147M->21M(512M) 5.883ms
[2025-12-11T08:53:30.739+0800][gc          ] GC(2) Concurrent Mark Cycle
[2025-12-11T08:53:30.739+0800][gc,cpu      ] GC(1) User=0.03s Sys=0.00s Real=0.00s
[2025-12-11T08:53:30.739+0800][gc,marking  ] GC(2) Concurrent Scan Root Regions
[2025-12-11T08:53:30.743+0800][gc,marking  ] GC(2) Concurrent Scan Root Regions 4.155ms
[2025-12-11T08:53:30.743+0800][gc,marking  ] GC(2) Concurrent Mark
[2025-12-11T08:53:30.743+0800][gc,marking  ] GC(2) Concurrent Mark From Roots
[2025-12-11T08:53:30.743+0800][gc,task     ] GC(2) Using 2 workers of 2 for marking
[2025-12-11T08:53:30.744+0800][gc,marking  ] GC(2) Concurrent Mark From Roots 1.022ms
[2025-12-11T08:53:30.744+0800][gc,marking  ] GC(2) Concurrent Preclean
[2025-12-11T08:53:30.744+0800][gc,marking  ] GC(2) Concurrent Preclean 0.007ms
[2025-12-11T08:53:30.744+0800][gc,start    ] GC(2) Pause Remark
[2025-12-11T08:53:30.745+0800][gc          ] GC(2) Pause Remark 22M->22M(512M) 1.506ms
[2025-12-11T08:53:30.745+0800][gc,cpu      ] GC(2) User=0.01s Sys=0.01s Real=0.00s
[2025-12-11T08:53:30.746+0800][gc,marking  ] GC(2) Concurrent Mark 2.627ms
[2025-12-11T08:53:30.746+0800][gc,marking  ] GC(2) Concurrent Rebuild Remembered Sets and Scrub Regions
[2025-12-11T08:53:30.746+0800][gc,marking  ] GC(2) Concurrent Rebuild Remembered Sets and Scrub Regions 0.447ms
[2025-12-11T08:53:30.746+0800][gc,start    ] GC(2) Pause Cleanup
[2025-12-11T08:53:30.746+0800][gc          ] GC(2) Pause Cleanup 22M->22M(512M) 0.079ms
[2025-12-11T08:53:30.746+0800][gc,cpu      ] GC(2) User=0.00s Sys=0.00s Real=0.00s
[2025-12-11T08:53:30.746+0800][gc,marking  ] GC(2) Concurrent Clear Claimed Marks
[2025-12-11T08:53:30.746+0800][gc,marking  ] GC(2) Concurrent Clear Claimed Marks 0.022ms
[2025-12-11T08:53:30.746+0800][gc,marking  ] GC(2) Concurrent Cleanup for Next Mark
[2025-12-11T08:53:30.747+0800][gc,marking  ] GC(2) Concurrent Cleanup for Next Mark 0.945ms
[2025-12-11T08:53:30.747+0800][gc          ] GC(2) Concurrent Mark Cycle 8.466ms
[2025-12-11T08:53:31.178+0800][gc,start    ] GC(3) Pause Young (Prepare Mixed) (G1 Evacuation Pause)
[2025-12-11T08:53:31.178+0800][gc,task     ] GC(3) Using 8 workers of 8 for evacuation
[2025-12-11T08:53:31.191+0800][gc,phases   ] GC(3)   Pre Evacuate Collection Set: 0.2ms
[2025-12-11T08:53:31.191+0800][gc,phases   ] GC(3)   Merge Heap Roots: 0.1ms
[2025-12-11T08:53:31.191+0800][gc,phases   ] GC(3)   Evacuate Collection Set: 12.2ms
[2025-12-11T08:53:31.191+0800][gc,phases   ] GC(3)   Post Evacuate Collection Set: 0.9ms
[2025-12-11T08:53:31.191+0800][gc,phases   ] GC(3)   Other: 0.0ms
[2025-12-11T08:53:31.191+0800][gc,heap     ] GC(3) Eden regions: 236->0(224)
[2025-12-11T08:53:31.191+0800][gc,heap     ] GC(3) Survivor regions: 20->32(32)
[2025-12-11T08:53:31.191+0800][gc,heap     ] GC(3) Old regions: 2->13
[2025-12-11T08:53:31.191+0800][gc,heap     ] GC(3) Humongous regions: 0->0
[2025-12-11T08:53:31.191+0800][gc,metaspace] GC(3) Metaspace: 21475K(21952K)->21475K(21952K) NonClass: 18872K(19136K)->18872K(19136K) Class: 2603K(2816K)->2603K(2816K)
[2025-12-11T08:53:31.191+0800][gc          ] GC(3) Pause Young (Prepare Mixed) (G1 Evacuation Pause) 257M->42M(512M) 13.467ms
[2025-12-11T08:53:31.191+0800][gc,cpu      ] GC(3) User=0.08s Sys=0.00s Real=0.02s
[2025-12-11T08:53:31.815+0800][gc,start    ] GC(4) Pause Young (Mixed) (G1 Evacuation Pause)
[2025-12-11T08:53:31.815+0800][gc,task     ] GC(4) Using 8 workers of 8 for evacuation
[2025-12-11T08:53:31.825+0800][gc,phases   ] GC(4)   Pre Evacuate Collection Set: 0.1ms
[2025-12-11T08:53:31.825+0800][gc,phases   ] GC(4)   Merge Heap Roots: 0.1ms
[2025-12-11T08:53:31.825+0800][gc,phases   ] GC(4)   Evacuate Collection Set: 9.5ms
[2025-12-11T08:53:31.825+0800][gc,phases   ] GC(4)   Post Evacuate Collection Set: 0.5ms
[2025-12-11T08:53:31.825+0800][gc,phases   ] GC(4)   Other: 0.0ms
[2025-12-11T08:53:31.825+0800][gc,heap     ] GC(4) Eden regions: 224->0(249)
[2025-12-11T08:53:31.825+0800][gc,heap     ] GC(4) Survivor regions: 32->7(32)
[2025-12-11T08:53:31.825+0800][gc,heap     ] GC(4) Old regions: 13->42
[2025-12-11T08:53:31.825+0800][gc,heap     ] GC(4) Humongous regions: 0->0
[2025-12-11T08:53:31.825+0800][gc,metaspace] GC(4) Metaspace: 27454K(27968K)->27454K(27968K) NonClass: 24138K(24448K)->24138K(24448K) Class: 3316K(3520K)->3316K(3520K)
[2025-12-11T08:53:31.826+0800][gc          ] GC(4) Pause Young (Mixed) (G1 Evacuation Pause) 266M->49M(512M) 10.464ms
[2025-12-11T08:53:31.826+0800][gc,cpu      ] GC(4) User=0.06s Sys=0.00s Real=0.01s
[2025-12-11T08:53:32.212+0800][gc,start    ] GC(5) Pause Young (Concurrent Start) (Metadata GC Threshold)
[2025-12-11T08:53:32.213+0800][gc,task     ] GC(5) Using 8 workers of 8 for evacuation
[2025-12-11T08:53:32.216+0800][gc,phases   ] GC(5)   Pre Evacuate Collection Set: 0.1ms
[2025-12-11T08:53:32.216+0800][gc,phases   ] GC(5)   Merge Heap Roots: 0.0ms
[2025-12-11T08:53:32.216+0800][gc,phases   ] GC(5)   Evacuate Collection Set: 2.7ms
[2025-12-11T08:53:32.216+0800][gc,phases   ] GC(5)   Post Evacuate Collection Set: 0.3ms
[2025-12-11T08:53:32.216+0800][gc,phases   ] GC(5)   Other: 0.0ms
[2025-12-11T08:53:32.216+0800][gc,heap     ] GC(5) Eden regions: 124->0(248)
[2025-12-11T08:53:32.216+0800][gc,heap     ] GC(5) Survivor regions: 7->8(32)
[2025-12-11T08:53:32.216+0800][gc,heap     ] GC(5) Old regions: 42->42
[2025-12-11T08:53:32.216+0800][gc,heap     ] GC(5) Humongous regions: 0->0
[2025-12-11T08:53:32.216+0800][gc,metaspace] GC(5) Metaspace: 35525K(35968K)->35525K(35968K) NonClass: 31168K(31424K)->31168K(31424K) Class: 4357K(4544K)->4357K(4544K)
[2025-12-11T08:53:32.216+0800][gc          ] GC(5) Pause Young (Concurrent Start) (Metadata GC Threshold) 172M->50M(512M) 3.370ms
[2025-12-11T08:53:32.216+0800][gc,cpu      ] GC(5) User=0.02s Sys=0.00s Real=0.00s
[2025-12-11T08:53:32.216+0800][gc          ] GC(6) Concurrent Mark Cycle
[2025-12-11T08:53:32.216+0800][gc,marking  ] GC(6) Concurrent Scan Root Regions
[2025-12-11T08:53:32.218+0800][gc,marking  ] GC(6) Concurrent Scan Root Regions 2.296ms
[2025-12-11T08:53:32.218+0800][gc,marking  ] GC(6) Concurrent Mark
[2025-12-11T08:53:32.218+0800][gc,marking  ] GC(6) Concurrent Mark From Roots
[2025-12-11T08:53:32.218+0800][gc,task     ] GC(6) Using 2 workers of 2 for marking
[2025-12-11T08:53:32.238+0800][gc,marking  ] GC(6) Concurrent Mark From Roots 20.240ms
[2025-12-11T08:53:32.239+0800][gc,marking  ] GC(6) Concurrent Preclean
[2025-12-11T08:53:32.239+0800][gc,marking  ] GC(6) Concurrent Preclean 0.093ms
[2025-12-11T08:53:32.239+0800][gc,start    ] GC(6) Pause Remark
[2025-12-11T08:53:32.241+0800][gc          ] GC(6) Pause Remark 52M->52M(512M) 2.213ms
[2025-12-11T08:53:32.241+0800][gc,cpu      ] GC(6) User=0.01s Sys=0.00s Real=0.01s
[2025-12-11T08:53:32.241+0800][gc,marking  ] GC(6) Concurrent Mark 22.685ms
[2025-12-11T08:53:32.241+0800][gc,marking  ] GC(6) Concurrent Rebuild Remembered Sets and Scrub Regions
[2025-12-11T08:53:32.248+0800][gc,marking  ] GC(6) Concurrent Rebuild Remembered Sets and Scrub Regions 7.298ms
[2025-12-11T08:53:32.248+0800][gc,start    ] GC(6) Pause Cleanup
[2025-12-11T08:53:32.248+0800][gc          ] GC(6) Pause Cleanup 53M->53M(512M) 0.078ms
[2025-12-11T08:53:32.248+0800][gc,cpu      ] GC(6) User=0.00s Sys=0.01s Real=0.00s
[2025-12-11T08:53:32.248+0800][gc,marking  ] GC(6) Concurrent Clear Claimed Marks
[2025-12-11T08:53:32.249+0800][gc,marking  ] GC(6) Concurrent Clear Claimed Marks 0.048ms
[2025-12-11T08:53:32.249+0800][gc,marking  ] GC(6) Concurrent Cleanup for Next Mark
[2025-12-11T08:53:32.249+0800][gc,marking  ] GC(6) Concurrent Cleanup for Next Mark 0.554ms
[2025-12-11T08:53:32.249+0800][gc          ] GC(6) Concurrent Mark Cycle 33.213ms
[2025-12-11T08:53:33.220+0800][gc,start    ] GC(7) Pause Young (Prepare Mixed) (G1 Evacuation Pause)
[2025-12-11T08:53:33.221+0800][gc,task     ] GC(7) Using 8 workers of 8 for evacuation
[2025-12-11T08:53:33.226+0800][gc,phases   ] GC(7)   Pre Evacuate Collection Set: 0.1ms
[2025-12-11T08:53:33.226+0800][gc,phases   ] GC(7)   Merge Heap Roots: 0.1ms
[2025-12-11T08:53:33.226+0800][gc,phases   ] GC(7)   Evacuate Collection Set: 4.9ms
[2025-12-11T08:53:33.226+0800][gc,phases   ] GC(7)   Post Evacuate Collection Set: 0.6ms
[2025-12-11T08:53:33.226+0800][gc,phases   ] GC(7)   Other: 0.0ms
[2025-12-11T08:53:33.226+0800][gc,heap     ] GC(7) Eden regions: 248->0(238)
[2025-12-11T08:53:33.226+0800][gc,heap     ] GC(7) Survivor regions: 8->18(32)
[2025-12-11T08:53:33.226+0800][gc,heap     ] GC(7) Old regions: 42->42
[2025-12-11T08:53:33.226+0800][gc,heap     ] GC(7) Humongous regions: 0->0
[2025-12-11T08:53:33.226+0800][gc,metaspace] GC(7) Metaspace: 53004K(53568K)->53004K(53568K) NonClass: 46545K(46848K)->46545K(46848K) Class: 6459K(6720K)->6459K(6720K)
[2025-12-11T08:53:33.226+0800][gc          ] GC(7) Pause Young (Prepare Mixed) (G1 Evacuation Pause) 298M->59M(512M) 5.983ms
[2025-12-11T08:53:33.227+0800][gc,cpu      ] GC(7) User=0.04s Sys=0.01s Real=0.00s
[2025-12-11T08:53:33.531+0800][gc,start    ] GC(8) Pause Young (Mixed) (Metadata GC Threshold)
[2025-12-11T08:53:33.531+0800][gc,task     ] GC(8) Using 8 workers of 8 for evacuation
[2025-12-11T08:53:33.537+0800][gc,phases   ] GC(8)   Pre Evacuate Collection Set: 0.1ms
[2025-12-11T08:53:33.537+0800][gc,phases   ] GC(8)   Merge Heap Roots: 0.1ms
[2025-12-11T08:53:33.537+0800][gc,phases   ] GC(8)   Evacuate Collection Set: 5.7ms
[2025-12-11T08:53:33.537+0800][gc,phases   ] GC(8)   Post Evacuate Collection Set: 0.4ms
[2025-12-11T08:53:33.537+0800][gc,phases   ] GC(8)   Other: 0.0ms
[2025-12-11T08:53:33.537+0800][gc,heap     ] GC(8) Eden regions: 89->0(236)
[2025-12-11T08:53:33.537+0800][gc,heap     ] GC(8) Survivor regions: 18->20(32)
[2025-12-11T08:53:33.537+0800][gc,heap     ] GC(8) Old regions: 42->42
[2025-12-11T08:53:33.537+0800][gc,heap     ] GC(8) Humongous regions: 0->0
[2025-12-11T08:53:33.537+0800][gc,metaspace] GC(8) Metaspace: 60711K(61376K)->60711K(61376K) NonClass: 53402K(53760K)->53402K(53760K) Class: 7308K(7616K)->7308K(7616K)
[2025-12-11T08:53:33.537+0800][gc          ] GC(8) Pause Young (Mixed) (Metadata GC Threshold) 147M->61M(512M) 6.455ms
[2025-12-11T08:53:33.537+0800][gc,cpu      ] GC(8) User=0.04s Sys=0.00s Real=0.00s
[2025-12-11T08:53:33.549+0800][gc,start    ] GC(9) Pause Young (Concurrent Start) (Metadata GC Threshold)
[2025-12-11T08:53:33.549+0800][gc,task     ] GC(9) Using 8 workers of 8 for evacuation
[2025-12-11T08:53:33.555+0800][gc,phases   ] GC(9)   Pre Evacuate Collection Set: 0.1ms
[2025-12-11T08:53:33.556+0800][gc,phases   ] GC(9)   Merge Heap Roots: 0.0ms
[2025-12-11T08:53:33.556+0800][gc,phases   ] GC(9)   Evacuate Collection Set: 5.5ms
[2025-12-11T08:53:33.556+0800][gc,phases   ] GC(9)   Post Evacuate Collection Set: 0.4ms
[2025-12-11T08:53:33.556+0800][gc,phases   ] GC(9)   Other: 0.0ms
[2025-12-11T08:53:33.556+0800][gc,heap     ] GC(9) Eden regions: 3->0(240)
[2025-12-11T08:53:33.556+0800][gc,heap     ] GC(9) Survivor regions: 20->16(32)
[2025-12-11T08:53:33.556+0800][gc,heap     ] GC(9) Old regions: 42->46
[2025-12-11T08:53:33.556+0800][gc,heap     ] GC(9) Humongous regions: 0->0
[2025-12-11T08:53:33.556+0800][gc,metaspace] GC(9) Metaspace: 61023K(61696K)->61023K(61696K) NonClass: 53668K(54016K)->53668K(54016K) Class: 7354K(7680K)->7354K(7680K)
[2025-12-11T08:53:33.556+0800][gc          ] GC(9) Pause Young (Concurrent Start) (Metadata GC Threshold) 64M->61M(512M) 6.250ms
[2025-12-11T08:53:33.556+0800][gc          ] GC(10) Concurrent Mark Cycle
[2025-12-11T08:53:33.556+0800][gc,marking  ] GC(10) Concurrent Scan Root Regions
[2025-12-11T08:53:33.556+0800][gc,cpu      ] GC(9) User=0.04s Sys=0.00s Real=0.01s
[2025-12-11T08:53:33.561+0800][gc,marking  ] GC(10) Concurrent Scan Root Regions 4.973ms
[2025-12-11T08:53:33.561+0800][gc,marking  ] GC(10) Concurrent Mark
[2025-12-11T08:53:33.561+0800][gc,marking  ] GC(10) Concurrent Mark From Roots
[2025-12-11T08:53:33.561+0800][gc,task     ] GC(10) Using 2 workers of 2 for marking
[2025-12-11T08:53:33.579+0800][gc,marking  ] GC(10) Concurrent Mark From Roots 18.587ms
[2025-12-11T08:53:33.579+0800][gc,marking  ] GC(10) Concurrent Preclean
[2025-12-11T08:53:33.579+0800][gc,marking  ] GC(10) Concurrent Preclean 0.078ms
[2025-12-11T08:53:33.579+0800][gc,start    ] GC(10) Pause Remark
[2025-12-11T08:53:33.582+0800][gc          ] GC(10) Pause Remark 64M->64M(512M) 3.072ms
[2025-12-11T08:53:33.583+0800][gc,cpu      ] GC(10) User=0.02s Sys=0.00s Real=0.01s
[2025-12-11T08:53:33.583+0800][gc,marking  ] GC(10) Concurrent Mark 21.912ms
[2025-12-11T08:53:33.583+0800][gc,marking  ] GC(10) Concurrent Rebuild Remembered Sets and Scrub Regions
[2025-12-11T08:53:33.591+0800][gc,marking  ] GC(10) Concurrent Rebuild Remembered Sets and Scrub Regions 8.475ms
[2025-12-11T08:53:33.591+0800][gc,start    ] GC(10) Pause Cleanup
[2025-12-11T08:53:33.591+0800][gc          ] GC(10) Pause Cleanup 65M->65M(512M) 0.075ms
[2025-12-11T08:53:33.591+0800][gc,cpu      ] GC(10) User=0.00s Sys=0.00s Real=0.00s
[2025-12-11T08:53:33.591+0800][gc,marking  ] GC(10) Concurrent Clear Claimed Marks
[2025-12-11T08:53:33.591+0800][gc,marking  ] GC(10) Concurrent Clear Claimed Marks 0.050ms
[2025-12-11T08:53:33.591+0800][gc,marking  ] GC(10) Concurrent Cleanup for Next Mark
[2025-12-11T08:53:33.592+0800][gc,marking  ] GC(10) Concurrent Cleanup for Next Mark 0.239ms
[2025-12-11T08:53:33.592+0800][gc          ] GC(10) Concurrent Mark Cycle 35.921ms
[2025-12-11T08:53:34.729+0800][gc,start    ] GC(11) Pause Young (Prepare Mixed) (G1 Evacuation Pause)
[2025-12-11T08:53:34.729+0800][gc,task     ] GC(11) Using 8 workers of 8 for evacuation
[2025-12-11T08:53:34.737+0800][gc,phases   ] GC(11)   Pre Evacuate Collection Set: 0.2ms
[2025-12-11T08:53:34.738+0800][gc,phases   ] GC(11)   Merge Heap Roots: 0.1ms
[2025-12-11T08:53:34.738+0800][gc,phases   ] GC(11)   Evacuate Collection Set: 7.2ms
[2025-12-11T08:53:34.738+0800][gc,phases   ] GC(11)   Post Evacuate Collection Set: 0.5ms
[2025-12-11T08:53:34.738+0800][gc,phases   ] GC(11)   Other: 0.0ms
[2025-12-11T08:53:34.738+0800][gc,heap     ] GC(11) Eden regions: 240->0(224)
[2025-12-11T08:53:34.738+0800][gc,heap     ] GC(11) Survivor regions: 16->32(32)
[2025-12-11T08:53:34.738+0800][gc,heap     ] GC(11) Old regions: 46->46
[2025-12-11T08:53:34.738+0800][gc,heap     ] GC(11) Humongous regions: 0->0
[2025-12-11T08:53:34.738+0800][gc,metaspace] GC(11) Metaspace: 71218K(72000K)->71218K(72000K) NonClass: 62552K(62976K)->62552K(62976K) Class: 8665K(9024K)->8665K(9024K)
[2025-12-11T08:53:34.738+0800][gc          ] GC(11) Pause Young (Prepare Mixed) (G1 Evacuation Pause) 301M->78M(512M) 8.166ms
[2025-12-11T08:53:34.738+0800][gc,cpu      ] GC(11) User=0.05s Sys=0.00s Real=0.01s
[2025-12-11T08:53:35.227+0800][gc,start    ] GC(12) Pause Young (Mixed) (G1 Evacuation Pause)
[2025-12-11T08:53:35.227+0800][gc,task     ] GC(12) Using 8 workers of 8 for evacuation
[2025-12-11T08:53:35.242+0800][gc,phases   ] GC(12)   Pre Evacuate Collection Set: 0.2ms
[2025-12-11T08:53:35.242+0800][gc,phases   ] GC(12)   Merge Heap Roots: 0.1ms
[2025-12-11T08:53:35.242+0800][gc,phases   ] GC(12)   Evacuate Collection Set: 13.8ms
[2025-12-11T08:53:35.242+0800][gc,phases   ] GC(12)   Post Evacuate Collection Set: 0.7ms
[2025-12-11T08:53:35.242+0800][gc,phases   ] GC(12)   Other: 0.1ms
[2025-12-11T08:53:35.242+0800][gc,heap     ] GC(12) Eden regions: 224->0(246)
[2025-12-11T08:53:35.242+0800][gc,heap     ] GC(12) Survivor regions: 32->10(32)
[2025-12-11T08:53:35.242+0800][gc,heap     ] GC(12) Old regions: 46->77
[2025-12-11T08:53:35.242+0800][gc,heap     ] GC(12) Humongous regions: 0->0
[2025-12-11T08:53:35.242+0800][gc,metaspace] GC(12) Metaspace: 75424K(76352K)->75424K(76352K) NonClass: 66080K(66560K)->66080K(66560K) Class: 9344K(9792K)->9344K(9792K)
[2025-12-11T08:53:35.242+0800][gc          ] GC(12) Pause Young (Mixed) (G1 Evacuation Pause) 302M->86M(512M) 15.115ms
[2025-12-11T08:53:35.242+0800][gc,cpu      ] GC(12) User=0.06s Sys=0.01s Real=0.02s
[2025-12-11T08:53:35.547+0800][gc,start    ] GC(13) Pause Young (Normal) (G1 Evacuation Pause)
[2025-12-11T08:53:35.547+0800][gc,task     ] GC(13) Using 8 workers of 8 for evacuation
[2025-12-11T08:53:35.555+0800][gc,phases   ] GC(13)   Pre Evacuate Collection Set: 0.2ms
[2025-12-11T08:53:35.555+0800][gc,phases   ] GC(13)   Merge Heap Roots: 0.1ms
[2025-12-11T08:53:35.555+0800][gc,phases   ] GC(13)   Evacuate Collection Set: 7.3ms
[2025-12-11T08:53:35.555+0800][gc,phases   ] GC(13)   Post Evacuate Collection Set: 0.6ms
[2025-12-11T08:53:35.555+0800][gc,phases   ] GC(13)   Other: 0.0ms
[2025-12-11T08:53:35.555+0800][gc,heap     ] GC(13) Eden regions: 246->0(224)
[2025-12-11T08:53:35.555+0800][gc,heap     ] GC(13) Survivor regions: 10->32(32)
[2025-12-11T08:53:35.555+0800][gc,heap     ] GC(13) Old regions: 77->77
[2025-12-11T08:53:35.555+0800][gc,heap     ] GC(13) Humongous regions: 0->0
[2025-12-11T08:53:35.555+0800][gc,metaspace] GC(13) Metaspace: 75579K(76544K)->75579K(76544K) NonClass: 66215K(66752K)->66215K(66752K) Class: 9363K(9792K)->9363K(9792K)
[2025-12-11T08:53:35.555+0800][gc          ] GC(13) Pause Young (Normal) (G1 Evacuation Pause) 332M->109M(512M) 8.404ms
[2025-12-11T08:53:35.555+0800][gc,cpu      ] GC(13) User=0.05s Sys=0.00s Real=0.01s
[2025-12-11T08:53:36.114+0800][gc,start    ] GC(14) Pause Young (Normal) (G1 Evacuation Pause)
[2025-12-11T08:53:36.114+0800][gc,task     ] GC(14) Using 8 workers of 8 for evacuation
[2025-12-11T08:53:36.126+0800][gc,phases   ] GC(14)   Pre Evacuate Collection Set: 0.1ms
[2025-12-11T08:53:36.126+0800][gc,phases   ] GC(14)   Merge Heap Roots: 0.1ms
[2025-12-11T08:53:36.126+0800][gc,phases   ] GC(14)   Evacuate Collection Set: 10.5ms
[2025-12-11T08:53:36.126+0800][gc,phases   ] GC(14)   Post Evacuate Collection Set: 0.5ms
[2025-12-11T08:53:36.126+0800][gc,phases   ] GC(14)   Other: 0.1ms
[2025-12-11T08:53:36.126+0800][gc,heap     ] GC(14) Eden regions: 224->0(247)
[2025-12-11T08:53:36.126+0800][gc,heap     ] GC(14) Survivor regions: 32->9(32)
[2025-12-11T08:53:36.126+0800][gc,heap     ] GC(14) Old regions: 77->108
[2025-12-11T08:53:36.126+0800][gc,heap     ] GC(14) Humongous regions: 0->0
[2025-12-11T08:53:36.126+0800][gc,metaspace] GC(14) Metaspace: 80501K(81408K)->80501K(81408K) NonClass: 70534K(71040K)->70534K(71040K) Class: 9967K(10368K)->9967K(10368K)
[2025-12-11T08:53:36.126+0800][gc          ] GC(14) Pause Young (Normal) (G1 Evacuation Pause) 333M->116M(512M) 11.490ms
[2025-12-11T08:53:36.126+0800][gc,cpu      ] GC(14) User=0.06s Sys=0.01s Real=0.01s
[2025-12-11T08:53:36.846+0800][gc,start    ] GC(15) Pause Young (Concurrent Start) (G1 Evacuation Pause)
[2025-12-11T08:53:36.846+0800][gc,task     ] GC(15) Using 8 workers of 8 for evacuation
[2025-12-11T08:53:36.852+0800][gc,phases   ] GC(15)   Pre Evacuate Collection Set: 0.2ms
[2025-12-11T08:53:36.852+0800][gc,phases   ] GC(15)   Merge Heap Roots: 0.1ms
[2025-12-11T08:53:36.852+0800][gc,phases   ] GC(15)   Evacuate Collection Set: 5.1ms
[2025-12-11T08:53:36.852+0800][gc,phases   ] GC(15)   Post Evacuate Collection Set: 0.7ms
[2025-12-11T08:53:36.852+0800][gc,phases   ] GC(15)   Other: 0.1ms
[2025-12-11T08:53:36.852+0800][gc,heap     ] GC(15) Eden regions: 247->0(238)
[2025-12-11T08:53:36.852+0800][gc,heap     ] GC(15) Survivor regions: 9->18(32)
[2025-12-11T08:53:36.852+0800][gc,heap     ] GC(15) Old regions: 108->108
[2025-12-11T08:53:36.852+0800][gc,heap     ] GC(15) Humongous regions: 0->0
[2025-12-11T08:53:36.852+0800][gc,metaspace] GC(15) Metaspace: 84339K(85440K)->84339K(85440K) NonClass: 73862K(74432K)->73862K(74432K) Class: 10477K(11008K)->10477K(11008K)
[2025-12-11T08:53:36.852+0800][gc          ] GC(15) Pause Young (Concurrent Start) (G1 Evacuation Pause) 363M->125M(512M) 6.204ms
[2025-12-11T08:53:36.852+0800][gc          ] GC(16) Concurrent Mark Cycle
[2025-12-11T08:53:36.852+0800][gc,marking  ] GC(16) Concurrent Scan Root Regions
[2025-12-11T08:53:36.852+0800][gc,cpu      ] GC(15) User=0.04s Sys=0.00s Real=0.01s
[2025-12-11T08:53:36.858+0800][gc,marking  ] GC(16) Concurrent Scan Root Regions 5.613ms
[2025-12-11T08:53:36.858+0800][gc,marking  ] GC(16) Concurrent Mark
[2025-12-11T08:53:36.858+0800][gc,marking  ] GC(16) Concurrent Mark From Roots
[2025-12-11T08:53:36.858+0800][gc,task     ] GC(16) Using 2 workers of 2 for marking
[2025-12-11T08:53:36.894+0800][gc,marking  ] GC(16) Concurrent Mark From Roots 36.283ms
[2025-12-11T08:53:36.894+0800][gc,marking  ] GC(16) Concurrent Preclean
[2025-12-11T08:53:36.894+0800][gc,marking  ] GC(16) Concurrent Preclean 0.100ms
[2025-12-11T08:53:36.894+0800][gc,start    ] GC(16) Pause Remark
[2025-12-11T08:53:36.903+0800][gc          ] GC(16) Pause Remark 143M->143M(512M) 8.157ms
[2025-12-11T08:53:36.903+0800][gc,cpu      ] GC(16) User=0.06s Sys=0.00s Real=0.01s
[2025-12-11T08:53:36.903+0800][gc,marking  ] GC(16) Concurrent Mark 44.862ms
[2025-12-11T08:53:36.903+0800][gc,marking  ] GC(16) Concurrent Rebuild Remembered Sets and Scrub Regions
[2025-12-11T08:53:36.920+0800][gc,marking  ] GC(16) Concurrent Rebuild Remembered Sets and Scrub Regions 17.760ms
[2025-12-11T08:53:36.921+0800][gc,start    ] GC(16) Pause Cleanup
[2025-12-11T08:53:36.921+0800][gc          ] GC(16) Pause Cleanup 145M->145M(512M) 0.142ms
[2025-12-11T08:53:36.921+0800][gc,cpu      ] GC(16) User=0.00s Sys=0.00s Real=0.00s
[2025-12-11T08:53:36.921+0800][gc,marking  ] GC(16) Concurrent Clear Claimed Marks
[2025-12-11T08:53:36.921+0800][gc,marking  ] GC(16) Concurrent Clear Claimed Marks 0.060ms
[2025-12-11T08:53:36.921+0800][gc,marking  ] GC(16) Concurrent Cleanup for Next Mark
[2025-12-11T08:53:36.921+0800][gc,marking  ] GC(16) Concurrent Cleanup for Next Mark 0.243ms
[2025-12-11T08:53:36.921+0800][gc          ] GC(16) Concurrent Mark Cycle 69.031ms
[2025-12-11T09:33:55.694+0800][gc,start    ] GC(17) Pause Young (Prepare Mixed) (G1 Evacuation Pause)
[2025-12-11T09:33:55.695+0800][gc,task     ] GC(17) Using 8 workers of 8 for evacuation
[2025-12-11T09:33:55.742+0800][gc,phases   ] GC(17)   Pre Evacuate Collection Set: 1.2ms
[2025-12-11T09:33:55.742+0800][gc,phases   ] GC(17)   Merge Heap Roots: 0.4ms
[2025-12-11T09:33:55.742+0800][gc,phases   ] GC(17)   Evacuate Collection Set: 43.4ms
[2025-12-11T09:33:55.742+0800][gc,phases   ] GC(17)   Post Evacuate Collection Set: 1.6ms
[2025-12-11T09:33:55.742+0800][gc,phases   ] GC(17)   Other: 0.2ms
[2025-12-11T09:33:55.742+0800][gc,heap     ] GC(17) Eden regions: 238->0(237)
[2025-12-11T09:33:55.742+0800][gc,heap     ] GC(17) Survivor regions: 18->19(32)
[2025-12-11T09:33:55.742+0800][gc,heap     ] GC(17) Old regions: 108->114
[2025-12-11T09:33:55.742+0800][gc,heap     ] GC(17) Humongous regions: 0->0
[2025-12-11T09:33:55.742+0800][gc,metaspace] GC(17) Metaspace: 89905K(91136K)->89905K(91136K) NonClass: 79070K(79680K)->79070K(79680K) Class: 10834K(11456K)->10834K(11456K)
[2025-12-11T09:33:55.742+0800][gc          ] GC(17) Pause Young (Prepare Mixed) (G1 Evacuation Pause) 363M->132M(512M) 47.443ms
[2025-12-11T09:33:55.742+0800][gc,cpu      ] GC(17) User=0.07s Sys=0.16s Real=0.05s
[2025-12-11T10:44:34.696+0800][gc,start    ] GC(18) Pause Young (Mixed) (G1 Evacuation Pause)
[2025-12-11T10:44:34.697+0800][gc,task     ] GC(18) Using 8 workers of 8 for evacuation
[2025-12-11T10:44:34.775+0800][gc,phases   ] GC(18)   Pre Evacuate Collection Set: 2.4ms
[2025-12-11T10:44:34.775+0800][gc,phases   ] GC(18)   Merge Heap Roots: 0.4ms
[2025-12-11T10:44:34.775+0800][gc,phases   ] GC(18)   Evacuate Collection Set: 73.3ms
[2025-12-11T10:44:34.775+0800][gc,phases   ] GC(18)   Post Evacuate Collection Set: 1.5ms
[2025-12-11T10:44:34.775+0800][gc,phases   ] GC(18)   Other: 0.3ms
[2025-12-11T10:44:34.775+0800][gc,heap     ] GC(18) Eden regions: 237->0(244)
[2025-12-11T10:44:34.775+0800][gc,heap     ] GC(18) Survivor regions: 19->12(32)
[2025-12-11T10:44:34.775+0800][gc,heap     ] GC(18) Old regions: 114->122
[2025-12-11T10:44:34.775+0800][gc,heap     ] GC(18) Humongous regions: 0->0
[2025-12-11T10:44:34.775+0800][gc,metaspace] GC(18) Metaspace: 90101K(91392K)->90101K(91392K) NonClass: 79256K(79936K)->79256K(79936K) Class: 10845K(11456K)->10845K(11456K)
[2025-12-11T10:44:34.775+0800][gc          ] GC(18) Pause Young (Mixed) (G1 Evacuation Pause) 369M->132M(512M) 81.276ms
[2025-12-11T10:44:34.775+0800][gc,cpu      ] GC(18) User=0.05s Sys=0.18s Real=0.08s
[2025-12-11T13:33:06.412+0800][gc,start    ] GC(19) Pause Young (Mixed) (G1 Evacuation Pause)
[2025-12-11T13:33:06.413+0800][gc,task     ] GC(19) Using 8 workers of 8 for evacuation
[2025-12-11T13:33:06.463+0800][gc,phases   ] GC(19)   Pre Evacuate Collection Set: 1.3ms
[2025-12-11T13:33:06.463+0800][gc,phases   ] GC(19)   Merge Heap Roots: 0.2ms
[2025-12-11T13:33:06.463+0800][gc,phases   ] GC(19)   Evacuate Collection Set: 45.4ms
[2025-12-11T13:33:06.463+0800][gc,phases   ] GC(19)   Post Evacuate Collection Set: 2.7ms
[2025-12-11T13:33:06.463+0800][gc,phases   ] GC(19)   Other: 0.3ms
[2025-12-11T13:33:06.463+0800][gc,heap     ] GC(19) Eden regions: 244->0(245)
[2025-12-11T13:33:06.463+0800][gc,heap     ] GC(19) Survivor regions: 12->11(32)
[2025-12-11T13:33:06.463+0800][gc,heap     ] GC(19) Old regions: 122->121
[2025-12-11T13:33:06.463+0800][gc,heap     ] GC(19) Humongous regions: 0->0
[2025-12-11T13:33:06.463+0800][gc,metaspace] GC(19) Metaspace: 90221K(91520K)->90221K(91520K) NonClass: 79369K(80064K)->79369K(80064K) Class: 10852K(11456K)->10852K(11456K)
[2025-12-11T13:33:06.463+0800][gc          ] GC(19) Pause Young (Mixed) (G1 Evacuation Pause) 376M->131M(512M) 53.606ms
[2025-12-11T13:33:06.463+0800][gc,cpu      ] GC(19) User=0.03s Sys=0.15s Real=0.05s
[2025-12-11T14:51:09.683+0800][gc,start    ] GC(20) Pause Young (Mixed) (G1 Evacuation Pause)
[2025-12-11T14:51:09.684+0800][gc,task     ] GC(20) Using 8 workers of 8 for evacuation
[2025-12-11T14:51:09.714+0800][gc,phases   ] GC(20)   Pre Evacuate Collection Set: 1.3ms
[2025-12-11T14:51:09.714+0800][gc,phases   ] GC(20)   Merge Heap Roots: 0.2ms
[2025-12-11T14:51:09.714+0800][gc,phases   ] GC(20)   Evacuate Collection Set: 26.6ms
[2025-12-11T14:51:09.714+0800][gc,phases   ] GC(20)   Post Evacuate Collection Set: 1.9ms
[2025-12-11T14:51:09.714+0800][gc,phases   ] GC(20)   Other: 0.2ms
[2025-12-11T14:51:09.714+0800][gc,heap     ] GC(20) Eden regions: 245->0(244)
[2025-12-11T14:51:09.714+0800][gc,heap     ] GC(20) Survivor regions: 11->12(32)
[2025-12-11T14:51:09.714+0800][gc,heap     ] GC(20) Old regions: 121->120
[2025-12-11T14:51:09.714+0800][gc,heap     ] GC(20) Humongous regions: 0->0
[2025-12-11T14:51:09.714+0800][gc,metaspace] GC(20) Metaspace: 90283K(91584K)->90283K(91584K) NonClass: 79430K(80128K)->79430K(80128K) Class: 10853K(11456K)->10853K(11456K)
[2025-12-11T14:51:09.714+0800][gc          ] GC(20) Pause Young (Mixed) (G1 Evacuation Pause) 376M->130M(512M) 31.559ms
[2025-12-11T14:51:09.715+0800][gc,cpu      ] GC(20) User=0.03s Sys=0.10s Real=0.03s
[2025-12-11T16:09:46.892+0800][gc,start    ] GC(21) Pause Young (Mixed) (G1 Evacuation Pause)
[2025-12-11T16:09:46.893+0800][gc,task     ] GC(21) Using 8 workers of 8 for evacuation
[2025-12-11T16:09:46.950+0800][gc,phases   ] GC(21)   Pre Evacuate Collection Set: 2.0ms
[2025-12-11T16:09:46.950+0800][gc,phases   ] GC(21)   Merge Heap Roots: 0.2ms
[2025-12-11T16:09:46.950+0800][gc,phases   ] GC(21)   Evacuate Collection Set: 52.6ms
[2025-12-11T16:09:46.950+0800][gc,phases   ] GC(21)   Post Evacuate Collection Set: 1.6ms
[2025-12-11T16:09:46.950+0800][gc,phases   ] GC(21)   Other: 0.2ms
[2025-12-11T16:09:46.950+0800][gc,heap     ] GC(21) Eden regions: 244->0(244)
[2025-12-11T16:09:46.950+0800][gc,heap     ] GC(21) Survivor regions: 12->12(32)
[2025-12-11T16:09:46.950+0800][gc,heap     ] GC(21) Old regions: 120->119
[2025-12-11T16:09:46.950+0800][gc,heap     ] GC(21) Humongous regions: 0->0
[2025-12-11T16:09:46.950+0800][gc,metaspace] GC(21) Metaspace: 90316K(91584K)->90316K(91584K) NonClass: 79463K(80128K)->79463K(80128K) Class: 10853K(11456K)->10853K(11456K)
[2025-12-11T16:09:46.950+0800][gc          ] GC(21) Pause Young (Mixed) (G1 Evacuation Pause) 374M->129M(512M) 58.526ms
[2025-12-11T16:09:46.950+0800][gc,cpu      ] GC(21) User=0.04s Sys=0.16s Real=0.06s
[2025-12-11T17:18:40.514+0800][gc,heap,exit] Heap
[2025-12-11T17:18:40.515+0800][gc,heap,exit]  garbage-first heap   total 524288K, used 371678K [0x00000007e0000000, 0x0000000800000000)
[2025-12-11T17:18:40.515+0800][gc,heap,exit]   region size 1024K, 246 young (251904K), 12 survivors (12288K)
[2025-12-11T17:18:40.515+0800][gc,heap,exit]  Metaspace       used 90795K, committed 92096K, reserved 1179648K
[2025-12-11T17:18:40.515+0800][gc,heap,exit]   class space    used 10921K, committed 11520K, reserved 1048576K
