[2025-12-08T09:13:03.770+0800][gc,init] CardTable entry size: 512
[2025-12-08T09:13:03.770+0800][gc     ] Using G1
[2025-12-08T09:13:03.771+0800][gc,init] Version: 21.0.8+12-LTS-250 (release)
[2025-12-08T09:13:03.771+0800][gc,init] CPUs: 8 total, 8 available
[2025-12-08T09:13:03.771+0800][gc,init] Memory: 16384M
[2025-12-08T09:13:03.771+0800][gc,init] Large Page Support: Disabled
[2025-12-08T09:13:03.771+0800][gc,init] NUMA Support: Disabled
[2025-12-08T09:13:03.771+0800][gc,init] Compressed Oops: Enabled (Zero based)
[2025-12-08T09:13:03.771+0800][gc,init] Heap Region Size: 1M
[2025-12-08T09:13:03.771+0800][gc,init] Heap Min Capacity: 512M
[2025-12-08T09:13:03.771+0800][gc,init] Heap Initial Capacity: 512M
[2025-12-08T09:13:03.771+0800][gc,init] Heap Max Capacity: 512M
[2025-12-08T09:13:03.771+0800][gc,init] Pre-touch: Disabled
[2025-12-08T09:13:03.771+0800][gc,init] Parallel Workers: 8
[2025-12-08T09:13:03.771+0800][gc,init] Concurrent Workers: 2
[2025-12-08T09:13:03.771+0800][gc,init] Concurrent Refinement Workers: 8
[2025-12-08T09:13:03.771+0800][gc,init] Periodic GC: Disabled
[2025-12-08T09:13:03.774+0800][gc,metaspace] CDS archive(s) mapped at: [0x0000007000000000-0x0000007000ca8000-0x0000007000ca8000), size 13271040, SharedBaseAddress: 0x0000007000000000, ArchiveRelocationMode: 1.
[2025-12-08T09:13:03.774+0800][gc,metaspace] Compressed class space mapped at: 0x0000007001000000-0x0000007041000000, reserved size: 1073741824
[2025-12-08T09:13:03.774+0800][gc,metaspace] Narrow klass base: 0x0000007000000000, Narrow klass shift: 0, Narrow klass range: 0x100000000
[2025-12-08T09:13:04.558+0800][gc,start    ] GC(0) Pause Young (Normal) (G1 Evacuation Pause)
[2025-12-08T09:13:04.558+0800][gc,task     ] GC(0) Using 8 workers of 8 for evacuation
[2025-12-08T09:13:04.562+0800][gc,phases   ] GC(0)   Pre Evacuate Collection Set: 0.1ms
[2025-12-08T09:13:04.562+0800][gc,phases   ] GC(0)   Merge Heap Roots: 0.1ms
[2025-12-08T09:13:04.562+0800][gc,phases   ] GC(0)   Evacuate Collection Set: 3.8ms
[2025-12-08T09:13:04.562+0800][gc,phases   ] GC(0)   Post Evacuate Collection Set: 0.4ms
[2025-12-08T09:13:04.562+0800][gc,phases   ] GC(0)   Other: 0.2ms
[2025-12-08T09:13:04.562+0800][gc,heap     ] GC(0) Eden regions: 256->0(245)
[2025-12-08T09:13:04.562+0800][gc,heap     ] GC(0) Survivor regions: 0->11(32)
[2025-12-08T09:13:04.562+0800][gc,heap     ] GC(0) Old regions: 2->2
[2025-12-08T09:13:04.562+0800][gc,heap     ] GC(0) Humongous regions: 0->0
[2025-12-08T09:13:04.562+0800][gc,metaspace] GC(0) Metaspace: 15150K(15552K)->15150K(15552K) NonClass: 13352K(13568K)->13352K(13568K) Class: 1798K(1984K)->1798K(1984K)
[2025-12-08T09:13:04.562+0800][gc          ] GC(0) Pause Young (Normal) (G1 Evacuation Pause) 257M->11M(512M) 4.809ms
[2025-12-08T09:13:04.562+0800][gc,cpu      ] GC(0) User=0.02s Sys=0.01s Real=0.01s
[2025-12-08T09:13:04.765+0800][gc,start    ] GC(1) Pause Young (Concurrent Start) (Metadata GC Threshold)
[2025-12-08T09:13:04.765+0800][gc,task     ] GC(1) Using 8 workers of 8 for evacuation
[2025-12-08T09:13:04.770+0800][gc,phases   ] GC(1)   Pre Evacuate Collection Set: 0.1ms
[2025-12-08T09:13:04.770+0800][gc,phases   ] GC(1)   Merge Heap Roots: 0.0ms
[2025-12-08T09:13:04.770+0800][gc,phases   ] GC(1)   Evacuate Collection Set: 4.1ms
[2025-12-08T09:13:04.770+0800][gc,phases   ] GC(1)   Post Evacuate Collection Set: 0.5ms
[2025-12-08T09:13:04.770+0800][gc,phases   ] GC(1)   Other: 0.0ms
[2025-12-08T09:13:04.770+0800][gc,heap     ] GC(1) Eden regions: 145->0(236)
[2025-12-08T09:13:04.770+0800][gc,heap     ] GC(1) Survivor regions: 11->20(32)
[2025-12-08T09:13:04.770+0800][gc,heap     ] GC(1) Old regions: 2->2
[2025-12-08T09:13:04.770+0800][gc,heap     ] GC(1) Humongous regions: 0->0
[2025-12-08T09:13:04.770+0800][gc,metaspace] GC(1) Metaspace: 21062K(21504K)->21062K(21504K) NonClass: 18515K(18752K)->18515K(18752K) Class: 2547K(2752K)->2547K(2752K)
[2025-12-08T09:13:04.770+0800][gc          ] GC(1) Pause Young (Concurrent Start) (Metadata GC Threshold) 156M->21M(512M) 4.954ms
[2025-12-08T09:13:04.770+0800][gc,cpu      ] GC(1) User=0.03s Sys=0.00s Real=0.01s
[2025-12-08T09:13:04.770+0800][gc          ] GC(2) Concurrent Mark Cycle
[2025-12-08T09:13:04.770+0800][gc,marking  ] GC(2) Concurrent Scan Root Regions
[2025-12-08T09:13:04.773+0800][gc,marking  ] GC(2) Concurrent Scan Root Regions 3.102ms
[2025-12-08T09:13:04.773+0800][gc,marking  ] GC(2) Concurrent Mark
[2025-12-08T09:13:04.773+0800][gc,marking  ] GC(2) Concurrent Mark From Roots
[2025-12-08T09:13:04.773+0800][gc,task     ] GC(2) Using 2 workers of 2 for marking
[2025-12-08T09:13:04.774+0800][gc,marking  ] GC(2) Concurrent Mark From Roots 0.868ms
[2025-12-08T09:13:04.774+0800][gc,marking  ] GC(2) Concurrent Preclean
[2025-12-08T09:13:04.774+0800][gc,marking  ] GC(2) Concurrent Preclean 0.008ms
[2025-12-08T09:13:04.774+0800][gc,start    ] GC(2) Pause Remark
[2025-12-08T09:13:04.775+0800][gc          ] GC(2) Pause Remark 22M->22M(512M) 1.299ms
[2025-12-08T09:13:04.775+0800][gc,cpu      ] GC(2) User=0.01s Sys=0.00s Real=0.00s
[2025-12-08T09:13:04.775+0800][gc,marking  ] GC(2) Concurrent Mark 2.333ms
[2025-12-08T09:13:04.775+0800][gc,marking  ] GC(2) Concurrent Rebuild Remembered Sets and Scrub Regions
[2025-12-08T09:13:04.776+0800][gc,marking  ] GC(2) Concurrent Rebuild Remembered Sets and Scrub Regions 0.376ms
[2025-12-08T09:13:04.776+0800][gc,start    ] GC(2) Pause Cleanup
[2025-12-08T09:13:04.776+0800][gc          ] GC(2) Pause Cleanup 22M->22M(512M) 0.058ms
[2025-12-08T09:13:04.776+0800][gc,cpu      ] GC(2) User=0.00s Sys=0.00s Real=0.00s
[2025-12-08T09:13:04.776+0800][gc,marking  ] GC(2) Concurrent Clear Claimed Marks
[2025-12-08T09:13:04.776+0800][gc,marking  ] GC(2) Concurrent Clear Claimed Marks 0.016ms
[2025-12-08T09:13:04.776+0800][gc,marking  ] GC(2) Concurrent Cleanup for Next Mark
[2025-12-08T09:13:04.777+0800][gc,marking  ] GC(2) Concurrent Cleanup for Next Mark 0.806ms
[2025-12-08T09:13:04.777+0800][gc          ] GC(2) Concurrent Mark Cycle 6.875ms
[2025-12-08T09:13:05.087+0800][gc,start    ] GC(3) Pause Young (Prepare Mixed) (G1 Evacuation Pause)
[2025-12-08T09:13:05.088+0800][gc,task     ] GC(3) Using 8 workers of 8 for evacuation
[2025-12-08T09:13:05.101+0800][gc,phases   ] GC(3)   Pre Evacuate Collection Set: 0.2ms
[2025-12-08T09:13:05.101+0800][gc,phases   ] GC(3)   Merge Heap Roots: 0.1ms
[2025-12-08T09:13:05.101+0800][gc,phases   ] GC(3)   Evacuate Collection Set: 12.2ms
[2025-12-08T09:13:05.101+0800][gc,phases   ] GC(3)   Post Evacuate Collection Set: 0.8ms
[2025-12-08T09:13:05.101+0800][gc,phases   ] GC(3)   Other: 0.0ms
[2025-12-08T09:13:05.101+0800][gc,heap     ] GC(3) Eden regions: 236->0(224)
[2025-12-08T09:13:05.101+0800][gc,heap     ] GC(3) Survivor regions: 20->32(32)
[2025-12-08T09:13:05.101+0800][gc,heap     ] GC(3) Old regions: 2->13
[2025-12-08T09:13:05.101+0800][gc,heap     ] GC(3) Humongous regions: 0->0
[2025-12-08T09:13:05.101+0800][gc,metaspace] GC(3) Metaspace: 21442K(21952K)->21442K(21952K) NonClass: 18841K(19136K)->18841K(19136K) Class: 2601K(2816K)->2601K(2816K)
[2025-12-08T09:13:05.101+0800][gc          ] GC(3) Pause Young (Prepare Mixed) (G1 Evacuation Pause) 257M->43M(512M) 13.460ms
[2025-12-08T09:13:05.101+0800][gc,cpu      ] GC(3) User=0.10s Sys=0.00s Real=0.02s
[2025-12-08T09:13:05.585+0800][gc,start    ] GC(4) Pause Young (Mixed) (G1 Evacuation Pause)
[2025-12-08T09:13:05.585+0800][gc,task     ] GC(4) Using 8 workers of 8 for evacuation
[2025-12-08T09:13:05.594+0800][gc,phases   ] GC(4)   Pre Evacuate Collection Set: 0.1ms
[2025-12-08T09:13:05.594+0800][gc,phases   ] GC(4)   Merge Heap Roots: 0.1ms
[2025-12-08T09:13:05.595+0800][gc,phases   ] GC(4)   Evacuate Collection Set: 8.2ms
[2025-12-08T09:13:05.595+0800][gc,phases   ] GC(4)   Post Evacuate Collection Set: 0.5ms
[2025-12-08T09:13:05.595+0800][gc,phases   ] GC(4)   Other: 0.0ms
[2025-12-08T09:13:05.595+0800][gc,heap     ] GC(4) Eden regions: 224->0(248)
[2025-12-08T09:13:05.595+0800][gc,heap     ] GC(4) Survivor regions: 32->8(32)
[2025-12-08T09:13:05.595+0800][gc,heap     ] GC(4) Old regions: 13->43
[2025-12-08T09:13:05.595+0800][gc,heap     ] GC(4) Humongous regions: 0->0
[2025-12-08T09:13:05.595+0800][gc,metaspace] GC(4) Metaspace: 27441K(27904K)->27441K(27904K) NonClass: 24123K(24384K)->24123K(24384K) Class: 3318K(3520K)->3318K(3520K)
[2025-12-08T09:13:05.595+0800][gc          ] GC(4) Pause Young (Mixed) (G1 Evacuation Pause) 267M->50M(512M) 9.143ms
[2025-12-08T09:13:05.595+0800][gc,cpu      ] GC(4) User=0.06s Sys=0.00s Real=0.01s
[2025-12-08T09:13:05.897+0800][gc,start    ] GC(5) Pause Young (Concurrent Start) (Metadata GC Threshold)
[2025-12-08T09:13:05.897+0800][gc,task     ] GC(5) Using 8 workers of 8 for evacuation
[2025-12-08T09:13:05.901+0800][gc,phases   ] GC(5)   Pre Evacuate Collection Set: 0.1ms
[2025-12-08T09:13:05.901+0800][gc,phases   ] GC(5)   Merge Heap Roots: 0.0ms
[2025-12-08T09:13:05.901+0800][gc,phases   ] GC(5)   Evacuate Collection Set: 3.1ms
[2025-12-08T09:13:05.901+0800][gc,phases   ] GC(5)   Post Evacuate Collection Set: 0.3ms
[2025-12-08T09:13:05.901+0800][gc,phases   ] GC(5)   Other: 0.0ms
[2025-12-08T09:13:05.901+0800][gc,heap     ] GC(5) Eden regions: 123->0(248)
[2025-12-08T09:13:05.901+0800][gc,heap     ] GC(5) Survivor regions: 8->8(32)
[2025-12-08T09:13:05.901+0800][gc,heap     ] GC(5) Old regions: 43->43
[2025-12-08T09:13:05.901+0800][gc,heap     ] GC(5) Humongous regions: 0->0
[2025-12-08T09:13:05.901+0800][gc,metaspace] GC(5) Metaspace: 35451K(35968K)->35451K(35968K) NonClass: 31104K(31360K)->31104K(31360K) Class: 4346K(4608K)->4346K(4608K)
[2025-12-08T09:13:05.901+0800][gc          ] GC(5) Pause Young (Concurrent Start) (Metadata GC Threshold) 173M->50M(512M) 3.728ms
[2025-12-08T09:13:05.901+0800][gc          ] GC(6) Concurrent Mark Cycle
[2025-12-08T09:13:05.901+0800][gc,cpu      ] GC(5) User=0.02s Sys=0.00s Real=0.01s
[2025-12-08T09:13:05.901+0800][gc,marking  ] GC(6) Concurrent Scan Root Regions
[2025-12-08T09:13:05.903+0800][gc,marking  ] GC(6) Concurrent Scan Root Regions 2.149ms
[2025-12-08T09:13:05.903+0800][gc,marking  ] GC(6) Concurrent Mark
[2025-12-08T09:13:05.903+0800][gc,marking  ] GC(6) Concurrent Mark From Roots
[2025-12-08T09:13:05.903+0800][gc,task     ] GC(6) Using 2 workers of 2 for marking
[2025-12-08T09:13:05.920+0800][gc,marking  ] GC(6) Concurrent Mark From Roots 16.465ms
[2025-12-08T09:13:05.920+0800][gc,marking  ] GC(6) Concurrent Preclean
[2025-12-08T09:13:05.920+0800][gc,marking  ] GC(6) Concurrent Preclean 0.065ms
[2025-12-08T09:13:05.920+0800][gc,start    ] GC(6) Pause Remark
[2025-12-08T09:13:05.922+0800][gc          ] GC(6) Pause Remark 51M->51M(512M) 2.267ms
[2025-12-08T09:13:05.922+0800][gc,cpu      ] GC(6) User=0.01s Sys=0.01s Real=0.00s
[2025-12-08T09:13:05.922+0800][gc,marking  ] GC(6) Concurrent Mark 18.913ms
[2025-12-08T09:13:05.922+0800][gc,marking  ] GC(6) Concurrent Rebuild Remembered Sets and Scrub Regions
[2025-12-08T09:13:05.929+0800][gc,marking  ] GC(6) Concurrent Rebuild Remembered Sets and Scrub Regions 6.643ms
[2025-12-08T09:13:05.929+0800][gc,start    ] GC(6) Pause Cleanup
[2025-12-08T09:13:05.929+0800][gc          ] GC(6) Pause Cleanup 52M->52M(512M) 0.099ms
[2025-12-08T09:13:05.929+0800][gc,cpu      ] GC(6) User=0.00s Sys=0.00s Real=0.00s
[2025-12-08T09:13:05.929+0800][gc,marking  ] GC(6) Concurrent Clear Claimed Marks
[2025-12-08T09:13:05.929+0800][gc,marking  ] GC(6) Concurrent Clear Claimed Marks 0.034ms
[2025-12-08T09:13:05.929+0800][gc,marking  ] GC(6) Concurrent Cleanup for Next Mark
[2025-12-08T09:13:05.929+0800][gc,marking  ] GC(6) Concurrent Cleanup for Next Mark 0.442ms
[2025-12-08T09:13:05.929+0800][gc          ] GC(6) Concurrent Mark Cycle 28.478ms
[2025-12-08T09:13:06.706+0800][gc,start    ] GC(7) Pause Young (Prepare Mixed) (G1 Evacuation Pause)
[2025-12-08T09:13:06.706+0800][gc,task     ] GC(7) Using 8 workers of 8 for evacuation
[2025-12-08T09:13:06.710+0800][gc,phases   ] GC(7)   Pre Evacuate Collection Set: 0.1ms
[2025-12-08T09:13:06.710+0800][gc,phases   ] GC(7)   Merge Heap Roots: 0.1ms
[2025-12-08T09:13:06.710+0800][gc,phases   ] GC(7)   Evacuate Collection Set: 3.8ms
[2025-12-08T09:13:06.710+0800][gc,phases   ] GC(7)   Post Evacuate Collection Set: 0.6ms
[2025-12-08T09:13:06.710+0800][gc,phases   ] GC(7)   Other: 0.0ms
[2025-12-08T09:13:06.710+0800][gc,heap     ] GC(7) Eden regions: 248->0(238)
[2025-12-08T09:13:06.710+0800][gc,heap     ] GC(7) Survivor regions: 8->18(32)
[2025-12-08T09:13:06.710+0800][gc,heap     ] GC(7) Old regions: 43->43
[2025-12-08T09:13:06.710+0800][gc,heap     ] GC(7) Humongous regions: 0->0
[2025-12-08T09:13:06.710+0800][gc,metaspace] GC(7) Metaspace: 53063K(53696K)->53063K(53696K) NonClass: 46588K(46912K)->46588K(46912K) Class: 6475K(6784K)->6475K(6784K)
[2025-12-08T09:13:06.710+0800][gc          ] GC(7) Pause Young (Prepare Mixed) (G1 Evacuation Pause) 298M->59M(512M) 4.741ms
[2025-12-08T09:13:06.710+0800][gc,cpu      ] GC(7) User=0.03s Sys=0.00s Real=0.01s
[2025-12-08T09:13:06.892+0800][gc,start    ] GC(8) Pause Young (Mixed) (Metadata GC Threshold)
[2025-12-08T09:13:06.892+0800][gc,task     ] GC(8) Using 8 workers of 8 for evacuation
[2025-12-08T09:13:06.896+0800][gc,phases   ] GC(8)   Pre Evacuate Collection Set: 0.1ms
[2025-12-08T09:13:06.896+0800][gc,phases   ] GC(8)   Merge Heap Roots: 0.0ms
[2025-12-08T09:13:06.896+0800][gc,phases   ] GC(8)   Evacuate Collection Set: 3.6ms
[2025-12-08T09:13:06.896+0800][gc,phases   ] GC(8)   Post Evacuate Collection Set: 0.4ms
[2025-12-08T09:13:06.896+0800][gc,phases   ] GC(8)   Other: 0.0ms
[2025-12-08T09:13:06.896+0800][gc,heap     ] GC(8) Eden regions: 104->0(236)
[2025-12-08T09:13:06.896+0800][gc,heap     ] GC(8) Survivor regions: 18->20(32)
[2025-12-08T09:13:06.896+0800][gc,heap     ] GC(8) Old regions: 43->42
[2025-12-08T09:13:06.896+0800][gc,heap     ] GC(8) Humongous regions: 0->0
[2025-12-08T09:13:06.896+0800][gc,metaspace] GC(8) Metaspace: 60449K(61120K)->60449K(61120K) NonClass: 53129K(53504K)->53129K(53504K) Class: 7320K(7616K)->7320K(7616K)
[2025-12-08T09:13:06.896+0800][gc          ] GC(8) Pause Young (Mixed) (Metadata GC Threshold) 163M->61M(512M) 4.385ms
[2025-12-08T09:13:06.896+0800][gc,cpu      ] GC(8) User=0.02s Sys=0.00s Real=0.00s
[2025-12-08T09:13:06.904+0800][gc,start    ] GC(9) Pause Young (Concurrent Start) (GCLocker Initiated GC)
[2025-12-08T09:13:06.904+0800][gc,task     ] GC(9) Using 8 workers of 8 for evacuation
[2025-12-08T09:13:06.909+0800][gc,phases   ] GC(9)   Pre Evacuate Collection Set: 0.2ms
[2025-12-08T09:13:06.909+0800][gc,phases   ] GC(9)   Merge Heap Roots: 0.0ms
[2025-12-08T09:13:06.909+0800][gc,phases   ] GC(9)   Evacuate Collection Set: 4.2ms
[2025-12-08T09:13:06.909+0800][gc,phases   ] GC(9)   Post Evacuate Collection Set: 0.4ms
[2025-12-08T09:13:06.909+0800][gc,phases   ] GC(9)   Other: 0.0ms
[2025-12-08T09:13:06.909+0800][gc,heap     ] GC(9) Eden regions: 7->0(241)
[2025-12-08T09:13:06.909+0800][gc,heap     ] GC(9) Survivor regions: 20->15(32)
[2025-12-08T09:13:06.909+0800][gc,heap     ] GC(9) Old regions: 42->47
[2025-12-08T09:13:06.909+0800][gc,heap     ] GC(9) Humongous regions: 0->0
[2025-12-08T09:13:06.909+0800][gc,metaspace] GC(9) Metaspace: 60748K(61504K)->60748K(61504K) NonClass: 53394K(53824K)->53394K(53824K) Class: 7354K(7680K)->7354K(7680K)
[2025-12-08T09:13:06.909+0800][gc          ] GC(9) Pause Young (Concurrent Start) (GCLocker Initiated GC) 68M->61M(512M) 4.935ms
[2025-12-08T09:13:06.909+0800][gc          ] GC(10) Concurrent Mark Cycle
[2025-12-08T09:13:06.909+0800][gc,marking  ] GC(10) Concurrent Scan Root Regions
[2025-12-08T09:13:06.909+0800][gc,cpu      ] GC(9) User=0.03s Sys=0.00s Real=0.00s
[2025-12-08T09:13:06.913+0800][gc,marking  ] GC(10) Concurrent Scan Root Regions 4.042ms
[2025-12-08T09:13:06.913+0800][gc,marking  ] GC(10) Concurrent Mark
[2025-12-08T09:13:06.913+0800][gc,marking  ] GC(10) Concurrent Mark From Roots
[2025-12-08T09:13:06.913+0800][gc,task     ] GC(10) Using 2 workers of 2 for marking
[2025-12-08T09:13:06.928+0800][gc,marking  ] GC(10) Concurrent Mark From Roots 15.043ms
[2025-12-08T09:13:06.928+0800][gc,marking  ] GC(10) Concurrent Preclean
[2025-12-08T09:13:06.928+0800][gc,marking  ] GC(10) Concurrent Preclean 0.090ms
[2025-12-08T09:13:06.928+0800][gc,start    ] GC(10) Pause Remark
[2025-12-08T09:13:06.931+0800][gc          ] GC(10) Pause Remark 76M->76M(512M) 2.577ms
[2025-12-08T09:13:06.931+0800][gc,cpu      ] GC(10) User=0.02s Sys=0.00s Real=0.01s
[2025-12-08T09:13:06.931+0800][gc,marking  ] GC(10) Concurrent Mark 17.909ms
[2025-12-08T09:13:06.931+0800][gc,marking  ] GC(10) Concurrent Rebuild Remembered Sets and Scrub Regions
[2025-12-08T09:13:06.939+0800][gc,marking  ] GC(10) Concurrent Rebuild Remembered Sets and Scrub Regions 8.179ms
[2025-12-08T09:13:06.939+0800][gc,start    ] GC(10) Pause Cleanup
[2025-12-08T09:13:06.940+0800][gc          ] GC(10) Pause Cleanup 80M->80M(512M) 0.068ms
[2025-12-08T09:13:06.940+0800][gc,cpu      ] GC(10) User=0.00s Sys=0.00s Real=0.01s
[2025-12-08T09:13:06.940+0800][gc,marking  ] GC(10) Concurrent Clear Claimed Marks
[2025-12-08T09:13:06.940+0800][gc,marking  ] GC(10) Concurrent Clear Claimed Marks 0.059ms
[2025-12-08T09:13:06.940+0800][gc,marking  ] GC(10) Concurrent Cleanup for Next Mark
[2025-12-08T09:13:06.940+0800][gc,marking  ] GC(10) Concurrent Cleanup for Next Mark 0.221ms
[2025-12-08T09:13:06.940+0800][gc          ] GC(10) Concurrent Mark Cycle 30.726ms
[2025-12-08T09:13:07.961+0800][gc,start    ] GC(11) Pause Young (Prepare Mixed) (G1 Evacuation Pause)
[2025-12-08T09:13:07.961+0800][gc,task     ] GC(11) Using 8 workers of 8 for evacuation
[2025-12-08T09:13:07.968+0800][gc,phases   ] GC(11)   Pre Evacuate Collection Set: 0.2ms
[2025-12-08T09:13:07.968+0800][gc,phases   ] GC(11)   Merge Heap Roots: 0.1ms
[2025-12-08T09:13:07.968+0800][gc,phases   ] GC(11)   Evacuate Collection Set: 6.4ms
[2025-12-08T09:13:07.968+0800][gc,phases   ] GC(11)   Post Evacuate Collection Set: 0.6ms
[2025-12-08T09:13:07.968+0800][gc,phases   ] GC(11)   Other: 0.0ms
[2025-12-08T09:13:07.968+0800][gc,heap     ] GC(11) Eden regions: 241->0(224)
[2025-12-08T09:13:07.968+0800][gc,heap     ] GC(11) Survivor regions: 15->32(32)
[2025-12-08T09:13:07.968+0800][gc,heap     ] GC(11) Old regions: 47->47
[2025-12-08T09:13:07.968+0800][gc,heap     ] GC(11) Humongous regions: 0->0
[2025-12-08T09:13:07.968+0800][gc,metaspace] GC(11) Metaspace: 72345K(73088K)->72345K(73088K) NonClass: 63548K(63936K)->63548K(63936K) Class: 8797K(9152K)->8797K(9152K)
[2025-12-08T09:13:07.968+0800][gc          ] GC(11) Pause Young (Prepare Mixed) (G1 Evacuation Pause) 302M->78M(512M) 7.423ms
[2025-12-08T09:13:07.968+0800][gc,cpu      ] GC(11) User=0.04s Sys=0.00s Real=0.00s
[2025-12-08T09:13:08.380+0800][gc,start    ] GC(12) Pause Young (Mixed) (G1 Evacuation Pause)
[2025-12-08T09:13:08.380+0800][gc,task     ] GC(12) Using 8 workers of 8 for evacuation
[2025-12-08T09:13:08.390+0800][gc,phases   ] GC(12)   Pre Evacuate Collection Set: 0.2ms
[2025-12-08T09:13:08.390+0800][gc,phases   ] GC(12)   Merge Heap Roots: 0.1ms
[2025-12-08T09:13:08.390+0800][gc,phases   ] GC(12)   Evacuate Collection Set: 9.2ms
[2025-12-08T09:13:08.390+0800][gc,phases   ] GC(12)   Post Evacuate Collection Set: 0.7ms
[2025-12-08T09:13:08.390+0800][gc,phases   ] GC(12)   Other: 0.0ms
[2025-12-08T09:13:08.390+0800][gc,heap     ] GC(12) Eden regions: 224->0(246)
[2025-12-08T09:13:08.390+0800][gc,heap     ] GC(12) Survivor regions: 32->10(32)
[2025-12-08T09:13:08.390+0800][gc,heap     ] GC(12) Old regions: 47->78
[2025-12-08T09:13:08.390+0800][gc,heap     ] GC(12) Humongous regions: 0->0
[2025-12-08T09:13:08.390+0800][gc,metaspace] GC(12) Metaspace: 76470K(77312K)->76470K(77312K) NonClass: 67014K(67456K)->67014K(67456K) Class: 9455K(9856K)->9455K(9856K)
[2025-12-08T09:13:08.390+0800][gc          ] GC(12) Pause Young (Mixed) (G1 Evacuation Pause) 302M->87M(512M) 10.400ms
[2025-12-08T09:13:08.390+0800][gc,cpu      ] GC(12) User=0.06s Sys=0.01s Real=0.01s
[2025-12-08T09:13:08.643+0800][gc,start    ] GC(13) Pause Young (Normal) (G1 Evacuation Pause)
[2025-12-08T09:13:08.643+0800][gc,task     ] GC(13) Using 8 workers of 8 for evacuation
[2025-12-08T09:13:08.652+0800][gc,phases   ] GC(13)   Pre Evacuate Collection Set: 0.2ms
[2025-12-08T09:13:08.652+0800][gc,phases   ] GC(13)   Merge Heap Roots: 0.1ms
[2025-12-08T09:13:08.652+0800][gc,phases   ] GC(13)   Evacuate Collection Set: 7.7ms
[2025-12-08T09:13:08.652+0800][gc,phases   ] GC(13)   Post Evacuate Collection Set: 0.5ms
[2025-12-08T09:13:08.652+0800][gc,phases   ] GC(13)   Other: 0.0ms
[2025-12-08T09:13:08.652+0800][gc,heap     ] GC(13) Eden regions: 246->0(224)
[2025-12-08T09:13:08.652+0800][gc,heap     ] GC(13) Survivor regions: 10->32(32)
[2025-12-08T09:13:08.652+0800][gc,heap     ] GC(13) Old regions: 78->78
[2025-12-08T09:13:08.652+0800][gc,heap     ] GC(13) Humongous regions: 0->0
[2025-12-08T09:13:08.652+0800][gc,metaspace] GC(13) Metaspace: 76625K(77504K)->76625K(77504K) NonClass: 67150K(67648K)->67150K(67648K) Class: 9475K(9856K)->9475K(9856K)
[2025-12-08T09:13:08.652+0800][gc          ] GC(13) Pause Young (Normal) (G1 Evacuation Pause) 333M->110M(512M) 8.690ms
[2025-12-08T09:13:08.652+0800][gc,cpu      ] GC(13) User=0.05s Sys=0.00s Real=0.01s
[2025-12-08T09:13:09.139+0800][gc,start    ] GC(14) Pause Young (Concurrent Start) (G1 Evacuation Pause)
[2025-12-08T09:13:09.139+0800][gc,task     ] GC(14) Using 8 workers of 8 for evacuation
[2025-12-08T09:13:09.150+0800][gc,phases   ] GC(14)   Pre Evacuate Collection Set: 0.2ms
[2025-12-08T09:13:09.150+0800][gc,phases   ] GC(14)   Merge Heap Roots: 0.1ms
[2025-12-08T09:13:09.150+0800][gc,phases   ] GC(14)   Evacuate Collection Set: 10.0ms
[2025-12-08T09:13:09.150+0800][gc,phases   ] GC(14)   Post Evacuate Collection Set: 0.6ms
[2025-12-08T09:13:09.150+0800][gc,phases   ] GC(14)   Other: 0.1ms
[2025-12-08T09:13:09.150+0800][gc,heap     ] GC(14) Eden regions: 224->0(247)
[2025-12-08T09:13:09.150+0800][gc,heap     ] GC(14) Survivor regions: 32->9(32)
[2025-12-08T09:13:09.150+0800][gc,heap     ] GC(14) Old regions: 78->110
[2025-12-08T09:13:09.150+0800][gc,heap     ] GC(14) Humongous regions: 0->0
[2025-12-08T09:13:09.150+0800][gc,metaspace] GC(14) Metaspace: 81745K(82688K)->81745K(82688K) NonClass: 71647K(72128K)->71647K(72128K) Class: 10097K(10560K)->10097K(10560K)
[2025-12-08T09:13:09.150+0800][gc          ] GC(14) Pause Young (Concurrent Start) (G1 Evacuation Pause) 334M->118M(512M) 11.059ms
[2025-12-08T09:13:09.150+0800][gc          ] GC(15) Concurrent Mark Cycle
[2025-12-08T09:13:09.150+0800][gc,cpu      ] GC(14) User=0.04s Sys=0.00s Real=0.02s
[2025-12-08T09:13:09.150+0800][gc,marking  ] GC(15) Concurrent Scan Root Regions
[2025-12-08T09:13:09.158+0800][gc,marking  ] GC(15) Concurrent Scan Root Regions 7.848ms
[2025-12-08T09:13:09.158+0800][gc,marking  ] GC(15) Concurrent Mark
[2025-12-08T09:13:09.158+0800][gc,marking  ] GC(15) Concurrent Mark From Roots
[2025-12-08T09:13:09.158+0800][gc,task     ] GC(15) Using 2 workers of 2 for marking
[2025-12-08T09:13:09.186+0800][gc,marking  ] GC(15) Concurrent Mark From Roots 28.034ms
[2025-12-08T09:13:09.186+0800][gc,marking  ] GC(15) Concurrent Preclean
[2025-12-08T09:13:09.186+0800][gc,marking  ] GC(15) Concurrent Preclean 0.120ms
[2025-12-08T09:13:09.186+0800][gc,start    ] GC(15) Pause Remark
[2025-12-08T09:13:09.191+0800][gc          ] GC(15) Pause Remark 126M->126M(512M) 4.089ms
[2025-12-08T09:13:09.191+0800][gc,cpu      ] GC(15) User=0.02s Sys=0.00s Real=0.01s
[2025-12-08T09:13:09.191+0800][gc,marking  ] GC(15) Concurrent Mark 32.533ms
[2025-12-08T09:13:09.191+0800][gc,marking  ] GC(15) Concurrent Rebuild Remembered Sets and Scrub Regions
[2025-12-08T09:13:09.209+0800][gc,marking  ] GC(15) Concurrent Rebuild Remembered Sets and Scrub Regions 18.419ms
[2025-12-08T09:13:09.209+0800][gc,start    ] GC(15) Pause Cleanup
[2025-12-08T09:13:09.209+0800][gc          ] GC(15) Pause Cleanup 132M->132M(512M) 0.097ms
[2025-12-08T09:13:09.209+0800][gc,cpu      ] GC(15) User=0.00s Sys=0.00s Real=0.00s
[2025-12-08T09:13:09.209+0800][gc,marking  ] GC(15) Concurrent Clear Claimed Marks
[2025-12-08T09:13:09.209+0800][gc,marking  ] GC(15) Concurrent Clear Claimed Marks 0.063ms
[2025-12-08T09:13:09.209+0800][gc,marking  ] GC(15) Concurrent Cleanup for Next Mark
[2025-12-08T09:13:09.210+0800][gc,marking  ] GC(15) Concurrent Cleanup for Next Mark 0.229ms
[2025-12-08T09:13:09.210+0800][gc          ] GC(15) Concurrent Mark Cycle 59.469ms
[2025-12-08T09:13:09.768+0800][gc,start    ] GC(16) Pause Young (Prepare Mixed) (G1 Evacuation Pause)
[2025-12-08T09:13:09.768+0800][gc,task     ] GC(16) Using 8 workers of 8 for evacuation
[2025-12-08T09:13:09.779+0800][gc,phases   ] GC(16)   Pre Evacuate Collection Set: 0.2ms
[2025-12-08T09:13:09.779+0800][gc,phases   ] GC(16)   Merge Heap Roots: 0.1ms
[2025-12-08T09:13:09.779+0800][gc,phases   ] GC(16)   Evacuate Collection Set: 9.0ms
[2025-12-08T09:13:09.779+0800][gc,phases   ] GC(16)   Post Evacuate Collection Set: 1.4ms
[2025-12-08T09:13:09.779+0800][gc,phases   ] GC(16)   Other: 0.0ms
[2025-12-08T09:13:09.779+0800][gc,heap     ] GC(16) Eden regions: 247->0(239)
[2025-12-08T09:13:09.779+0800][gc,heap     ] GC(16) Survivor regions: 9->17(32)
[2025-12-08T09:13:09.779+0800][gc,heap     ] GC(16) Old regions: 110->110
[2025-12-08T09:13:09.779+0800][gc,heap     ] GC(16) Humongous regions: 0->0
[2025-12-08T09:13:09.779+0800][gc,metaspace] GC(16) Metaspace: 85621K(86720K)->85621K(86720K) NonClass: 74983K(75584K)->74983K(75584K) Class: 10638K(11136K)->10638K(11136K)
[2025-12-08T09:13:09.779+0800][gc          ] GC(16) Pause Young (Prepare Mixed) (G1 Evacuation Pause) 365M->126M(512M) 10.908ms
[2025-12-08T09:13:09.779+0800][gc,cpu      ] GC(16) User=0.05s Sys=0.00s Real=0.01s
[2025-12-08T09:54:54.324+0800][gc,start    ] GC(17) Pause Young (Mixed) (G1 Evacuation Pause)
[2025-12-08T09:54:54.327+0800][gc,task     ] GC(17) Using 8 workers of 8 for evacuation
[2025-12-08T09:54:54.366+0800][gc,phases   ] GC(17)   Pre Evacuate Collection Set: 1.8ms
[2025-12-08T09:54:54.366+0800][gc,phases   ] GC(17)   Merge Heap Roots: 0.4ms
[2025-12-08T09:54:54.366+0800][gc,phases   ] GC(17)   Evacuate Collection Set: 35.9ms
[2025-12-08T09:54:54.366+0800][gc,phases   ] GC(17)   Post Evacuate Collection Set: 1.0ms
[2025-12-08T09:54:54.366+0800][gc,phases   ] GC(17)   Other: 0.3ms
[2025-12-08T09:54:54.366+0800][gc,heap     ] GC(17) Eden regions: 239->0(231)
[2025-12-08T09:54:54.366+0800][gc,heap     ] GC(17) Survivor regions: 17->25(32)
[2025-12-08T09:54:54.366+0800][gc,heap     ] GC(17) Old regions: 110->109
[2025-12-08T09:54:54.366+0800][gc,heap     ] GC(17) Humongous regions: 0->0
[2025-12-08T09:54:54.366+0800][gc,metaspace] GC(17) Metaspace: 90335K(91520K)->90335K(91520K) NonClass: 79446K(80064K)->79446K(80064K) Class: 10889K(11456K)->10889K(11456K)
[2025-12-08T09:54:54.366+0800][gc          ] GC(17) Pause Young (Mixed) (G1 Evacuation Pause) 365M->133M(512M) 41.657ms
[2025-12-08T09:54:54.366+0800][gc,cpu      ] GC(17) User=0.07s Sys=0.15s Real=0.04s
[2025-12-08T11:04:05.818+0800][gc,start    ] GC(18) Pause Young (Mixed) (G1 Evacuation Pause)
[2025-12-08T11:04:05.819+0800][gc,task     ] GC(18) Using 8 workers of 8 for evacuation
[2025-12-08T11:04:05.863+0800][gc,phases   ] GC(18)   Pre Evacuate Collection Set: 1.9ms
[2025-12-08T11:04:05.864+0800][gc,phases   ] GC(18)   Merge Heap Roots: 0.6ms
[2025-12-08T11:04:05.864+0800][gc,phases   ] GC(18)   Evacuate Collection Set: 39.7ms
[2025-12-08T11:04:05.864+0800][gc,phases   ] GC(18)   Post Evacuate Collection Set: 2.0ms
[2025-12-08T11:04:05.864+0800][gc,phases   ] GC(18)   Other: 0.3ms
[2025-12-08T11:04:05.864+0800][gc,heap     ] GC(18) Eden regions: 231->0(244)
[2025-12-08T11:04:05.864+0800][gc,heap     ] GC(18) Survivor regions: 25->12(32)
[2025-12-08T11:04:05.864+0800][gc,heap     ] GC(18) Old regions: 109->123
[2025-12-08T11:04:05.864+0800][gc,heap     ] GC(18) Humongous regions: 0->0
[2025-12-08T11:04:05.864+0800][gc,metaspace] GC(18) Metaspace: 90595K(91776K)->90595K(91776K) NonClass: 79696K(80320K)->79696K(80320K) Class: 10899K(11456K)->10899K(11456K)
[2025-12-08T11:04:05.864+0800][gc          ] GC(18) Pause Young (Mixed) (G1 Evacuation Pause) 364M->134M(512M) 46.030ms
[2025-12-08T11:04:05.864+0800][gc,cpu      ] GC(18) User=0.06s Sys=0.14s Real=0.05s
[2025-12-08T11:40:23.122+0800][gc,start    ] GC(19) Pause Young (Concurrent Start) (G1 Evacuation Pause)
[2025-12-08T11:40:23.124+0800][gc,task     ] GC(19) Using 8 workers of 8 for evacuation
[2025-12-08T11:40:23.154+0800][gc,phases   ] GC(19)   Pre Evacuate Collection Set: 1.6ms
[2025-12-08T11:40:23.155+0800][gc,phases   ] GC(19)   Merge Heap Roots: 0.3ms
[2025-12-08T11:40:23.155+0800][gc,phases   ] GC(19)   Evacuate Collection Set: 26.3ms
[2025-12-08T11:40:23.155+0800][gc,phases   ] GC(19)   Post Evacuate Collection Set: 1.9ms
[2025-12-08T11:40:23.155+0800][gc,phases   ] GC(19)   Other: 0.3ms
[2025-12-08T11:40:23.155+0800][gc,heap     ] GC(19) Eden regions: 244->0(246)
[2025-12-08T11:40:23.155+0800][gc,heap     ] GC(19) Survivor regions: 12->10(32)
[2025-12-08T11:40:23.155+0800][gc,heap     ] GC(19) Old regions: 123->123
[2025-12-08T11:40:23.155+0800][gc,heap     ] GC(19) Humongous regions: 0->0
[2025-12-08T11:40:23.155+0800][gc,metaspace] GC(19) Metaspace: 91520K(92736K)->91520K(92736K) NonClass: 80600K(81280K)->80600K(81280K) Class: 10920K(11456K)->10920K(11456K)
[2025-12-08T11:40:23.155+0800][gc          ] GC(19) Pause Young (Concurrent Start) (G1 Evacuation Pause) 378M->133M(512M) 32.394ms
[2025-12-08T11:40:23.155+0800][gc          ] GC(20) Concurrent Mark Cycle
[2025-12-08T11:40:23.155+0800][gc,marking  ] GC(20) Concurrent Scan Root Regions
[2025-12-08T11:40:23.155+0800][gc,cpu      ] GC(19) User=0.05s Sys=0.11s Real=0.03s
[2025-12-08T11:40:23.161+0800][gc,marking  ] GC(20) Concurrent Scan Root Regions 6.464ms
[2025-12-08T11:40:23.161+0800][gc,marking  ] GC(20) Concurrent Mark
[2025-12-08T11:40:23.161+0800][gc,marking  ] GC(20) Concurrent Mark From Roots
[2025-12-08T11:40:23.161+0800][gc,task     ] GC(20) Using 2 workers of 2 for marking
[2025-12-08T11:40:23.203+0800][gc,marking  ] GC(20) Concurrent Mark From Roots 41.954ms
[2025-12-08T11:40:23.203+0800][gc,marking  ] GC(20) Concurrent Preclean
[2025-12-08T11:40:23.204+0800][gc,marking  ] GC(20) Concurrent Preclean 0.456ms
[2025-12-08T11:40:23.204+0800][gc,start    ] GC(20) Pause Remark
[2025-12-08T11:40:23.233+0800][gc          ] GC(20) Pause Remark 133M->112M(512M) 28.873ms
[2025-12-08T11:40:23.233+0800][gc,cpu      ] GC(20) User=0.04s Sys=0.10s Real=0.03s
[2025-12-08T11:40:23.233+0800][gc,marking  ] GC(20) Concurrent Mark 71.701ms
[2025-12-08T11:40:23.233+0800][gc,marking  ] GC(20) Concurrent Rebuild Remembered Sets and Scrub Regions
[2025-12-08T11:40:23.255+0800][gc,marking  ] GC(20) Concurrent Rebuild Remembered Sets and Scrub Regions 21.542ms
[2025-12-08T11:40:23.255+0800][gc,start    ] GC(20) Pause Cleanup
[2025-12-08T11:40:23.255+0800][gc          ] GC(20) Pause Cleanup 112M->112M(512M) 0.118ms
[2025-12-08T11:40:23.255+0800][gc,cpu      ] GC(20) User=0.00s Sys=0.00s Real=0.00s
[2025-12-08T11:40:23.255+0800][gc,marking  ] GC(20) Concurrent Clear Claimed Marks
[2025-12-08T11:40:23.255+0800][gc,marking  ] GC(20) Concurrent Clear Claimed Marks 0.076ms
[2025-12-08T11:40:23.255+0800][gc,marking  ] GC(20) Concurrent Cleanup for Next Mark
[2025-12-08T11:40:23.256+0800][gc,marking  ] GC(20) Concurrent Cleanup for Next Mark 1.051ms
[2025-12-08T11:40:23.256+0800][gc          ] GC(20) Concurrent Mark Cycle 101.385ms
[2025-12-08T11:59:22.167+0800][gc,start    ] GC(21) Pause Young (Prepare Mixed) (G1 Evacuation Pause)
[2025-12-08T11:59:22.169+0800][gc,task     ] GC(21) Using 8 workers of 8 for evacuation
[2025-12-08T11:59:22.203+0800][gc,phases   ] GC(21)   Pre Evacuate Collection Set: 1.1ms
[2025-12-08T11:59:22.203+0800][gc,phases   ] GC(21)   Merge Heap Roots: 0.4ms
[2025-12-08T11:59:22.203+0800][gc,phases   ] GC(21)   Evacuate Collection Set: 30.8ms
[2025-12-08T11:59:22.203+0800][gc,phases   ] GC(21)   Post Evacuate Collection Set: 1.3ms
[2025-12-08T11:59:22.203+0800][gc,phases   ] GC(21)   Other: 0.2ms
[2025-12-08T11:59:22.203+0800][gc,heap     ] GC(21) Eden regions: 246->0(247)
[2025-12-08T11:59:22.203+0800][gc,heap     ] GC(21) Survivor regions: 10->9(32)
[2025-12-08T11:59:22.203+0800][gc,heap     ] GC(21) Old regions: 102->102
[2025-12-08T11:59:22.203+0800][gc,heap     ] GC(21) Humongous regions: 0->0
[2025-12-08T11:59:22.203+0800][gc,metaspace] GC(21) Metaspace: 90933K(92736K)->90933K(92736K) NonClass: 80180K(81280K)->80180K(81280K) Class: 10753K(11456K)->10753K(11456K)
[2025-12-08T11:59:22.203+0800][gc          ] GC(21) Pause Young (Prepare Mixed) (G1 Evacuation Pause) 358M->111M(512M) 36.142ms
[2025-12-08T11:59:22.203+0800][gc,cpu      ] GC(21) User=0.04s Sys=0.11s Real=0.04s
[2025-12-08T12:37:38.442+0800][gc,start    ] GC(22) Pause Young (Mixed) (G1 Evacuation Pause)
[2025-12-08T12:37:38.444+0800][gc,task     ] GC(22) Using 8 workers of 8 for evacuation
[2025-12-08T12:37:38.471+0800][gc,phases   ] GC(22)   Pre Evacuate Collection Set: 1.6ms
[2025-12-08T12:37:38.471+0800][gc,phases   ] GC(22)   Merge Heap Roots: 0.3ms
[2025-12-08T12:37:38.471+0800][gc,phases   ] GC(22)   Evacuate Collection Set: 22.6ms
[2025-12-08T12:37:38.471+0800][gc,phases   ] GC(22)   Post Evacuate Collection Set: 1.6ms
[2025-12-08T12:37:38.471+0800][gc,phases   ] GC(22)   Other: 0.3ms
[2025-12-08T12:37:38.471+0800][gc,heap     ] GC(22) Eden regions: 247->0(247)
[2025-12-08T12:37:38.471+0800][gc,heap     ] GC(22) Survivor regions: 9->9(32)
[2025-12-08T12:37:38.471+0800][gc,heap     ] GC(22) Old regions: 102->102
[2025-12-08T12:37:38.471+0800][gc,heap     ] GC(22) Humongous regions: 0->0
[2025-12-08T12:37:38.471+0800][gc,metaspace] GC(22) Metaspace: 90954K(92736K)->90954K(92736K) NonClass: 80200K(81280K)->80200K(81280K) Class: 10754K(11456K)->10754K(11456K)
[2025-12-08T12:37:38.471+0800][gc          ] GC(22) Pause Young (Mixed) (G1 Evacuation Pause) 358M->109M(512M) 28.464ms
[2025-12-08T12:37:38.471+0800][gc,cpu      ] GC(22) User=0.04s Sys=0.09s Real=0.03s
[2025-12-08T13:27:05.501+0800][gc,start    ] GC(23) Pause Young (Mixed) (G1 Evacuation Pause)
[2025-12-08T13:27:05.503+0800][gc,task     ] GC(23) Using 8 workers of 8 for evacuation
[2025-12-08T13:27:05.547+0800][gc,phases   ] GC(23)   Pre Evacuate Collection Set: 15.4ms
[2025-12-08T13:27:05.547+0800][gc,phases   ] GC(23)   Merge Heap Roots: 0.9ms
[2025-12-08T13:27:05.547+0800][gc,phases   ] GC(23)   Evacuate Collection Set: 25.1ms
[2025-12-08T13:27:05.547+0800][gc,phases   ] GC(23)   Post Evacuate Collection Set: 1.6ms
[2025-12-08T13:27:05.547+0800][gc,phases   ] GC(23)   Other: 1.1ms
[2025-12-08T13:27:05.547+0800][gc,heap     ] GC(23) Eden regions: 247->0(247)
[2025-12-08T13:27:05.547+0800][gc,heap     ] GC(23) Survivor regions: 9->9(32)
[2025-12-08T13:27:05.547+0800][gc,heap     ] GC(23) Old regions: 102->101
[2025-12-08T13:27:05.547+0800][gc,heap     ] GC(23) Humongous regions: 0->0
[2025-12-08T13:27:05.547+0800][gc,metaspace] GC(23) Metaspace: 90974K(92736K)->90974K(92736K) NonClass: 80215K(81280K)->80215K(81280K) Class: 10759K(11456K)->10759K(11456K)
[2025-12-08T13:27:05.547+0800][gc          ] GC(23) Pause Young (Mixed) (G1 Evacuation Pause) 356M->108M(512M) 45.975ms
[2025-12-08T13:27:05.547+0800][gc,cpu      ] GC(23) User=0.03s Sys=0.12s Real=0.04s
[2025-12-08T13:46:17.862+0800][gc,start    ] GC(24) Pause Young (Mixed) (G1 Evacuation Pause)
[2025-12-08T13:46:17.862+0800][gc,task     ] GC(24) Using 8 workers of 8 for evacuation
[2025-12-08T13:46:17.887+0800][gc,phases   ] GC(24)   Pre Evacuate Collection Set: 0.7ms
[2025-12-08T13:46:17.887+0800][gc,phases   ] GC(24)   Merge Heap Roots: 0.2ms
[2025-12-08T13:46:17.887+0800][gc,phases   ] GC(24)   Evacuate Collection Set: 22.7ms
[2025-12-08T13:46:17.887+0800][gc,phases   ] GC(24)   Post Evacuate Collection Set: 1.3ms
[2025-12-08T13:46:17.887+0800][gc,phases   ] GC(24)   Other: 0.2ms
[2025-12-08T13:46:17.887+0800][gc,heap     ] GC(24) Eden regions: 247->0(246)
[2025-12-08T13:46:17.887+0800][gc,heap     ] GC(24) Survivor regions: 9->10(32)
[2025-12-08T13:46:17.887+0800][gc,heap     ] GC(24) Old regions: 101->100
[2025-12-08T13:46:17.887+0800][gc,heap     ] GC(24) Humongous regions: 0->0
[2025-12-08T13:46:17.887+0800][gc,metaspace] GC(24) Metaspace: 90987K(92736K)->90987K(92736K) NonClass: 80227K(81280K)->80227K(81280K) Class: 10760K(11456K)->10760K(11456K)
[2025-12-08T13:46:17.887+0800][gc          ] GC(24) Pause Young (Mixed) (G1 Evacuation Pause) 355M->108M(512M) 25.384ms
[2025-12-08T13:46:17.887+0800][gc,cpu      ] GC(24) User=0.02s Sys=0.08s Real=0.02s
[2025-12-08T14:05:25.331+0800][gc,start    ] GC(25) Pause Young (Mixed) (G1 Evacuation Pause)
[2025-12-08T14:05:25.332+0800][gc,task     ] GC(25) Using 8 workers of 8 for evacuation
[2025-12-08T14:05:25.352+0800][gc,phases   ] GC(25)   Pre Evacuate Collection Set: 1.2ms
[2025-12-08T14:05:25.352+0800][gc,phases   ] GC(25)   Merge Heap Roots: 0.2ms
[2025-12-08T14:05:25.352+0800][gc,phases   ] GC(25)   Evacuate Collection Set: 16.8ms
[2025-12-08T14:05:25.352+0800][gc,phases   ] GC(25)   Post Evacuate Collection Set: 1.3ms
[2025-12-08T14:05:25.352+0800][gc,phases   ] GC(25)   Other: 0.2ms
[2025-12-08T14:05:25.352+0800][gc,heap     ] GC(25) Eden regions: 246->0(246)
[2025-12-08T14:05:25.352+0800][gc,heap     ] GC(25) Survivor regions: 10->10(32)
[2025-12-08T14:05:25.352+0800][gc,heap     ] GC(25) Old regions: 100->99
[2025-12-08T14:05:25.352+0800][gc,heap     ] GC(25) Humongous regions: 0->0
[2025-12-08T14:05:25.352+0800][gc,metaspace] GC(25) Metaspace: 91000K(92736K)->91000K(92736K) NonClass: 80239K(81280K)->80239K(81280K) Class: 10760K(11456K)->10760K(11456K)
[2025-12-08T14:05:25.352+0800][gc          ] GC(25) Pause Young (Mixed) (G1 Evacuation Pause) 354M->107M(512M) 20.192ms
[2025-12-08T14:05:25.352+0800][gc,cpu      ] GC(25) User=0.02s Sys=0.07s Real=0.02s
[2025-12-08T14:24:38.561+0800][gc,start    ] GC(26) Pause Young (Mixed) (G1 Evacuation Pause)
[2025-12-08T14:24:38.562+0800][gc,task     ] GC(26) Using 8 workers of 8 for evacuation
[2025-12-08T14:24:38.591+0800][gc,phases   ] GC(26)   Pre Evacuate Collection Set: 1.2ms
[2025-12-08T14:24:38.591+0800][gc,phases   ] GC(26)   Merge Heap Roots: 0.2ms
[2025-12-08T14:24:38.591+0800][gc,phases   ] GC(26)   Evacuate Collection Set: 25.2ms
[2025-12-08T14:24:38.591+0800][gc,phases   ] GC(26)   Post Evacuate Collection Set: 1.6ms
[2025-12-08T14:24:38.591+0800][gc,phases   ] GC(26)   Other: 0.2ms
[2025-12-08T14:24:38.591+0800][gc,heap     ] GC(26) Eden regions: 246->0(246)
[2025-12-08T14:24:38.591+0800][gc,heap     ] GC(26) Survivor regions: 10->10(32)
[2025-12-08T14:24:38.591+0800][gc,heap     ] GC(26) Old regions: 99->98
[2025-12-08T14:24:38.591+0800][gc,heap     ] GC(26) Humongous regions: 0->0
[2025-12-08T14:24:38.591+0800][gc,metaspace] GC(26) Metaspace: 91059K(92736K)->91059K(92736K) NonClass: 80297K(81280K)->80297K(81280K) Class: 10761K(11456K)->10761K(11456K)
[2025-12-08T14:24:38.591+0800][gc          ] GC(26) Pause Young (Mixed) (G1 Evacuation Pause) 353M->106M(512M) 30.064ms
[2025-12-08T14:24:38.591+0800][gc,cpu      ] GC(26) User=0.04s Sys=0.10s Real=0.03s
[2025-12-08T14:43:57.795+0800][gc,start    ] GC(27) Pause Young (Mixed) (G1 Evacuation Pause)
[2025-12-08T14:43:57.797+0800][gc,task     ] GC(27) Using 8 workers of 8 for evacuation
[2025-12-08T14:43:57.840+0800][gc,phases   ] GC(27)   Pre Evacuate Collection Set: 2.4ms
[2025-12-08T14:43:57.840+0800][gc,phases   ] GC(27)   Merge Heap Roots: 0.3ms
[2025-12-08T14:43:57.840+0800][gc,phases   ] GC(27)   Evacuate Collection Set: 38.6ms
[2025-12-08T14:43:57.840+0800][gc,phases   ] GC(27)   Post Evacuate Collection Set: 2.0ms
[2025-12-08T14:43:57.840+0800][gc,phases   ] GC(27)   Other: 0.3ms
[2025-12-08T14:43:57.840+0800][gc,heap     ] GC(27) Eden regions: 246->0(247)
[2025-12-08T14:43:57.840+0800][gc,heap     ] GC(27) Survivor regions: 10->9(32)
[2025-12-08T14:43:57.840+0800][gc,heap     ] GC(27) Old regions: 98->97
[2025-12-08T14:43:57.840+0800][gc,heap     ] GC(27) Humongous regions: 0->0
[2025-12-08T14:43:57.840+0800][gc,metaspace] GC(27) Metaspace: 91066K(92736K)->91066K(92736K) NonClass: 80304K(81280K)->80304K(81280K) Class: 10761K(11456K)->10761K(11456K)
[2025-12-08T14:43:57.841+0800][gc          ] GC(27) Pause Young (Mixed) (G1 Evacuation Pause) 352M->105M(512M) 45.699ms
[2025-12-08T14:43:57.841+0800][gc,cpu      ] GC(27) User=0.04s Sys=0.14s Real=0.05s
[2025-12-08T15:02:59.253+0800][gc,start    ] GC(28) Pause Young (Concurrent Start) (G1 Evacuation Pause)
[2025-12-08T15:02:59.254+0800][gc,task     ] GC(28) Using 8 workers of 8 for evacuation
[2025-12-08T15:02:59.284+0800][gc,phases   ] GC(28)   Pre Evacuate Collection Set: 2.9ms
[2025-12-08T15:02:59.284+0800][gc,phases   ] GC(28)   Merge Heap Roots: 0.1ms
[2025-12-08T15:02:59.284+0800][gc,phases   ] GC(28)   Evacuate Collection Set: 24.9ms
[2025-12-08T15:02:59.284+0800][gc,phases   ] GC(28)   Post Evacuate Collection Set: 1.4ms
[2025-12-08T15:02:59.284+0800][gc,phases   ] GC(28)   Other: 1.0ms
[2025-12-08T15:02:59.284+0800][gc,heap     ] GC(28) Eden regions: 247->0(246)
[2025-12-08T15:02:59.284+0800][gc,heap     ] GC(28) Survivor regions: 9->10(32)
[2025-12-08T15:02:59.284+0800][gc,heap     ] GC(28) Old regions: 97->97
[2025-12-08T15:02:59.284+0800][gc,heap     ] GC(28) Humongous regions: 0->0
[2025-12-08T15:02:59.284+0800][gc,metaspace] GC(28) Metaspace: 91068K(92736K)->91068K(92736K) NonClass: 80306K(81280K)->80306K(81280K) Class: 10761K(11456K)->10761K(11456K)
[2025-12-08T15:02:59.284+0800][gc          ] GC(28) Pause Young (Concurrent Start) (G1 Evacuation Pause) 352M->106M(512M) 31.289ms
[2025-12-08T15:02:59.284+0800][gc          ] GC(29) Concurrent Mark Cycle
[2025-12-08T15:02:59.284+0800][gc,marking  ] GC(29) Concurrent Scan Root Regions
[2025-12-08T15:02:59.284+0800][gc,cpu      ] GC(28) User=0.02s Sys=0.06s Real=0.03s
[2025-12-08T15:02:59.290+0800][gc,marking  ] GC(29) Concurrent Scan Root Regions 6.181ms
[2025-12-08T15:02:59.290+0800][gc,marking  ] GC(29) Concurrent Mark
[2025-12-08T15:02:59.290+0800][gc,marking  ] GC(29) Concurrent Mark From Roots
[2025-12-08T15:02:59.290+0800][gc,task     ] GC(29) Using 2 workers of 2 for marking
[2025-12-08T15:02:59.351+0800][gc,marking  ] GC(29) Concurrent Mark From Roots 61.291ms
[2025-12-08T15:02:59.351+0800][gc,marking  ] GC(29) Concurrent Preclean
[2025-12-08T15:02:59.352+0800][gc,marking  ] GC(29) Concurrent Preclean 0.169ms
[2025-12-08T15:02:59.352+0800][gc,start    ] GC(29) Pause Remark
[2025-12-08T15:02:59.393+0800][gc          ] GC(29) Pause Remark 107M->107M(512M) 41.487ms
[2025-12-08T15:02:59.393+0800][gc,cpu      ] GC(29) User=0.04s Sys=0.07s Real=0.04s
[2025-12-08T15:02:59.394+0800][gc,marking  ] GC(29) Concurrent Mark 103.480ms
[2025-12-08T15:02:59.394+0800][gc,marking  ] GC(29) Concurrent Rebuild Remembered Sets and Scrub Regions
[2025-12-08T15:02:59.414+0800][gc,marking  ] GC(29) Concurrent Rebuild Remembered Sets and Scrub Regions 20.748ms
[2025-12-08T15:02:59.415+0800][gc,start    ] GC(29) Pause Cleanup
[2025-12-08T15:02:59.415+0800][gc          ] GC(29) Pause Cleanup 107M->107M(512M) 0.131ms
[2025-12-08T15:02:59.415+0800][gc,cpu      ] GC(29) User=0.00s Sys=0.00s Real=0.00s
[2025-12-08T15:02:59.415+0800][gc,marking  ] GC(29) Concurrent Clear Claimed Marks
[2025-12-08T15:02:59.415+0800][gc,marking  ] GC(29) Concurrent Clear Claimed Marks 0.065ms
[2025-12-08T15:02:59.415+0800][gc,marking  ] GC(29) Concurrent Cleanup for Next Mark
[2025-12-08T15:02:59.416+0800][gc,marking  ] GC(29) Concurrent Cleanup for Next Mark 1.160ms
[2025-12-08T15:02:59.416+0800][gc          ] GC(29) Concurrent Mark Cycle 132.202ms
[2025-12-08T15:21:45.559+0800][gc,start    ] GC(30) Pause Young (Prepare Mixed) (G1 Evacuation Pause)
[2025-12-08T15:21:45.561+0800][gc,task     ] GC(30) Using 8 workers of 8 for evacuation
[2025-12-08T15:21:45.591+0800][gc,phases   ] GC(30)   Pre Evacuate Collection Set: 1.9ms
[2025-12-08T15:21:45.591+0800][gc,phases   ] GC(30)   Merge Heap Roots: 0.3ms
[2025-12-08T15:21:45.591+0800][gc,phases   ] GC(30)   Evacuate Collection Set: 24.7ms
[2025-12-08T15:21:45.591+0800][gc,phases   ] GC(30)   Post Evacuate Collection Set: 2.9ms
[2025-12-08T15:21:45.591+0800][gc,phases   ] GC(30)   Other: 0.4ms
[2025-12-08T15:21:45.591+0800][gc,heap     ] GC(30) Eden regions: 246->0(246)
[2025-12-08T15:21:45.591+0800][gc,heap     ] GC(30) Survivor regions: 10->10(32)
[2025-12-08T15:21:45.591+0800][gc,heap     ] GC(30) Old regions: 97->97
[2025-12-08T15:21:45.591+0800][gc,heap     ] GC(30) Humongous regions: 0->0
[2025-12-08T15:21:45.591+0800][gc,metaspace] GC(30) Metaspace: 91075K(92736K)->91075K(92736K) NonClass: 80313K(81280K)->80313K(81280K) Class: 10761K(11456K)->10761K(11456K)
[2025-12-08T15:21:45.591+0800][gc          ] GC(30) Pause Young (Prepare Mixed) (G1 Evacuation Pause) 352M->105M(512M) 32.129ms
[2025-12-08T15:21:45.591+0800][gc,cpu      ] GC(30) User=0.04s Sys=0.11s Real=0.04s
[2025-12-08T15:44:29.752+0800][gc,start    ] GC(31) Pause Young (Mixed) (G1 Evacuation Pause)
[2025-12-08T15:44:29.754+0800][gc,task     ] GC(31) Using 8 workers of 8 for evacuation
[2025-12-08T15:44:29.795+0800][gc,phases   ] GC(31)   Pre Evacuate Collection Set: 2.5ms
[2025-12-08T15:44:29.795+0800][gc,phases   ] GC(31)   Merge Heap Roots: 0.2ms
[2025-12-08T15:44:29.795+0800][gc,phases   ] GC(31)   Evacuate Collection Set: 35.8ms
[2025-12-08T15:44:29.795+0800][gc,phases   ] GC(31)   Post Evacuate Collection Set: 2.0ms
[2025-12-08T15:44:29.795+0800][gc,phases   ] GC(31)   Other: 0.3ms
[2025-12-08T15:44:29.795+0800][gc,heap     ] GC(31) Eden regions: 246->0(246)
[2025-12-08T15:44:29.795+0800][gc,heap     ] GC(31) Survivor regions: 10->10(32)
[2025-12-08T15:44:29.795+0800][gc,heap     ] GC(31) Old regions: 97->96
[2025-12-08T15:44:29.795+0800][gc,heap     ] GC(31) Humongous regions: 0->0
[2025-12-08T15:44:29.795+0800][gc,metaspace] GC(31) Metaspace: 91084K(92736K)->91084K(92736K) NonClass: 80322K(81280K)->80322K(81280K) Class: 10761K(11456K)->10761K(11456K)
[2025-12-08T15:44:29.795+0800][gc          ] GC(31) Pause Young (Mixed) (G1 Evacuation Pause) 351M->105M(512M) 43.039ms
[2025-12-08T15:44:29.795+0800][gc,cpu      ] GC(31) User=0.04s Sys=0.14s Real=0.04s
[2025-12-08T16:03:22.320+0800][gc,start    ] GC(32) Pause Young (Mixed) (G1 Evacuation Pause)
[2025-12-08T16:03:22.321+0800][gc,task     ] GC(32) Using 8 workers of 8 for evacuation
[2025-12-08T16:03:22.339+0800][gc,phases   ] GC(32)   Pre Evacuate Collection Set: 2.0ms
[2025-12-08T16:03:22.339+0800][gc,phases   ] GC(32)   Merge Heap Roots: 0.2ms
[2025-12-08T16:03:22.339+0800][gc,phases   ] GC(32)   Evacuate Collection Set: 13.9ms
[2025-12-08T16:03:22.339+0800][gc,phases   ] GC(32)   Post Evacuate Collection Set: 1.9ms
[2025-12-08T16:03:22.339+0800][gc,phases   ] GC(32)   Other: 0.2ms
[2025-12-08T16:03:22.339+0800][gc,heap     ] GC(32) Eden regions: 246->0(246)
[2025-12-08T16:03:22.339+0800][gc,heap     ] GC(32) Survivor regions: 10->10(32)
[2025-12-08T16:03:22.339+0800][gc,heap     ] GC(32) Old regions: 96->95
[2025-12-08T16:03:22.339+0800][gc,heap     ] GC(32) Humongous regions: 0->0
[2025-12-08T16:03:22.339+0800][gc,metaspace] GC(32) Metaspace: 91091K(92736K)->91091K(92736K) NonClass: 80329K(81280K)->80329K(81280K) Class: 10761K(11456K)->10761K(11456K)
[2025-12-08T16:03:22.339+0800][gc          ] GC(32) Pause Young (Mixed) (G1 Evacuation Pause) 351M->104M(512M) 19.224ms
[2025-12-08T16:03:22.339+0800][gc,cpu      ] GC(32) User=0.02s Sys=0.05s Real=0.01s
[2025-12-08T16:22:14.315+0800][gc,start    ] GC(33) Pause Young (Mixed) (G1 Evacuation Pause)
[2025-12-08T16:22:14.318+0800][gc,task     ] GC(33) Using 8 workers of 8 for evacuation
[2025-12-08T16:22:14.354+0800][gc,phases   ] GC(33)   Pre Evacuate Collection Set: 2.2ms
[2025-12-08T16:22:14.354+0800][gc,phases   ] GC(33)   Merge Heap Roots: 0.3ms
[2025-12-08T16:22:14.354+0800][gc,phases   ] GC(33)   Evacuate Collection Set: 31.5ms
[2025-12-08T16:22:14.354+0800][gc,phases   ] GC(33)   Post Evacuate Collection Set: 2.3ms
[2025-12-08T16:22:14.354+0800][gc,phases   ] GC(33)   Other: 0.3ms
[2025-12-08T16:22:14.354+0800][gc,heap     ] GC(33) Eden regions: 246->0(246)
[2025-12-08T16:22:14.354+0800][gc,heap     ] GC(33) Survivor regions: 10->10(32)
[2025-12-08T16:22:14.354+0800][gc,heap     ] GC(33) Old regions: 95->95
[2025-12-08T16:22:14.354+0800][gc,heap     ] GC(33) Humongous regions: 0->0
[2025-12-08T16:22:14.354+0800][gc,metaspace] GC(33) Metaspace: 91096K(92736K)->91096K(92736K) NonClass: 80334K(81280K)->80334K(81280K) Class: 10761K(11456K)->10761K(11456K)
[2025-12-08T16:22:14.354+0800][gc          ] GC(33) Pause Young (Mixed) (G1 Evacuation Pause) 350M->103M(512M) 38.850ms
[2025-12-08T16:22:14.354+0800][gc,cpu      ] GC(33) User=0.04s Sys=0.13s Real=0.04s
[2025-12-08T16:54:21.610+0800][gc,start    ] GC(34) Pause Young (Mixed) (G1 Evacuation Pause)
[2025-12-08T16:54:21.612+0800][gc,task     ] GC(34) Using 8 workers of 8 for evacuation
[2025-12-08T16:54:21.634+0800][gc,phases   ] GC(34)   Pre Evacuate Collection Set: 2.1ms
[2025-12-08T16:54:21.634+0800][gc,phases   ] GC(34)   Merge Heap Roots: 0.2ms
[2025-12-08T16:54:21.634+0800][gc,phases   ] GC(34)   Evacuate Collection Set: 17.7ms
[2025-12-08T16:54:21.634+0800][gc,phases   ] GC(34)   Post Evacuate Collection Set: 0.9ms
[2025-12-08T16:54:21.634+0800][gc,phases   ] GC(34)   Other: 0.3ms
[2025-12-08T16:54:21.634+0800][gc,heap     ] GC(34) Eden regions: 246->0(251)
[2025-12-08T16:54:21.634+0800][gc,heap     ] GC(34) Survivor regions: 10->5(32)
[2025-12-08T16:54:21.634+0800][gc,heap     ] GC(34) Old regions: 95->100
[2025-12-08T16:54:21.634+0800][gc,heap     ] GC(34) Humongous regions: 0->0
[2025-12-08T16:54:21.634+0800][gc,metaspace] GC(34) Metaspace: 91102K(92736K)->91102K(92736K) NonClass: 80340K(81280K)->80340K(81280K) Class: 10761K(11456K)->10761K(11456K)
[2025-12-08T16:54:21.634+0800][gc          ] GC(34) Pause Young (Mixed) (G1 Evacuation Pause) 349M->103M(512M) 23.451ms
[2025-12-08T16:54:21.634+0800][gc,cpu      ] GC(34) User=0.02s Sys=0.08s Real=0.02s
[2025-12-08T17:13:47.338+0800][gc,start    ] GC(35) Pause Young (Mixed) (G1 Evacuation Pause)
[2025-12-08T17:13:47.339+0800][gc,task     ] GC(35) Using 8 workers of 8 for evacuation
[2025-12-08T17:13:47.363+0800][gc,phases   ] GC(35)   Pre Evacuate Collection Set: 2.6ms
[2025-12-08T17:13:47.363+0800][gc,phases   ] GC(35)   Merge Heap Roots: 0.4ms
[2025-12-08T17:13:47.363+0800][gc,phases   ] GC(35)   Evacuate Collection Set: 18.1ms
[2025-12-08T17:13:47.363+0800][gc,phases   ] GC(35)   Post Evacuate Collection Set: 2.2ms
[2025-12-08T17:13:47.363+0800][gc,phases   ] GC(35)   Other: 0.9ms
[2025-12-08T17:13:47.363+0800][gc,heap     ] GC(35) Eden regions: 251->0(252)
[2025-12-08T17:13:47.363+0800][gc,heap     ] GC(35) Survivor regions: 5->4(32)
[2025-12-08T17:13:47.363+0800][gc,heap     ] GC(35) Old regions: 100->100
[2025-12-08T17:13:47.363+0800][gc,heap     ] GC(35) Humongous regions: 0->0
[2025-12-08T17:13:47.363+0800][gc,metaspace] GC(35) Metaspace: 91121K(92736K)->91121K(92736K) NonClass: 80359K(81280K)->80359K(81280K) Class: 10761K(11456K)->10761K(11456K)
[2025-12-08T17:13:47.363+0800][gc          ] GC(35) Pause Young (Mixed) (G1 Evacuation Pause) 354M->103M(512M) 25.105ms
[2025-12-08T17:13:47.364+0800][gc,cpu      ] GC(35) User=0.02s Sys=0.08s Real=0.03s
[2025-12-08T17:33:16.146+0800][gc,start    ] GC(36) Pause Young (Concurrent Start) (G1 Evacuation Pause)
[2025-12-08T17:33:16.148+0800][gc,task     ] GC(36) Using 8 workers of 8 for evacuation
[2025-12-08T17:33:16.175+0800][gc,phases   ] GC(36)   Pre Evacuate Collection Set: 2.7ms
[2025-12-08T17:33:16.175+0800][gc,phases   ] GC(36)   Merge Heap Roots: 0.3ms
[2025-12-08T17:33:16.175+0800][gc,phases   ] GC(36)   Evacuate Collection Set: 21.8ms
[2025-12-08T17:33:16.175+0800][gc,phases   ] GC(36)   Post Evacuate Collection Set: 1.9ms
[2025-12-08T17:33:16.175+0800][gc,phases   ] GC(36)   Other: 0.5ms
[2025-12-08T17:33:16.175+0800][gc,heap     ] GC(36) Eden regions: 252->0(252)
[2025-12-08T17:33:16.175+0800][gc,heap     ] GC(36) Survivor regions: 4->4(32)
[2025-12-08T17:33:16.175+0800][gc,heap     ] GC(36) Old regions: 100->101
[2025-12-08T17:33:16.175+0800][gc,heap     ] GC(36) Humongous regions: 0->0
[2025-12-08T17:33:16.175+0800][gc,metaspace] GC(36) Metaspace: 91132K(92736K)->91132K(92736K) NonClass: 80370K(81280K)->80370K(81280K) Class: 10761K(11456K)->10761K(11456K)
[2025-12-08T17:33:16.175+0800][gc          ] GC(36) Pause Young (Concurrent Start) (G1 Evacuation Pause) 355M->103M(512M) 29.029ms
[2025-12-08T17:33:16.175+0800][gc          ] GC(37) Concurrent Mark Cycle
[2025-12-08T17:33:16.175+0800][gc,marking  ] GC(37) Concurrent Scan Root Regions
[2025-12-08T17:33:16.175+0800][gc,cpu      ] GC(36) User=0.02s Sys=0.10s Real=0.03s
[2025-12-08T17:33:16.208+0800][gc,marking  ] GC(37) Concurrent Scan Root Regions 33.013ms
[2025-12-08T17:33:16.208+0800][gc,marking  ] GC(37) Concurrent Mark
[2025-12-08T17:33:16.208+0800][gc,marking  ] GC(37) Concurrent Mark From Roots
[2025-12-08T17:33:16.208+0800][gc,task     ] GC(37) Using 2 workers of 2 for marking
[2025-12-08T17:33:16.251+0800][gc,marking  ] GC(37) Concurrent Mark From Roots 42.595ms
[2025-12-08T17:33:16.251+0800][gc,marking  ] GC(37) Concurrent Preclean
[2025-12-08T17:33:16.251+0800][gc,marking  ] GC(37) Concurrent Preclean 0.157ms
[2025-12-08T17:33:16.251+0800][gc,start    ] GC(37) Pause Remark
[2025-12-08T17:33:16.314+0800][gc          ] GC(37) Pause Remark 104M->104M(512M) 62.825ms
[2025-12-08T17:33:16.314+0800][gc,cpu      ] GC(37) User=0.05s Sys=0.14s Real=0.06s
[2025-12-08T17:33:16.314+0800][gc,marking  ] GC(37) Concurrent Mark 106.155ms
[2025-12-08T17:33:16.314+0800][gc,marking  ] GC(37) Concurrent Rebuild Remembered Sets and Scrub Regions
[2025-12-08T17:33:16.340+0800][gc,marking  ] GC(37) Concurrent Rebuild Remembered Sets and Scrub Regions 25.844ms
[2025-12-08T17:33:16.340+0800][gc,start    ] GC(37) Pause Cleanup
[2025-12-08T17:33:16.341+0800][gc          ] GC(37) Pause Cleanup 104M->104M(512M) 0.109ms
[2025-12-08T17:33:16.341+0800][gc,cpu      ] GC(37) User=0.00s Sys=0.00s Real=0.00s
[2025-12-08T17:33:16.341+0800][gc,marking  ] GC(37) Concurrent Clear Claimed Marks
[2025-12-08T17:33:16.341+0800][gc,marking  ] GC(37) Concurrent Clear Claimed Marks 0.067ms
[2025-12-08T17:33:16.341+0800][gc,marking  ] GC(37) Concurrent Cleanup for Next Mark
[2025-12-08T17:33:16.342+0800][gc,marking  ] GC(37) Concurrent Cleanup for Next Mark 1.115ms
[2025-12-08T17:33:16.342+0800][gc          ] GC(37) Concurrent Mark Cycle 166.666ms
[2025-12-08T18:08:44.644+0800][gc,start    ] GC(38) Pause Young (Prepare Mixed) (G1 Evacuation Pause)
[2025-12-08T18:08:44.644+0800][gc,task     ] GC(38) Using 8 workers of 8 for evacuation
[2025-12-08T18:08:44.665+0800][gc,phases   ] GC(38)   Pre Evacuate Collection Set: 1.1ms
[2025-12-08T18:08:44.665+0800][gc,phases   ] GC(38)   Merge Heap Roots: 0.2ms
[2025-12-08T18:08:44.665+0800][gc,phases   ] GC(38)   Evacuate Collection Set: 17.4ms
[2025-12-08T18:08:44.665+0800][gc,phases   ] GC(38)   Post Evacuate Collection Set: 1.7ms
[2025-12-08T18:08:44.665+0800][gc,phases   ] GC(38)   Other: 0.2ms
[2025-12-08T18:08:44.665+0800][gc,heap     ] GC(38) Eden regions: 252->0(250)
[2025-12-08T18:08:44.665+0800][gc,heap     ] GC(38) Survivor regions: 4->6(32)
[2025-12-08T18:08:44.665+0800][gc,heap     ] GC(38) Old regions: 101->101
[2025-12-08T18:08:44.665+0800][gc,heap     ] GC(38) Humongous regions: 0->0
[2025-12-08T18:08:44.665+0800][gc,metaspace] GC(38) Metaspace: 91052K(92736K)->91052K(92736K) NonClass: 80313K(81280K)->80313K(81280K) Class: 10738K(11456K)->10738K(11456K)
[2025-12-08T18:08:44.665+0800][gc          ] GC(38) Pause Young (Prepare Mixed) (G1 Evacuation Pause) 355M->105M(512M) 23.480ms
[2025-12-08T18:08:44.665+0800][gc,cpu      ] GC(38) User=0.02s Sys=0.06s Real=0.02s
[2025-12-08T18:23:21.319+0800][gc,heap,exit] Heap
[2025-12-08T18:23:21.319+0800][gc,heap,exit]  garbage-first heap   total 524288K, used 178344K [0x00000007e0000000, 0x0000000800000000)
[2025-12-08T18:23:21.319+0800][gc,heap,exit]   region size 1024K, 75 young (76800K), 6 survivors (6144K)
[2025-12-08T18:23:21.319+0800][gc,heap,exit]  Metaspace       used 91398K, committed 92864K, reserved 1179648K
[2025-12-08T18:23:21.319+0800][gc,heap,exit]   class space    used 10800K, committed 11456K, reserved 1048576K
