[2025-12-10T08:24:29.036+0800][gc,init] CardTable entry size: 512
[2025-12-10T08:24:29.036+0800][gc     ] Using G1
[2025-12-10T08:24:29.037+0800][gc,init] Version: 21.0.8+12-LTS-250 (release)
[2025-12-10T08:24:29.037+0800][gc,init] CPUs: 8 total, 8 available
[2025-12-10T08:24:29.037+0800][gc,init] Memory: 16384M
[2025-12-10T08:24:29.037+0800][gc,init] Large Page Support: Disabled
[2025-12-10T08:24:29.037+0800][gc,init] NUMA Support: Disabled
[2025-12-10T08:24:29.037+0800][gc,init] Compressed Oops: Enabled (Zero based)
[2025-12-10T08:24:29.037+0800][gc,init] Heap Region Size: 1M
[2025-12-10T08:24:29.037+0800][gc,init] Heap Min Capacity: 512M
[2025-12-10T08:24:29.037+0800][gc,init] Heap Initial Capacity: 512M
[2025-12-10T08:24:29.037+0800][gc,init] Heap Max Capacity: 512M
[2025-12-10T08:24:29.037+0800][gc,init] Pre-touch: Disabled
[2025-12-10T08:24:29.037+0800][gc,init] Parallel Workers: 8
[2025-12-10T08:24:29.037+0800][gc,init] Concurrent Workers: 2
[2025-12-10T08:24:29.037+0800][gc,init] Concurrent Refinement Workers: 8
[2025-12-10T08:24:29.037+0800][gc,init] Periodic GC: Disabled
[2025-12-10T08:24:29.041+0800][gc,metaspace] CDS archive(s) mapped at: [0x0000007000000000-0x0000007000ca8000-0x0000007000ca8000), size 13271040, SharedBaseAddress: 0x0000007000000000, ArchiveRelocationMode: 1.
[2025-12-10T08:24:29.041+0800][gc,metaspace] Compressed class space mapped at: 0x0000007001000000-0x0000007041000000, reserved size: 1073741824
[2025-12-10T08:24:29.041+0800][gc,metaspace] Narrow klass base: 0x0000007000000000, Narrow klass shift: 0, Narrow klass range: 0x100000000
[2025-12-10T08:24:29.972+0800][gc,start    ] GC(0) Pause Young (Normal) (G1 Evacuation Pause)
[2025-12-10T08:24:29.972+0800][gc,task     ] GC(0) Using 8 workers of 8 for evacuation
[2025-12-10T08:24:29.976+0800][gc,phases   ] GC(0)   Pre Evacuate Collection Set: 0.1ms
[2025-12-10T08:24:29.976+0800][gc,phases   ] GC(0)   Merge Heap Roots: 0.1ms
[2025-12-10T08:24:29.976+0800][gc,phases   ] GC(0)   Evacuate Collection Set: 3.2ms
[2025-12-10T08:24:29.976+0800][gc,phases   ] GC(0)   Post Evacuate Collection Set: 0.5ms
[2025-12-10T08:24:29.976+0800][gc,phases   ] GC(0)   Other: 0.2ms
[2025-12-10T08:24:29.976+0800][gc,heap     ] GC(0) Eden regions: 256->0(245)
[2025-12-10T08:24:29.976+0800][gc,heap     ] GC(0) Survivor regions: 0->11(32)
[2025-12-10T08:24:29.976+0800][gc,heap     ] GC(0) Old regions: 2->2
[2025-12-10T08:24:29.976+0800][gc,heap     ] GC(0) Humongous regions: 0->0
[2025-12-10T08:24:29.976+0800][gc,metaspace] GC(0) Metaspace: 15748K(16192K)->15748K(16192K) NonClass: 13895K(14144K)->13895K(14144K) Class: 1853K(2048K)->1853K(2048K)
[2025-12-10T08:24:29.976+0800][gc          ] GC(0) Pause Young (Normal) (G1 Evacuation Pause) 257M->11M(512M) 4.239ms
[2025-12-10T08:24:29.976+0800][gc,cpu      ] GC(0) User=0.03s Sys=0.00s Real=0.00s
[2025-12-10T08:24:30.189+0800][gc,start    ] GC(1) Pause Young (Concurrent Start) (GCLocker Initiated GC)
[2025-12-10T08:24:30.190+0800][gc,task     ] GC(1) Using 8 workers of 8 for evacuation
[2025-12-10T08:24:30.194+0800][gc,phases   ] GC(1)   Pre Evacuate Collection Set: 0.1ms
[2025-12-10T08:24:30.194+0800][gc,phases   ] GC(1)   Merge Heap Roots: 0.0ms
[2025-12-10T08:24:30.194+0800][gc,phases   ] GC(1)   Evacuate Collection Set: 3.6ms
[2025-12-10T08:24:30.194+0800][gc,phases   ] GC(1)   Post Evacuate Collection Set: 0.5ms
[2025-12-10T08:24:30.194+0800][gc,phases   ] GC(1)   Other: 0.0ms
[2025-12-10T08:24:30.194+0800][gc,heap     ] GC(1) Eden regions: 136->0(235)
[2025-12-10T08:24:30.194+0800][gc,heap     ] GC(1) Survivor regions: 11->21(32)
[2025-12-10T08:24:30.194+0800][gc,heap     ] GC(1) Old regions: 2->2
[2025-12-10T08:24:30.194+0800][gc,heap     ] GC(1) Humongous regions: 0->0
[2025-12-10T08:24:30.194+0800][gc,metaspace] GC(1) Metaspace: 21081K(21568K)->21081K(21568K) NonClass: 18533K(18816K)->18533K(18816K) Class: 2547K(2752K)->2547K(2752K)
[2025-12-10T08:24:30.194+0800][gc          ] GC(1) Pause Young (Concurrent Start) (GCLocker Initiated GC) 147M->21M(512M) 4.494ms
[2025-12-10T08:24:30.194+0800][gc          ] GC(2) Concurrent Mark Cycle
[2025-12-10T08:24:30.194+0800][gc,cpu      ] GC(1) User=0.03s Sys=0.00s Real=0.01s
[2025-12-10T08:24:30.194+0800][gc,marking  ] GC(2) Concurrent Scan Root Regions
[2025-12-10T08:24:30.199+0800][gc,marking  ] GC(2) Concurrent Scan Root Regions 4.546ms
[2025-12-10T08:24:30.199+0800][gc,marking  ] GC(2) Concurrent Mark
[2025-12-10T08:24:30.199+0800][gc,marking  ] GC(2) Concurrent Mark From Roots
[2025-12-10T08:24:30.199+0800][gc,task     ] GC(2) Using 2 workers of 2 for marking
[2025-12-10T08:24:30.200+0800][gc,marking  ] GC(2) Concurrent Mark From Roots 1.149ms
[2025-12-10T08:24:30.200+0800][gc,marking  ] GC(2) Concurrent Preclean
[2025-12-10T08:24:30.200+0800][gc,marking  ] GC(2) Concurrent Preclean 0.009ms
[2025-12-10T08:24:30.200+0800][gc,start    ] GC(2) Pause Remark
[2025-12-10T08:24:30.201+0800][gc          ] GC(2) Pause Remark 23M->23M(512M) 1.192ms
[2025-12-10T08:24:30.201+0800][gc,cpu      ] GC(2) User=0.01s Sys=0.00s Real=0.00s
[2025-12-10T08:24:30.201+0800][gc,marking  ] GC(2) Concurrent Mark 2.515ms
[2025-12-10T08:24:30.201+0800][gc,marking  ] GC(2) Concurrent Rebuild Remembered Sets and Scrub Regions
[2025-12-10T08:24:30.201+0800][gc,marking  ] GC(2) Concurrent Rebuild Remembered Sets and Scrub Regions 0.376ms
[2025-12-10T08:24:30.202+0800][gc,start    ] GC(2) Pause Cleanup
[2025-12-10T08:24:30.202+0800][gc          ] GC(2) Pause Cleanup 23M->23M(512M) 0.065ms
[2025-12-10T08:24:30.202+0800][gc,cpu      ] GC(2) User=0.00s Sys=0.00s Real=0.00s
[2025-12-10T08:24:30.202+0800][gc,marking  ] GC(2) Concurrent Clear Claimed Marks
[2025-12-10T08:24:30.202+0800][gc,marking  ] GC(2) Concurrent Clear Claimed Marks 0.007ms
[2025-12-10T08:24:30.202+0800][gc,marking  ] GC(2) Concurrent Cleanup for Next Mark
[2025-12-10T08:24:30.203+0800][gc,marking  ] GC(2) Concurrent Cleanup for Next Mark 0.946ms
[2025-12-10T08:24:30.203+0800][gc          ] GC(2) Concurrent Mark Cycle 8.623ms
[2025-12-10T08:24:30.532+0800][gc,start    ] GC(3) Pause Young (Prepare Mixed) (G1 Evacuation Pause)
[2025-12-10T08:24:30.532+0800][gc,task     ] GC(3) Using 8 workers of 8 for evacuation
[2025-12-10T08:24:30.544+0800][gc,phases   ] GC(3)   Pre Evacuate Collection Set: 0.2ms
[2025-12-10T08:24:30.545+0800][gc,phases   ] GC(3)   Merge Heap Roots: 0.1ms
[2025-12-10T08:24:30.545+0800][gc,phases   ] GC(3)   Evacuate Collection Set: 11.2ms
[2025-12-10T08:24:30.545+0800][gc,phases   ] GC(3)   Post Evacuate Collection Set: 0.8ms
[2025-12-10T08:24:30.545+0800][gc,phases   ] GC(3)   Other: 0.0ms
[2025-12-10T08:24:30.545+0800][gc,heap     ] GC(3) Eden regions: 235->0(224)
[2025-12-10T08:24:30.545+0800][gc,heap     ] GC(3) Survivor regions: 21->32(32)
[2025-12-10T08:24:30.545+0800][gc,heap     ] GC(3) Old regions: 2->13
[2025-12-10T08:24:30.545+0800][gc,heap     ] GC(3) Humongous regions: 0->0
[2025-12-10T08:24:30.545+0800][gc,metaspace] GC(3) Metaspace: 21442K(21952K)->21442K(21952K) NonClass: 18845K(19136K)->18845K(19136K) Class: 2597K(2816K)->2597K(2816K)
[2025-12-10T08:24:30.545+0800][gc          ] GC(3) Pause Young (Prepare Mixed) (G1 Evacuation Pause) 256M->42M(512M) 12.453ms
[2025-12-10T08:24:30.545+0800][gc,cpu      ] GC(3) User=0.08s Sys=0.01s Real=0.01s
[2025-12-10T08:24:31.086+0800][gc,start    ] GC(4) Pause Young (Mixed) (G1 Evacuation Pause)
[2025-12-10T08:24:31.086+0800][gc,task     ] GC(4) Using 8 workers of 8 for evacuation
[2025-12-10T08:24:31.094+0800][gc,phases   ] GC(4)   Pre Evacuate Collection Set: 0.1ms
[2025-12-10T08:24:31.094+0800][gc,phases   ] GC(4)   Merge Heap Roots: 0.1ms
[2025-12-10T08:24:31.094+0800][gc,phases   ] GC(4)   Evacuate Collection Set: 7.2ms
[2025-12-10T08:24:31.094+0800][gc,phases   ] GC(4)   Post Evacuate Collection Set: 0.5ms
[2025-12-10T08:24:31.094+0800][gc,phases   ] GC(4)   Other: 0.0ms
[2025-12-10T08:24:31.094+0800][gc,heap     ] GC(4) Eden regions: 224->0(248)
[2025-12-10T08:24:31.094+0800][gc,heap     ] GC(4) Survivor regions: 32->8(32)
[2025-12-10T08:24:31.094+0800][gc,heap     ] GC(4) Old regions: 13->42
[2025-12-10T08:24:31.094+0800][gc,heap     ] GC(4) Humongous regions: 0->0
[2025-12-10T08:24:31.094+0800][gc,metaspace] GC(4) Metaspace: 27383K(27840K)->27383K(27840K) NonClass: 24081K(24320K)->24081K(24320K) Class: 3302K(3520K)->3302K(3520K)
[2025-12-10T08:24:31.094+0800][gc          ] GC(4) Pause Young (Mixed) (G1 Evacuation Pause) 266M->49M(512M) 8.113ms
[2025-12-10T08:24:31.094+0800][gc,cpu      ] GC(4) User=0.05s Sys=0.01s Real=0.01s
[2025-12-10T08:24:31.444+0800][gc,start    ] GC(5) Pause Young (Concurrent Start) (Metadata GC Threshold)
[2025-12-10T08:24:31.444+0800][gc,task     ] GC(5) Using 8 workers of 8 for evacuation
[2025-12-10T08:24:31.447+0800][gc,phases   ] GC(5)   Pre Evacuate Collection Set: 0.1ms
[2025-12-10T08:24:31.447+0800][gc,phases   ] GC(5)   Merge Heap Roots: 0.0ms
[2025-12-10T08:24:31.447+0800][gc,phases   ] GC(5)   Evacuate Collection Set: 2.5ms
[2025-12-10T08:24:31.447+0800][gc,phases   ] GC(5)   Post Evacuate Collection Set: 0.3ms
[2025-12-10T08:24:31.447+0800][gc,phases   ] GC(5)   Other: 0.0ms
[2025-12-10T08:24:31.447+0800][gc,heap     ] GC(5) Eden regions: 125->0(248)
[2025-12-10T08:24:31.447+0800][gc,heap     ] GC(5) Survivor regions: 8->8(32)
[2025-12-10T08:24:31.447+0800][gc,heap     ] GC(5) Old regions: 42->42
[2025-12-10T08:24:31.447+0800][gc,heap     ] GC(5) Humongous regions: 0->0
[2025-12-10T08:24:31.447+0800][gc,metaspace] GC(5) Metaspace: 35459K(35968K)->35459K(35968K) NonClass: 31111K(31360K)->31111K(31360K) Class: 4348K(4608K)->4348K(4608K)
[2025-12-10T08:24:31.447+0800][gc          ] GC(5) Pause Young (Concurrent Start) (Metadata GC Threshold) 173M->48M(512M) 3.136ms
[2025-12-10T08:24:31.447+0800][gc,cpu      ] GC(5) User=0.02s Sys=0.00s Real=0.00s
[2025-12-10T08:24:31.447+0800][gc          ] GC(6) Concurrent Mark Cycle
[2025-12-10T08:24:31.447+0800][gc,marking  ] GC(6) Concurrent Scan Root Regions
[2025-12-10T08:24:31.449+0800][gc,marking  ] GC(6) Concurrent Scan Root Regions 2.019ms
[2025-12-10T08:24:31.449+0800][gc,marking  ] GC(6) Concurrent Mark
[2025-12-10T08:24:31.449+0800][gc,marking  ] GC(6) Concurrent Mark From Roots
[2025-12-10T08:24:31.449+0800][gc,task     ] GC(6) Using 2 workers of 2 for marking
[2025-12-10T08:24:31.464+0800][gc,marking  ] GC(6) Concurrent Mark From Roots 15.234ms
[2025-12-10T08:24:31.465+0800][gc,marking  ] GC(6) Concurrent Preclean
[2025-12-10T08:24:31.465+0800][gc,marking  ] GC(6) Concurrent Preclean 0.075ms
[2025-12-10T08:24:31.465+0800][gc,start    ] GC(6) Pause Remark
[2025-12-10T08:24:31.467+0800][gc          ] GC(6) Pause Remark 50M->50M(512M) 2.184ms
[2025-12-10T08:24:31.467+0800][gc,cpu      ] GC(6) User=0.01s Sys=0.00s Real=0.00s
[2025-12-10T08:24:31.467+0800][gc,marking  ] GC(6) Concurrent Mark 18.063ms
[2025-12-10T08:24:31.467+0800][gc,marking  ] GC(6) Concurrent Rebuild Remembered Sets and Scrub Regions
[2025-12-10T08:24:31.473+0800][gc,marking  ] GC(6) Concurrent Rebuild Remembered Sets and Scrub Regions 5.794ms
[2025-12-10T08:24:31.473+0800][gc,start    ] GC(6) Pause Cleanup
[2025-12-10T08:24:31.473+0800][gc          ] GC(6) Pause Cleanup 51M->51M(512M) 0.069ms
[2025-12-10T08:24:31.473+0800][gc,cpu      ] GC(6) User=0.00s Sys=0.00s Real=0.00s
[2025-12-10T08:24:31.473+0800][gc,marking  ] GC(6) Concurrent Clear Claimed Marks
[2025-12-10T08:24:31.473+0800][gc,marking  ] GC(6) Concurrent Clear Claimed Marks 0.027ms
[2025-12-10T08:24:31.473+0800][gc,marking  ] GC(6) Concurrent Cleanup for Next Mark
[2025-12-10T08:24:31.474+0800][gc,marking  ] GC(6) Concurrent Cleanup for Next Mark 0.361ms
[2025-12-10T08:24:31.474+0800][gc          ] GC(6) Concurrent Mark Cycle 26.599ms
[2025-12-10T08:24:32.352+0800][gc,start    ] GC(7) Pause Young (Prepare Mixed) (G1 Evacuation Pause)
[2025-12-10T08:24:32.352+0800][gc,task     ] GC(7) Using 8 workers of 8 for evacuation
[2025-12-10T08:24:32.358+0800][gc,phases   ] GC(7)   Pre Evacuate Collection Set: 0.2ms
[2025-12-10T08:24:32.358+0800][gc,phases   ] GC(7)   Merge Heap Roots: 0.1ms
[2025-12-10T08:24:32.358+0800][gc,phases   ] GC(7)   Evacuate Collection Set: 5.0ms
[2025-12-10T08:24:32.358+0800][gc,phases   ] GC(7)   Post Evacuate Collection Set: 0.8ms
[2025-12-10T08:24:32.358+0800][gc,phases   ] GC(7)   Other: 0.0ms
[2025-12-10T08:24:32.358+0800][gc,heap     ] GC(7) Eden regions: 248->0(239)
[2025-12-10T08:24:32.358+0800][gc,heap     ] GC(7) Survivor regions: 8->17(32)
[2025-12-10T08:24:32.358+0800][gc,heap     ] GC(7) Old regions: 42->42
[2025-12-10T08:24:32.358+0800][gc,heap     ] GC(7) Humongous regions: 0->0
[2025-12-10T08:24:32.358+0800][gc,metaspace] GC(7) Metaspace: 53034K(53696K)->53034K(53696K) NonClass: 46569K(46912K)->46569K(46912K) Class: 6465K(6784K)->6465K(6784K)
[2025-12-10T08:24:32.358+0800][gc          ] GC(7) Pause Young (Prepare Mixed) (G1 Evacuation Pause) 296M->58M(512M) 6.143ms
[2025-12-10T08:24:32.358+0800][gc,cpu      ] GC(7) User=0.03s Sys=0.00s Real=0.00s
[2025-12-10T08:24:32.640+0800][gc,start    ] GC(8) Pause Young (Mixed) (Metadata GC Threshold)
[2025-12-10T08:24:32.640+0800][gc,task     ] GC(8) Using 8 workers of 8 for evacuation
[2025-12-10T08:24:32.644+0800][gc,phases   ] GC(8)   Pre Evacuate Collection Set: 0.1ms
[2025-12-10T08:24:32.644+0800][gc,phases   ] GC(8)   Merge Heap Roots: 0.0ms
[2025-12-10T08:24:32.644+0800][gc,phases   ] GC(8)   Evacuate Collection Set: 3.7ms
[2025-12-10T08:24:32.644+0800][gc,phases   ] GC(8)   Post Evacuate Collection Set: 0.4ms
[2025-12-10T08:24:32.644+0800][gc,phases   ] GC(8)   Other: 0.0ms
[2025-12-10T08:24:32.644+0800][gc,heap     ] GC(8) Eden regions: 87->0(236)
[2025-12-10T08:24:32.644+0800][gc,heap     ] GC(8) Survivor regions: 17->20(32)
[2025-12-10T08:24:32.644+0800][gc,heap     ] GC(8) Old regions: 42->42
[2025-12-10T08:24:32.644+0800][gc,heap     ] GC(8) Humongous regions: 0->0
[2025-12-10T08:24:32.644+0800][gc,metaspace] GC(8) Metaspace: 60609K(61248K)->60609K(61248K) NonClass: 53322K(53696K)->53322K(53696K) Class: 7287K(7552K)->7287K(7552K)
[2025-12-10T08:24:32.644+0800][gc          ] GC(8) Pause Young (Mixed) (Metadata GC Threshold) 145M->60M(512M) 4.490ms
[2025-12-10T08:24:32.644+0800][gc,cpu      ] GC(8) User=0.03s Sys=0.00s Real=0.00s
[2025-12-10T08:24:32.654+0800][gc,start    ] GC(9) Pause Young (Concurrent Start) (Metadata GC Threshold)
[2025-12-10T08:24:32.654+0800][gc,task     ] GC(9) Using 8 workers of 8 for evacuation
[2025-12-10T08:24:32.659+0800][gc,phases   ] GC(9)   Pre Evacuate Collection Set: 0.1ms
[2025-12-10T08:24:32.659+0800][gc,phases   ] GC(9)   Merge Heap Roots: 0.0ms
[2025-12-10T08:24:32.659+0800][gc,phases   ] GC(9)   Evacuate Collection Set: 4.4ms
[2025-12-10T08:24:32.659+0800][gc,phases   ] GC(9)   Post Evacuate Collection Set: 0.4ms
[2025-12-10T08:24:32.659+0800][gc,phases   ] GC(9)   Other: 0.0ms
[2025-12-10T08:24:32.659+0800][gc,heap     ] GC(9) Eden regions: 3->0(241)
[2025-12-10T08:24:32.659+0800][gc,heap     ] GC(9) Survivor regions: 20->15(32)
[2025-12-10T08:24:32.659+0800][gc,heap     ] GC(9) Old regions: 42->46
[2025-12-10T08:24:32.659+0800][gc,heap     ] GC(9) Humongous regions: 0->0
[2025-12-10T08:24:32.659+0800][gc,metaspace] GC(9) Metaspace: 60842K(61568K)->60842K(61568K) NonClass: 53523K(53888K)->53523K(53888K) Class: 7318K(7680K)->7318K(7680K)
[2025-12-10T08:24:32.659+0800][gc          ] GC(9) Pause Young (Concurrent Start) (Metadata GC Threshold) 63M->60M(512M) 5.047ms
[2025-12-10T08:24:32.659+0800][gc          ] GC(10) Concurrent Mark Cycle
[2025-12-10T08:24:32.659+0800][gc,cpu      ] GC(9) User=0.04s Sys=0.01s Real=0.00s
[2025-12-10T08:24:32.659+0800][gc,marking  ] GC(10) Concurrent Scan Root Regions
[2025-12-10T08:24:32.663+0800][gc,marking  ] GC(10) Concurrent Scan Root Regions 4.167ms
[2025-12-10T08:24:32.663+0800][gc,marking  ] GC(10) Concurrent Mark
[2025-12-10T08:24:32.663+0800][gc,marking  ] GC(10) Concurrent Mark From Roots
[2025-12-10T08:24:32.663+0800][gc,task     ] GC(10) Using 2 workers of 2 for marking
[2025-12-10T08:24:32.678+0800][gc,marking  ] GC(10) Concurrent Mark From Roots 14.399ms
[2025-12-10T08:24:32.678+0800][gc,marking  ] GC(10) Concurrent Preclean
[2025-12-10T08:24:32.678+0800][gc,marking  ] GC(10) Concurrent Preclean 0.077ms
[2025-12-10T08:24:32.678+0800][gc,start    ] GC(10) Pause Remark
[2025-12-10T08:24:32.680+0800][gc          ] GC(10) Pause Remark 66M->66M(512M) 2.577ms
[2025-12-10T08:24:32.680+0800][gc,cpu      ] GC(10) User=0.01s Sys=0.00s Real=0.01s
[2025-12-10T08:24:32.680+0800][gc,marking  ] GC(10) Concurrent Mark 17.219ms
[2025-12-10T08:24:32.680+0800][gc,marking  ] GC(10) Concurrent Rebuild Remembered Sets and Scrub Regions
[2025-12-10T08:24:32.687+0800][gc,marking  ] GC(10) Concurrent Rebuild Remembered Sets and Scrub Regions 6.909ms
[2025-12-10T08:24:32.687+0800][gc,start    ] GC(10) Pause Cleanup
[2025-12-10T08:24:32.687+0800][gc          ] GC(10) Pause Cleanup 66M->66M(512M) 0.065ms
[2025-12-10T08:24:32.687+0800][gc,cpu      ] GC(10) User=0.00s Sys=0.00s Real=0.00s
[2025-12-10T08:24:32.687+0800][gc,marking  ] GC(10) Concurrent Clear Claimed Marks
[2025-12-10T08:24:32.687+0800][gc,marking  ] GC(10) Concurrent Clear Claimed Marks 0.039ms
[2025-12-10T08:24:32.687+0800][gc,marking  ] GC(10) Concurrent Cleanup for Next Mark
[2025-12-10T08:24:32.688+0800][gc,marking  ] GC(10) Concurrent Cleanup for Next Mark 0.245ms
[2025-12-10T08:24:32.688+0800][gc          ] GC(10) Concurrent Mark Cycle 28.839ms
[2025-12-10T08:24:33.844+0800][gc,start    ] GC(11) Pause Young (Prepare Mixed) (G1 Evacuation Pause)
[2025-12-10T08:24:33.844+0800][gc,task     ] GC(11) Using 8 workers of 8 for evacuation
[2025-12-10T08:24:33.852+0800][gc,phases   ] GC(11)   Pre Evacuate Collection Set: 0.2ms
[2025-12-10T08:24:33.852+0800][gc,phases   ] GC(11)   Merge Heap Roots: 0.1ms
[2025-12-10T08:24:33.852+0800][gc,phases   ] GC(11)   Evacuate Collection Set: 7.0ms
[2025-12-10T08:24:33.852+0800][gc,phases   ] GC(11)   Post Evacuate Collection Set: 0.7ms
[2025-12-10T08:24:33.852+0800][gc,phases   ] GC(11)   Other: 0.0ms
[2025-12-10T08:24:33.852+0800][gc,heap     ] GC(11) Eden regions: 241->0(224)
[2025-12-10T08:24:33.852+0800][gc,heap     ] GC(11) Survivor regions: 15->32(32)
[2025-12-10T08:24:33.852+0800][gc,heap     ] GC(11) Old regions: 46->47
[2025-12-10T08:24:33.852+0800][gc,heap     ] GC(11) Humongous regions: 0->0
[2025-12-10T08:24:33.852+0800][gc,metaspace] GC(11) Metaspace: 71228K(72000K)->71228K(72000K) NonClass: 62566K(62976K)->62566K(62976K) Class: 8662K(9024K)->8662K(9024K)
[2025-12-10T08:24:33.852+0800][gc          ] GC(11) Pause Young (Prepare Mixed) (G1 Evacuation Pause) 301M->78M(512M) 8.129ms
[2025-12-10T08:24:33.852+0800][gc,cpu      ] GC(11) User=0.06s Sys=0.01s Real=0.01s
[2025-12-10T08:24:34.276+0800][gc,start    ] GC(12) Pause Young (Mixed) (G1 Evacuation Pause)
[2025-12-10T08:24:34.276+0800][gc,task     ] GC(12) Using 8 workers of 8 for evacuation
[2025-12-10T08:24:34.286+0800][gc,phases   ] GC(12)   Pre Evacuate Collection Set: 0.2ms
[2025-12-10T08:24:34.286+0800][gc,phases   ] GC(12)   Merge Heap Roots: 0.1ms
[2025-12-10T08:24:34.286+0800][gc,phases   ] GC(12)   Evacuate Collection Set: 8.4ms
[2025-12-10T08:24:34.286+0800][gc,phases   ] GC(12)   Post Evacuate Collection Set: 0.7ms
[2025-12-10T08:24:34.286+0800][gc,phases   ] GC(12)   Other: 0.0ms
[2025-12-10T08:24:34.286+0800][gc,heap     ] GC(12) Eden regions: 224->0(246)
[2025-12-10T08:24:34.286+0800][gc,heap     ] GC(12) Survivor regions: 32->10(32)
[2025-12-10T08:24:34.286+0800][gc,heap     ] GC(12) Old regions: 47->78
[2025-12-10T08:24:34.286+0800][gc,heap     ] GC(12) Humongous regions: 0->0
[2025-12-10T08:24:34.286+0800][gc,metaspace] GC(12) Metaspace: 75445K(76288K)->75445K(76288K) NonClass: 66108K(66560K)->66108K(66560K) Class: 9336K(9728K)->9336K(9728K)
[2025-12-10T08:24:34.286+0800][gc          ] GC(12) Pause Young (Mixed) (G1 Evacuation Pause) 302M->87M(512M) 9.505ms
[2025-12-10T08:24:34.286+0800][gc,cpu      ] GC(12) User=0.05s Sys=0.01s Real=0.01s
[2025-12-10T08:24:34.516+0800][gc,start    ] GC(13) Pause Young (Normal) (G1 Evacuation Pause)
[2025-12-10T08:24:34.516+0800][gc,task     ] GC(13) Using 8 workers of 8 for evacuation
[2025-12-10T08:24:34.523+0800][gc,phases   ] GC(13)   Pre Evacuate Collection Set: 0.1ms
[2025-12-10T08:24:34.523+0800][gc,phases   ] GC(13)   Merge Heap Roots: 0.1ms
[2025-12-10T08:24:34.523+0800][gc,phases   ] GC(13)   Evacuate Collection Set: 5.8ms
[2025-12-10T08:24:34.523+0800][gc,phases   ] GC(13)   Post Evacuate Collection Set: 0.5ms
[2025-12-10T08:24:34.523+0800][gc,phases   ] GC(13)   Other: 0.0ms
[2025-12-10T08:24:34.523+0800][gc,heap     ] GC(13) Eden regions: 246->0(224)
[2025-12-10T08:24:34.523+0800][gc,heap     ] GC(13) Survivor regions: 10->32(32)
[2025-12-10T08:24:34.523+0800][gc,heap     ] GC(13) Old regions: 78->78
[2025-12-10T08:24:34.523+0800][gc,heap     ] GC(13) Humongous regions: 0->0
[2025-12-10T08:24:34.523+0800][gc,metaspace] GC(13) Metaspace: 75599K(76480K)->75599K(76480K) NonClass: 66242K(66752K)->66242K(66752K) Class: 9356K(9728K)->9356K(9728K)
[2025-12-10T08:24:34.523+0800][gc          ] GC(13) Pause Young (Normal) (G1 Evacuation Pause) 333M->109M(512M) 6.761ms
[2025-12-10T08:24:34.523+0800][gc,cpu      ] GC(13) User=0.05s Sys=0.00s Real=0.01s
[2025-12-10T08:24:34.995+0800][gc,start    ] GC(14) Pause Young (Concurrent Start) (G1 Evacuation Pause)
[2025-12-10T08:24:34.995+0800][gc,task     ] GC(14) Using 8 workers of 8 for evacuation
[2025-12-10T08:24:35.004+0800][gc,phases   ] GC(14)   Pre Evacuate Collection Set: 0.2ms
[2025-12-10T08:24:35.004+0800][gc,phases   ] GC(14)   Merge Heap Roots: 0.1ms
[2025-12-10T08:24:35.004+0800][gc,phases   ] GC(14)   Evacuate Collection Set: 8.5ms
[2025-12-10T08:24:35.004+0800][gc,phases   ] GC(14)   Post Evacuate Collection Set: 0.5ms
[2025-12-10T08:24:35.004+0800][gc,phases   ] GC(14)   Other: 0.1ms
[2025-12-10T08:24:35.004+0800][gc,heap     ] GC(14) Eden regions: 224->0(247)
[2025-12-10T08:24:35.004+0800][gc,heap     ] GC(14) Survivor regions: 32->9(32)
[2025-12-10T08:24:35.004+0800][gc,heap     ] GC(14) Old regions: 78->109
[2025-12-10T08:24:35.004+0800][gc,heap     ] GC(14) Humongous regions: 0->0
[2025-12-10T08:24:35.004+0800][gc,metaspace] GC(14) Metaspace: 80596K(81536K)->80596K(81536K) NonClass: 70631K(71104K)->70631K(71104K) Class: 9965K(10432K)->9965K(10432K)
[2025-12-10T08:24:35.004+0800][gc          ] GC(14) Pause Young (Concurrent Start) (G1 Evacuation Pause) 333M->117M(512M) 9.384ms
[2025-12-10T08:24:35.004+0800][gc          ] GC(15) Concurrent Mark Cycle
[2025-12-10T08:24:35.004+0800][gc,marking  ] GC(15) Concurrent Scan Root Regions
[2025-12-10T08:24:35.004+0800][gc,cpu      ] GC(14) User=0.05s Sys=0.01s Real=0.01s
[2025-12-10T08:24:35.011+0800][gc,marking  ] GC(15) Concurrent Scan Root Regions 6.779ms
[2025-12-10T08:24:35.011+0800][gc,marking  ] GC(15) Concurrent Mark
[2025-12-10T08:24:35.011+0800][gc,marking  ] GC(15) Concurrent Mark From Roots
[2025-12-10T08:24:35.011+0800][gc,task     ] GC(15) Using 2 workers of 2 for marking
[2025-12-10T08:24:35.040+0800][gc,marking  ] GC(15) Concurrent Mark From Roots 29.231ms
[2025-12-10T08:24:35.040+0800][gc,marking  ] GC(15) Concurrent Preclean
[2025-12-10T08:24:35.041+0800][gc,marking  ] GC(15) Concurrent Preclean 0.134ms
[2025-12-10T08:24:35.041+0800][gc,start    ] GC(15) Pause Remark
[2025-12-10T08:24:35.048+0800][gc          ] GC(15) Pause Remark 125M->125M(512M) 7.344ms
[2025-12-10T08:24:35.048+0800][gc,cpu      ] GC(15) User=0.05s Sys=0.00s Real=0.00s
[2025-12-10T08:24:35.048+0800][gc,marking  ] GC(15) Concurrent Mark 37.044ms
[2025-12-10T08:24:35.048+0800][gc,marking  ] GC(15) Concurrent Rebuild Remembered Sets and Scrub Regions
[2025-12-10T08:24:35.067+0800][gc,marking  ] GC(15) Concurrent Rebuild Remembered Sets and Scrub Regions 18.978ms
[2025-12-10T08:24:35.067+0800][gc,start    ] GC(15) Pause Cleanup
[2025-12-10T08:24:35.067+0800][gc          ] GC(15) Pause Cleanup 130M->130M(512M) 0.108ms
[2025-12-10T08:24:35.067+0800][gc,cpu      ] GC(15) User=0.00s Sys=0.00s Real=0.00s
[2025-12-10T08:24:35.068+0800][gc,marking  ] GC(15) Concurrent Clear Claimed Marks
[2025-12-10T08:24:35.068+0800][gc,marking  ] GC(15) Concurrent Clear Claimed Marks 0.062ms
[2025-12-10T08:24:35.068+0800][gc,marking  ] GC(15) Concurrent Cleanup for Next Mark
[2025-12-10T08:24:35.068+0800][gc,marking  ] GC(15) Concurrent Cleanup for Next Mark 0.256ms
[2025-12-10T08:24:35.068+0800][gc          ] GC(15) Concurrent Mark Cycle 63.602ms
[2025-12-10T08:24:35.600+0800][gc,start    ] GC(16) Pause Young (Prepare Mixed) (G1 Evacuation Pause)
[2025-12-10T08:24:35.600+0800][gc,task     ] GC(16) Using 8 workers of 8 for evacuation
[2025-12-10T08:24:35.605+0800][gc,phases   ] GC(16)   Pre Evacuate Collection Set: 0.1ms
[2025-12-10T08:24:35.605+0800][gc,phases   ] GC(16)   Merge Heap Roots: 0.1ms
[2025-12-10T08:24:35.605+0800][gc,phases   ] GC(16)   Evacuate Collection Set: 4.1ms
[2025-12-10T08:24:35.605+0800][gc,phases   ] GC(16)   Post Evacuate Collection Set: 0.7ms
[2025-12-10T08:24:35.605+0800][gc,phases   ] GC(16)   Other: 0.0ms
[2025-12-10T08:24:35.605+0800][gc,heap     ] GC(16) Eden regions: 247->0(238)
[2025-12-10T08:24:35.605+0800][gc,heap     ] GC(16) Survivor regions: 9->18(32)
[2025-12-10T08:24:35.605+0800][gc,heap     ] GC(16) Old regions: 109->109
[2025-12-10T08:24:35.605+0800][gc,heap     ] GC(16) Humongous regions: 0->0
[2025-12-10T08:24:35.605+0800][gc,metaspace] GC(16) Metaspace: 84292K(85312K)->84292K(85312K) NonClass: 73822K(74368K)->73822K(74368K) Class: 10470K(10944K)->10470K(10944K)
[2025-12-10T08:24:35.605+0800][gc          ] GC(16) Pause Young (Prepare Mixed) (G1 Evacuation Pause) 364M->126M(512M) 5.188ms
[2025-12-10T08:24:35.606+0800][gc,cpu      ] GC(16) User=0.04s Sys=0.00s Real=0.00s
[2025-12-10T09:08:20.768+0800][gc,start    ] GC(17) Pause Young (Mixed) (G1 Evacuation Pause)
[2025-12-10T09:08:20.768+0800][gc,task     ] GC(17) Using 8 workers of 8 for evacuation
[2025-12-10T09:08:20.809+0800][gc,phases   ] GC(17)   Pre Evacuate Collection Set: 1.7ms
[2025-12-10T09:08:20.809+0800][gc,phases   ] GC(17)   Merge Heap Roots: 0.7ms
[2025-12-10T09:08:20.809+0800][gc,phases   ] GC(17)   Evacuate Collection Set: 36.9ms
[2025-12-10T09:08:20.809+0800][gc,phases   ] GC(17)   Post Evacuate Collection Set: 1.1ms
[2025-12-10T09:08:20.809+0800][gc,phases   ] GC(17)   Other: 0.2ms
[2025-12-10T09:08:20.809+0800][gc,heap     ] GC(17) Eden regions: 238->0(231)
[2025-12-10T09:08:20.809+0800][gc,heap     ] GC(17) Survivor regions: 18->25(32)
[2025-12-10T09:08:20.809+0800][gc,heap     ] GC(17) Old regions: 109->109
[2025-12-10T09:08:20.809+0800][gc,heap     ] GC(17) Humongous regions: 0->0
[2025-12-10T09:08:20.809+0800][gc,metaspace] GC(17) Metaspace: 89897K(91136K)->89897K(91136K) NonClass: 79064K(79744K)->79064K(79744K) Class: 10832K(11392K)->10832K(11392K)
[2025-12-10T09:08:20.809+0800][gc          ] GC(17) Pause Young (Mixed) (G1 Evacuation Pause) 364M->133M(512M) 41.119ms
[2025-12-10T09:08:20.809+0800][gc,cpu      ] GC(17) User=0.07s Sys=0.15s Real=0.04s
[2025-12-10T10:18:32.957+0800][gc,start    ] GC(18) Pause Young (Mixed) (G1 Evacuation Pause)
[2025-12-10T10:18:32.959+0800][gc,task     ] GC(18) Using 8 workers of 8 for evacuation
[2025-12-10T10:18:33.006+0800][gc,phases   ] GC(18)   Pre Evacuate Collection Set: 2.5ms
[2025-12-10T10:18:33.006+0800][gc,phases   ] GC(18)   Merge Heap Roots: 1.2ms
[2025-12-10T10:18:33.006+0800][gc,phases   ] GC(18)   Evacuate Collection Set: 41.7ms
[2025-12-10T10:18:33.006+0800][gc,phases   ] GC(18)   Post Evacuate Collection Set: 1.3ms
[2025-12-10T10:18:33.006+0800][gc,phases   ] GC(18)   Other: 0.4ms
[2025-12-10T10:18:33.006+0800][gc,heap     ] GC(18) Eden regions: 231->0(244)
[2025-12-10T10:18:33.006+0800][gc,heap     ] GC(18) Survivor regions: 25->12(32)
[2025-12-10T10:18:33.006+0800][gc,heap     ] GC(18) Old regions: 109->123
[2025-12-10T10:18:33.006+0800][gc,heap     ] GC(18) Humongous regions: 0->0
[2025-12-10T10:18:33.006+0800][gc,metaspace] GC(18) Metaspace: 90209K(91456K)->90209K(91456K) NonClass: 79364K(80064K)->79364K(80064K) Class: 10844K(11392K)->10844K(11392K)
[2025-12-10T10:18:33.006+0800][gc          ] GC(18) Pause Young (Mixed) (G1 Evacuation Pause) 364M->134M(512M) 48.920ms
[2025-12-10T10:18:33.006+0800][gc,cpu      ] GC(18) User=0.06s Sys=0.15s Real=0.05s
[2025-12-10T11:33:26.628+0800][gc,start    ] GC(19) Pause Young (Concurrent Start) (G1 Evacuation Pause)
[2025-12-10T11:33:26.631+0800][gc,task     ] GC(19) Using 8 workers of 8 for evacuation
[2025-12-10T11:33:26.671+0800][gc,phases   ] GC(19)   Pre Evacuate Collection Set: 2.8ms
[2025-12-10T11:33:26.671+0800][gc,phases   ] GC(19)   Merge Heap Roots: 0.3ms
[2025-12-10T11:33:26.671+0800][gc,phases   ] GC(19)   Evacuate Collection Set: 34.4ms
[2025-12-10T11:33:26.671+0800][gc,phases   ] GC(19)   Post Evacuate Collection Set: 2.5ms
[2025-12-10T11:33:26.671+0800][gc,phases   ] GC(19)   Other: 0.4ms
[2025-12-10T11:33:26.671+0800][gc,heap     ] GC(19) Eden regions: 244->0(244)
[2025-12-10T11:33:26.671+0800][gc,heap     ] GC(19) Survivor regions: 12->12(32)
[2025-12-10T11:33:26.671+0800][gc,heap     ] GC(19) Old regions: 123->123
[2025-12-10T11:33:26.671+0800][gc,heap     ] GC(19) Humongous regions: 0->0
[2025-12-10T11:33:26.671+0800][gc,metaspace] GC(19) Metaspace: 90328K(91520K)->90328K(91520K) NonClass: 79481K(80128K)->79481K(80128K) Class: 10847K(11392K)->10847K(11392K)
[2025-12-10T11:33:26.671+0800][gc          ] GC(19) Pause Young (Concurrent Start) (G1 Evacuation Pause) 378M->134M(512M) 43.098ms
[2025-12-10T11:33:26.671+0800][gc          ] GC(20) Concurrent Mark Cycle
[2025-12-10T11:33:26.672+0800][gc,marking  ] GC(20) Concurrent Scan Root Regions
[2025-12-10T11:33:26.672+0800][gc,cpu      ] GC(19) User=0.05s Sys=0.16s Real=0.05s
[2025-12-10T11:33:26.679+0800][gc,marking  ] GC(20) Concurrent Scan Root Regions 7.471ms
[2025-12-10T11:33:26.679+0800][gc,marking  ] GC(20) Concurrent Mark
[2025-12-10T11:33:26.679+0800][gc,marking  ] GC(20) Concurrent Mark From Roots
[2025-12-10T11:33:26.679+0800][gc,task     ] GC(20) Using 2 workers of 2 for marking
[2025-12-10T11:33:26.733+0800][gc,marking  ] GC(20) Concurrent Mark From Roots 53.824ms
[2025-12-10T11:33:26.733+0800][gc,marking  ] GC(20) Concurrent Preclean
[2025-12-10T11:33:26.733+0800][gc,marking  ] GC(20) Concurrent Preclean 0.480ms
[2025-12-10T11:33:26.734+0800][gc,start    ] GC(20) Pause Remark
[2025-12-10T11:33:26.780+0800][gc          ] GC(20) Pause Remark 135M->111M(512M) 46.716ms
[2025-12-10T11:33:26.780+0800][gc,cpu      ] GC(20) User=0.04s Sys=0.11s Real=0.05s
[2025-12-10T11:33:26.781+0800][gc,marking  ] GC(20) Concurrent Mark 101.475ms
[2025-12-10T11:33:26.781+0800][gc,marking  ] GC(20) Concurrent Rebuild Remembered Sets and Scrub Regions
[2025-12-10T11:33:26.803+0800][gc,marking  ] GC(20) Concurrent Rebuild Remembered Sets and Scrub Regions 22.378ms
[2025-12-10T11:33:26.803+0800][gc,start    ] GC(20) Pause Cleanup
[2025-12-10T11:33:26.803+0800][gc          ] GC(20) Pause Cleanup 111M->111M(512M) 0.121ms
[2025-12-10T11:33:26.803+0800][gc,cpu      ] GC(20) User=0.00s Sys=0.00s Real=0.00s
[2025-12-10T11:33:26.803+0800][gc,marking  ] GC(20) Concurrent Clear Claimed Marks
[2025-12-10T11:33:26.803+0800][gc,marking  ] GC(20) Concurrent Clear Claimed Marks 0.060ms
[2025-12-10T11:33:26.803+0800][gc,marking  ] GC(20) Concurrent Cleanup for Next Mark
[2025-12-10T11:33:26.804+0800][gc,marking  ] GC(20) Concurrent Cleanup for Next Mark 0.978ms
[2025-12-10T11:33:26.804+0800][gc          ] GC(20) Concurrent Mark Cycle 132.957ms
[2025-12-10T11:36:13.294+0800][gc,heap,exit] Heap
[2025-12-10T11:36:13.294+0800][gc,heap,exit]  garbage-first heap   total 524288K, used 148798K [0x00000007e0000000, 0x0000000800000000)
[2025-12-10T11:36:13.294+0800][gc,heap,exit]   region size 1024K, 47 young (48128K), 12 survivors (12288K)
[2025-12-10T11:36:13.294+0800][gc,heap,exit]  Metaspace       used 90034K, committed 91648K, reserved 1179648K
[2025-12-10T11:36:13.294+0800][gc,heap,exit]   class space    used 10741K, committed 11392K, reserved 1048576K
