[2025-12-07T08:53:54.632+0800][gc,init] CardTable entry size: 512
[2025-12-07T08:53:54.632+0800][gc     ] Using G1
[2025-12-07T08:53:54.633+0800][gc,init] Version: 21.0.8+12-LTS-250 (release)
[2025-12-07T08:53:54.633+0800][gc,init] CPUs: 8 total, 8 available
[2025-12-07T08:53:54.633+0800][gc,init] Memory: 16384M
[2025-12-07T08:53:54.633+0800][gc,init] Large Page Support: Disabled
[2025-12-07T08:53:54.633+0800][gc,init] NUMA Support: Disabled
[2025-12-07T08:53:54.633+0800][gc,init] Compressed Oops: Enabled (Zero based)
[2025-12-07T08:53:54.633+0800][gc,init] Heap Region Size: 1M
[2025-12-07T08:53:54.633+0800][gc,init] Heap Min Capacity: 512M
[2025-12-07T08:53:54.633+0800][gc,init] Heap Initial Capacity: 512M
[2025-12-07T08:53:54.633+0800][gc,init] Heap Max Capacity: 512M
[2025-12-07T08:53:54.633+0800][gc,init] Pre-touch: Disabled
[2025-12-07T08:53:54.633+0800][gc,init] Parallel Workers: 8
[2025-12-07T08:53:54.633+0800][gc,init] Concurrent Workers: 2
[2025-12-07T08:53:54.633+0800][gc,init] Concurrent Refinement Workers: 8
[2025-12-07T08:53:54.633+0800][gc,init] Periodic GC: Disabled
[2025-12-07T08:53:54.637+0800][gc,metaspace] CDS archive(s) mapped at: [0x000000e000000000-0x000000e000ca8000-0x000000e000ca8000), size 13271040, SharedBaseAddress: 0x000000e000000000, ArchiveRelocationMode: 1.
[2025-12-07T08:53:54.637+0800][gc,metaspace] Compressed class space mapped at: 0x000000e001000000-0x000000e041000000, reserved size: 1073741824
[2025-12-07T08:53:54.637+0800][gc,metaspace] Narrow klass base: 0x000000e000000000, Narrow klass shift: 0, Narrow klass range: 0x100000000
[2025-12-07T08:53:55.702+0800][gc,start    ] GC(0) Pause Young (Normal) (G1 Evacuation Pause)
[2025-12-07T08:53:55.702+0800][gc,task     ] GC(0) Using 8 workers of 8 for evacuation
[2025-12-07T08:53:55.707+0800][gc,phases   ] GC(0)   Pre Evacuate Collection Set: 0.2ms
[2025-12-07T08:53:55.707+0800][gc,phases   ] GC(0)   Merge Heap Roots: 0.1ms
[2025-12-07T08:53:55.707+0800][gc,phases   ] GC(0)   Evacuate Collection Set: 3.8ms
[2025-12-07T08:53:55.707+0800][gc,phases   ] GC(0)   Post Evacuate Collection Set: 0.5ms
[2025-12-07T08:53:55.707+0800][gc,phases   ] GC(0)   Other: 0.2ms
[2025-12-07T08:53:55.707+0800][gc,heap     ] GC(0) Eden regions: 256->0(245)
[2025-12-07T08:53:55.707+0800][gc,heap     ] GC(0) Survivor regions: 0->11(32)
[2025-12-07T08:53:55.707+0800][gc,heap     ] GC(0) Old regions: 2->2
[2025-12-07T08:53:55.707+0800][gc,heap     ] GC(0) Humongous regions: 0->0
[2025-12-07T08:53:55.707+0800][gc,metaspace] GC(0) Metaspace: 15845K(16320K)->15845K(16320K) NonClass: 13969K(14208K)->13969K(14208K) Class: 1876K(2112K)->1876K(2112K)
[2025-12-07T08:53:55.707+0800][gc          ] GC(0) Pause Young (Normal) (G1 Evacuation Pause) 257M->11M(512M) 5.050ms
[2025-12-07T08:53:55.707+0800][gc,cpu      ] GC(0) User=0.02s Sys=0.01s Real=0.00s
[2025-12-07T08:53:55.957+0800][gc,start    ] GC(1) Pause Young (Concurrent Start) (Metadata GC Threshold)
[2025-12-07T08:53:55.957+0800][gc,task     ] GC(1) Using 8 workers of 8 for evacuation
[2025-12-07T08:53:55.963+0800][gc,phases   ] GC(1)   Pre Evacuate Collection Set: 0.2ms
[2025-12-07T08:53:55.963+0800][gc,phases   ] GC(1)   Merge Heap Roots: 0.1ms
[2025-12-07T08:53:55.963+0800][gc,phases   ] GC(1)   Evacuate Collection Set: 4.7ms
[2025-12-07T08:53:55.963+0800][gc,phases   ] GC(1)   Post Evacuate Collection Set: 0.5ms
[2025-12-07T08:53:55.963+0800][gc,phases   ] GC(1)   Other: 0.0ms
[2025-12-07T08:53:55.963+0800][gc,heap     ] GC(1) Eden regions: 136->0(236)
[2025-12-07T08:53:55.963+0800][gc,heap     ] GC(1) Survivor regions: 11->20(32)
[2025-12-07T08:53:55.963+0800][gc,heap     ] GC(1) Old regions: 2->2
[2025-12-07T08:53:55.963+0800][gc,heap     ] GC(1) Humongous regions: 0->0
[2025-12-07T08:53:55.963+0800][gc,metaspace] GC(1) Metaspace: 21055K(21504K)->21055K(21504K) NonClass: 18507K(18752K)->18507K(18752K) Class: 2547K(2752K)->2547K(2752K)
[2025-12-07T08:53:55.963+0800][gc          ] GC(1) Pause Young (Concurrent Start) (Metadata GC Threshold) 147M->20M(512M) 5.586ms
[2025-12-07T08:53:55.963+0800][gc          ] GC(2) Concurrent Mark Cycle
[2025-12-07T08:53:55.963+0800][gc,cpu      ] GC(1) User=0.04s Sys=0.00s Real=0.01s
[2025-12-07T08:53:55.963+0800][gc,marking  ] GC(2) Concurrent Scan Root Regions
[2025-12-07T08:53:55.966+0800][gc,marking  ] GC(2) Concurrent Scan Root Regions 3.422ms
[2025-12-07T08:53:55.966+0800][gc,marking  ] GC(2) Concurrent Mark
[2025-12-07T08:53:55.966+0800][gc,marking  ] GC(2) Concurrent Mark From Roots
[2025-12-07T08:53:55.966+0800][gc,task     ] GC(2) Using 2 workers of 2 for marking
[2025-12-07T08:53:55.967+0800][gc,marking  ] GC(2) Concurrent Mark From Roots 1.004ms
[2025-12-07T08:53:55.967+0800][gc,marking  ] GC(2) Concurrent Preclean
[2025-12-07T08:53:55.967+0800][gc,marking  ] GC(2) Concurrent Preclean 0.008ms
[2025-12-07T08:53:55.967+0800][gc,start    ] GC(2) Pause Remark
[2025-12-07T08:53:55.969+0800][gc          ] GC(2) Pause Remark 22M->22M(512M) 1.254ms
[2025-12-07T08:53:55.969+0800][gc,cpu      ] GC(2) User=0.01s Sys=0.00s Real=0.00s
[2025-12-07T08:53:55.969+0800][gc,marking  ] GC(2) Concurrent Mark 2.414ms
[2025-12-07T08:53:55.969+0800][gc,marking  ] GC(2) Concurrent Rebuild Remembered Sets and Scrub Regions
[2025-12-07T08:53:55.969+0800][gc,marking  ] GC(2) Concurrent Rebuild Remembered Sets and Scrub Regions 0.447ms
[2025-12-07T08:53:55.969+0800][gc,start    ] GC(2) Pause Cleanup
[2025-12-07T08:53:55.969+0800][gc          ] GC(2) Pause Cleanup 22M->22M(512M) 0.084ms
[2025-12-07T08:53:55.969+0800][gc,cpu      ] GC(2) User=0.00s Sys=0.00s Real=0.00s
[2025-12-07T08:53:55.969+0800][gc,marking  ] GC(2) Concurrent Clear Claimed Marks
[2025-12-07T08:53:55.969+0800][gc,marking  ] GC(2) Concurrent Clear Claimed Marks 0.027ms
[2025-12-07T08:53:55.969+0800][gc,marking  ] GC(2) Concurrent Cleanup for Next Mark
[2025-12-07T08:53:55.970+0800][gc,marking  ] GC(2) Concurrent Cleanup for Next Mark 1.135ms
[2025-12-07T08:53:55.970+0800][gc          ] GC(2) Concurrent Mark Cycle 7.702ms
[2025-12-07T08:53:56.429+0800][gc,start    ] GC(3) Pause Young (Prepare Mixed) (G1 Evacuation Pause)
[2025-12-07T08:53:56.429+0800][gc,task     ] GC(3) Using 8 workers of 8 for evacuation
[2025-12-07T08:53:56.443+0800][gc,phases   ] GC(3)   Pre Evacuate Collection Set: 0.2ms
[2025-12-07T08:53:56.443+0800][gc,phases   ] GC(3)   Merge Heap Roots: 0.1ms
[2025-12-07T08:53:56.443+0800][gc,phases   ] GC(3)   Evacuate Collection Set: 12.2ms
[2025-12-07T08:53:56.443+0800][gc,phases   ] GC(3)   Post Evacuate Collection Set: 0.9ms
[2025-12-07T08:53:56.443+0800][gc,phases   ] GC(3)   Other: 0.0ms
[2025-12-07T08:53:56.443+0800][gc,heap     ] GC(3) Eden regions: 236->0(224)
[2025-12-07T08:53:56.443+0800][gc,heap     ] GC(3) Survivor regions: 20->32(32)
[2025-12-07T08:53:56.443+0800][gc,heap     ] GC(3) Old regions: 2->13
[2025-12-07T08:53:56.443+0800][gc,heap     ] GC(3) Humongous regions: 0->0
[2025-12-07T08:53:56.443+0800][gc,metaspace] GC(3) Metaspace: 21427K(21952K)->21427K(21952K) NonClass: 18826K(19136K)->18826K(19136K) Class: 2601K(2816K)->2601K(2816K)
[2025-12-07T08:53:56.443+0800][gc          ] GC(3) Pause Young (Prepare Mixed) (G1 Evacuation Pause) 256M->42M(512M) 13.587ms
[2025-12-07T08:53:56.443+0800][gc,cpu      ] GC(3) User=0.08s Sys=0.01s Real=0.02s
[2025-12-07T08:53:57.080+0800][gc,start    ] GC(4) Pause Young (Mixed) (G1 Evacuation Pause)
[2025-12-07T08:53:57.080+0800][gc,task     ] GC(4) Using 8 workers of 8 for evacuation
[2025-12-07T08:53:57.089+0800][gc,phases   ] GC(4)   Pre Evacuate Collection Set: 0.2ms
[2025-12-07T08:53:57.089+0800][gc,phases   ] GC(4)   Merge Heap Roots: 0.1ms
[2025-12-07T08:53:57.089+0800][gc,phases   ] GC(4)   Evacuate Collection Set: 8.6ms
[2025-12-07T08:53:57.089+0800][gc,phases   ] GC(4)   Post Evacuate Collection Set: 0.5ms
[2025-12-07T08:53:57.089+0800][gc,phases   ] GC(4)   Other: 0.0ms
[2025-12-07T08:53:57.089+0800][gc,heap     ] GC(4) Eden regions: 224->0(248)
[2025-12-07T08:53:57.089+0800][gc,heap     ] GC(4) Survivor regions: 32->8(32)
[2025-12-07T08:53:57.089+0800][gc,heap     ] GC(4) Old regions: 13->43
[2025-12-07T08:53:57.089+0800][gc,heap     ] GC(4) Humongous regions: 0->0
[2025-12-07T08:53:57.089+0800][gc,metaspace] GC(4) Metaspace: 27403K(27840K)->27403K(27840K) NonClass: 24091K(24320K)->24091K(24320K) Class: 3312K(3520K)->3312K(3520K)
[2025-12-07T08:53:57.089+0800][gc          ] GC(4) Pause Young (Mixed) (G1 Evacuation Pause) 266M->49M(512M) 9.497ms
[2025-12-07T08:53:57.089+0800][gc,cpu      ] GC(4) User=0.05s Sys=0.01s Real=0.00s
[2025-12-07T08:53:57.495+0800][gc,start    ] GC(5) Pause Young (Concurrent Start) (Metadata GC Threshold)
[2025-12-07T08:53:57.495+0800][gc,task     ] GC(5) Using 8 workers of 8 for evacuation
[2025-12-07T08:53:57.498+0800][gc,phases   ] GC(5)   Pre Evacuate Collection Set: 0.1ms
[2025-12-07T08:53:57.498+0800][gc,phases   ] GC(5)   Merge Heap Roots: 0.1ms
[2025-12-07T08:53:57.498+0800][gc,phases   ] GC(5)   Evacuate Collection Set: 2.1ms
[2025-12-07T08:53:57.498+0800][gc,phases   ] GC(5)   Post Evacuate Collection Set: 0.4ms
[2025-12-07T08:53:57.498+0800][gc,phases   ] GC(5)   Other: 0.0ms
[2025-12-07T08:53:57.498+0800][gc,heap     ] GC(5) Eden regions: 124->0(248)
[2025-12-07T08:53:57.498+0800][gc,heap     ] GC(5) Survivor regions: 8->8(32)
[2025-12-07T08:53:57.498+0800][gc,heap     ] GC(5) Old regions: 43->43
[2025-12-07T08:53:57.498+0800][gc,heap     ] GC(5) Humongous regions: 0->0
[2025-12-07T08:53:57.498+0800][gc,metaspace] GC(5) Metaspace: 35441K(35968K)->35441K(35968K) NonClass: 31094K(31360K)->31094K(31360K) Class: 4347K(4608K)->4347K(4608K)
[2025-12-07T08:53:57.498+0800][gc          ] GC(5) Pause Young (Concurrent Start) (Metadata GC Threshold) 173M->50M(512M) 2.871ms
[2025-12-07T08:53:57.498+0800][gc,cpu      ] GC(5) User=0.02s Sys=0.00s Real=0.00s
[2025-12-07T08:53:57.498+0800][gc          ] GC(6) Concurrent Mark Cycle
[2025-12-07T08:53:57.498+0800][gc,marking  ] GC(6) Concurrent Scan Root Regions
[2025-12-07T08:53:57.500+0800][gc,marking  ] GC(6) Concurrent Scan Root Regions 2.334ms
[2025-12-07T08:53:57.500+0800][gc,marking  ] GC(6) Concurrent Mark
[2025-12-07T08:53:57.500+0800][gc,marking  ] GC(6) Concurrent Mark From Roots
[2025-12-07T08:53:57.500+0800][gc,task     ] GC(6) Using 2 workers of 2 for marking
[2025-12-07T08:53:57.519+0800][gc,marking  ] GC(6) Concurrent Mark From Roots 18.565ms
[2025-12-07T08:53:57.519+0800][gc,marking  ] GC(6) Concurrent Preclean
[2025-12-07T08:53:57.519+0800][gc,marking  ] GC(6) Concurrent Preclean 0.067ms
[2025-12-07T08:53:57.519+0800][gc,start    ] GC(6) Pause Remark
[2025-12-07T08:53:57.522+0800][gc          ] GC(6) Pause Remark 52M->52M(512M) 2.563ms
[2025-12-07T08:53:57.522+0800][gc,cpu      ] GC(6) User=0.02s Sys=0.00s Real=0.01s
[2025-12-07T08:53:57.522+0800][gc,marking  ] GC(6) Concurrent Mark 21.356ms
[2025-12-07T08:53:57.522+0800][gc,marking  ] GC(6) Concurrent Rebuild Remembered Sets and Scrub Regions
[2025-12-07T08:53:57.529+0800][gc,marking  ] GC(6) Concurrent Rebuild Remembered Sets and Scrub Regions 7.305ms
[2025-12-07T08:53:57.529+0800][gc,start    ] GC(6) Pause Cleanup
[2025-12-07T08:53:57.529+0800][gc          ] GC(6) Pause Cleanup 53M->53M(512M) 0.087ms
[2025-12-07T08:53:57.529+0800][gc,cpu      ] GC(6) User=0.00s Sys=0.00s Real=0.00s
[2025-12-07T08:53:57.529+0800][gc,marking  ] GC(6) Concurrent Clear Claimed Marks
[2025-12-07T08:53:57.529+0800][gc,marking  ] GC(6) Concurrent Clear Claimed Marks 0.032ms
[2025-12-07T08:53:57.529+0800][gc,marking  ] GC(6) Concurrent Cleanup for Next Mark
[2025-12-07T08:53:57.530+0800][gc,marking  ] GC(6) Concurrent Cleanup for Next Mark 0.541ms
[2025-12-07T08:53:57.530+0800][gc          ] GC(6) Concurrent Mark Cycle 31.932ms
[2025-12-07T08:53:58.516+0800][gc,start    ] GC(7) Pause Young (Prepare Mixed) (G1 Evacuation Pause)
[2025-12-07T08:53:58.516+0800][gc,task     ] GC(7) Using 8 workers of 8 for evacuation
[2025-12-07T08:53:58.521+0800][gc,phases   ] GC(7)   Pre Evacuate Collection Set: 0.1ms
[2025-12-07T08:53:58.521+0800][gc,phases   ] GC(7)   Merge Heap Roots: 0.1ms
[2025-12-07T08:53:58.521+0800][gc,phases   ] GC(7)   Evacuate Collection Set: 4.2ms
[2025-12-07T08:53:58.521+0800][gc,phases   ] GC(7)   Post Evacuate Collection Set: 0.6ms
[2025-12-07T08:53:58.521+0800][gc,phases   ] GC(7)   Other: 0.0ms
[2025-12-07T08:53:58.521+0800][gc,heap     ] GC(7) Eden regions: 248->0(239)
[2025-12-07T08:53:58.521+0800][gc,heap     ] GC(7) Survivor regions: 8->17(32)
[2025-12-07T08:53:58.521+0800][gc,heap     ] GC(7) Old regions: 43->43
[2025-12-07T08:53:58.521+0800][gc,heap     ] GC(7) Humongous regions: 0->0
[2025-12-07T08:53:58.521+0800][gc,metaspace] GC(7) Metaspace: 52967K(53632K)->52967K(53632K) NonClass: 46518K(46848K)->46518K(46848K) Class: 6448K(6784K)->6448K(6784K)
[2025-12-07T08:53:58.521+0800][gc          ] GC(7) Pause Young (Prepare Mixed) (G1 Evacuation Pause) 298M->59M(512M) 5.155ms
[2025-12-07T08:53:58.521+0800][gc,cpu      ] GC(7) User=0.03s Sys=0.00s Real=0.01s
[2025-12-07T08:53:58.850+0800][gc,start    ] GC(8) Pause Young (Mixed) (Metadata GC Threshold)
[2025-12-07T08:53:58.850+0800][gc,task     ] GC(8) Using 8 workers of 8 for evacuation
[2025-12-07T08:53:58.855+0800][gc,phases   ] GC(8)   Pre Evacuate Collection Set: 0.2ms
[2025-12-07T08:53:58.855+0800][gc,phases   ] GC(8)   Merge Heap Roots: 0.0ms
[2025-12-07T08:53:58.855+0800][gc,phases   ] GC(8)   Evacuate Collection Set: 4.1ms
[2025-12-07T08:53:58.855+0800][gc,phases   ] GC(8)   Post Evacuate Collection Set: 0.4ms
[2025-12-07T08:53:58.855+0800][gc,phases   ] GC(8)   Other: 0.0ms
[2025-12-07T08:53:58.855+0800][gc,heap     ] GC(8) Eden regions: 89->0(236)
[2025-12-07T08:53:58.855+0800][gc,heap     ] GC(8) Survivor regions: 17->20(32)
[2025-12-07T08:53:58.855+0800][gc,heap     ] GC(8) Old regions: 43->42
[2025-12-07T08:53:58.855+0800][gc,heap     ] GC(8) Humongous regions: 0->0
[2025-12-07T08:53:58.855+0800][gc,metaspace] GC(8) Metaspace: 60764K(61376K)->60764K(61376K) NonClass: 53456K(53760K)->53456K(53760K) Class: 7308K(7616K)->7308K(7616K)
[2025-12-07T08:53:58.855+0800][gc          ] GC(8) Pause Young (Mixed) (Metadata GC Threshold) 148M->61M(512M) 4.851ms
[2025-12-07T08:53:58.855+0800][gc,cpu      ] GC(8) User=0.03s Sys=0.00s Real=0.00s
[2025-12-07T08:53:58.869+0800][gc,start    ] GC(9) Pause Young (Concurrent Start) (Metadata GC Threshold)
[2025-12-07T08:53:58.869+0800][gc,task     ] GC(9) Using 8 workers of 8 for evacuation
[2025-12-07T08:53:58.874+0800][gc,phases   ] GC(9)   Pre Evacuate Collection Set: 0.2ms
[2025-12-07T08:53:58.874+0800][gc,phases   ] GC(9)   Merge Heap Roots: 0.1ms
[2025-12-07T08:53:58.874+0800][gc,phases   ] GC(9)   Evacuate Collection Set: 4.6ms
[2025-12-07T08:53:58.874+0800][gc,phases   ] GC(9)   Post Evacuate Collection Set: 0.3ms
[2025-12-07T08:53:58.874+0800][gc,phases   ] GC(9)   Other: 0.0ms
[2025-12-07T08:53:58.874+0800][gc,heap     ] GC(9) Eden regions: 5->0(241)
[2025-12-07T08:53:58.874+0800][gc,heap     ] GC(9) Survivor regions: 20->15(32)
[2025-12-07T08:53:58.874+0800][gc,heap     ] GC(9) Old regions: 42->46
[2025-12-07T08:53:58.874+0800][gc,heap     ] GC(9) Humongous regions: 0->0
[2025-12-07T08:53:58.874+0800][gc,metaspace] GC(9) Metaspace: 61075K(61696K)->61075K(61696K) NonClass: 53716K(54080K)->53716K(54080K) Class: 7359K(7616K)->7359K(7616K)
[2025-12-07T08:53:58.874+0800][gc          ] GC(9) Pause Young (Concurrent Start) (Metadata GC Threshold) 65M->60M(512M) 5.349ms
[2025-12-07T08:53:58.874+0800][gc          ] GC(10) Concurrent Mark Cycle
[2025-12-07T08:53:58.874+0800][gc,cpu      ] GC(9) User=0.03s Sys=0.01s Real=0.01s
[2025-12-07T08:53:58.874+0800][gc,marking  ] GC(10) Concurrent Scan Root Regions
[2025-12-07T08:53:58.880+0800][gc,marking  ] GC(10) Concurrent Scan Root Regions 5.171ms
[2025-12-07T08:53:58.880+0800][gc,marking  ] GC(10) Concurrent Mark
[2025-12-07T08:53:58.880+0800][gc,marking  ] GC(10) Concurrent Mark From Roots
[2025-12-07T08:53:58.880+0800][gc,task     ] GC(10) Using 2 workers of 2 for marking
[2025-12-07T08:53:58.897+0800][gc,marking  ] GC(10) Concurrent Mark From Roots 17.810ms
[2025-12-07T08:53:58.897+0800][gc,marking  ] GC(10) Concurrent Preclean
[2025-12-07T08:53:58.898+0800][gc,marking  ] GC(10) Concurrent Preclean 0.099ms
[2025-12-07T08:53:58.898+0800][gc,start    ] GC(10) Pause Remark
[2025-12-07T08:53:58.901+0800][gc          ] GC(10) Pause Remark 63M->63M(512M) 3.132ms
[2025-12-07T08:53:58.901+0800][gc,cpu      ] GC(10) User=0.02s Sys=0.01s Real=0.01s
[2025-12-07T08:53:58.901+0800][gc,marking  ] GC(10) Concurrent Mark 21.178ms
[2025-12-07T08:53:58.901+0800][gc,marking  ] GC(10) Concurrent Rebuild Remembered Sets and Scrub Regions
[2025-12-07T08:53:58.910+0800][gc,marking  ] GC(10) Concurrent Rebuild Remembered Sets and Scrub Regions 9.389ms
[2025-12-07T08:53:58.910+0800][gc,start    ] GC(10) Pause Cleanup
[2025-12-07T08:53:58.910+0800][gc          ] GC(10) Pause Cleanup 63M->63M(512M) 0.081ms
[2025-12-07T08:53:58.910+0800][gc,cpu      ] GC(10) User=0.01s Sys=0.00s Real=0.00s
[2025-12-07T08:53:58.910+0800][gc,marking  ] GC(10) Concurrent Clear Claimed Marks
[2025-12-07T08:53:58.910+0800][gc,marking  ] GC(10) Concurrent Clear Claimed Marks 0.043ms
[2025-12-07T08:53:58.910+0800][gc,marking  ] GC(10) Concurrent Cleanup for Next Mark
[2025-12-07T08:53:58.911+0800][gc,marking  ] GC(10) Concurrent Cleanup for Next Mark 0.262ms
[2025-12-07T08:53:58.911+0800][gc          ] GC(10) Concurrent Mark Cycle 36.364ms
[2025-12-07T08:54:00.152+0800][gc,start    ] GC(11) Pause Young (Prepare Mixed) (G1 Evacuation Pause)
[2025-12-07T08:54:00.152+0800][gc,task     ] GC(11) Using 8 workers of 8 for evacuation
[2025-12-07T08:54:00.160+0800][gc,phases   ] GC(11)   Pre Evacuate Collection Set: 0.2ms
[2025-12-07T08:54:00.160+0800][gc,phases   ] GC(11)   Merge Heap Roots: 0.1ms
[2025-12-07T08:54:00.160+0800][gc,phases   ] GC(11)   Evacuate Collection Set: 6.7ms
[2025-12-07T08:54:00.160+0800][gc,phases   ] GC(11)   Post Evacuate Collection Set: 0.6ms
[2025-12-07T08:54:00.160+0800][gc,phases   ] GC(11)   Other: 0.1ms
[2025-12-07T08:54:00.160+0800][gc,heap     ] GC(11) Eden regions: 241->0(224)
[2025-12-07T08:54:00.160+0800][gc,heap     ] GC(11) Survivor regions: 15->32(32)
[2025-12-07T08:54:00.160+0800][gc,heap     ] GC(11) Old regions: 46->47
[2025-12-07T08:54:00.160+0800][gc,heap     ] GC(11) Humongous regions: 0->0
[2025-12-07T08:54:00.160+0800][gc,metaspace] GC(11) Metaspace: 71622K(72384K)->71622K(72384K) NonClass: 62930K(63360K)->62930K(63360K) Class: 8691K(9024K)->8691K(9024K)
[2025-12-07T08:54:00.160+0800][gc          ] GC(11) Pause Young (Prepare Mixed) (G1 Evacuation Pause) 301M->78M(512M) 7.751ms
[2025-12-07T08:54:00.160+0800][gc,cpu      ] GC(11) User=0.05s Sys=0.01s Real=0.01s
[2025-12-07T08:54:00.682+0800][gc,start    ] GC(12) Pause Young (Mixed) (G1 Evacuation Pause)
[2025-12-07T08:54:00.682+0800][gc,task     ] GC(12) Using 8 workers of 8 for evacuation
[2025-12-07T08:54:00.692+0800][gc,phases   ] GC(12)   Pre Evacuate Collection Set: 0.2ms
[2025-12-07T08:54:00.692+0800][gc,phases   ] GC(12)   Merge Heap Roots: 0.1ms
[2025-12-07T08:54:00.692+0800][gc,phases   ] GC(12)   Evacuate Collection Set: 9.7ms
[2025-12-07T08:54:00.692+0800][gc,phases   ] GC(12)   Post Evacuate Collection Set: 0.8ms
[2025-12-07T08:54:00.692+0800][gc,phases   ] GC(12)   Other: 0.0ms
[2025-12-07T08:54:00.692+0800][gc,heap     ] GC(12) Eden regions: 224->0(246)
[2025-12-07T08:54:00.692+0800][gc,heap     ] GC(12) Survivor regions: 32->10(32)
[2025-12-07T08:54:00.692+0800][gc,heap     ] GC(12) Old regions: 47->78
[2025-12-07T08:54:00.692+0800][gc,heap     ] GC(12) Humongous regions: 0->0
[2025-12-07T08:54:00.692+0800][gc,metaspace] GC(12) Metaspace: 75918K(76800K)->75918K(76800K) NonClass: 66537K(67008K)->66537K(67008K) Class: 9380K(9792K)->9380K(9792K)
[2025-12-07T08:54:00.692+0800][gc          ] GC(12) Pause Young (Mixed) (G1 Evacuation Pause) 302M->87M(512M) 10.894ms
[2025-12-07T08:54:00.692+0800][gc,cpu      ] GC(12) User=0.06s Sys=0.01s Real=0.01s
[2025-12-07T08:54:01.015+0800][gc,start    ] GC(13) Pause Young (Normal) (G1 Evacuation Pause)
[2025-12-07T08:54:01.015+0800][gc,task     ] GC(13) Using 8 workers of 8 for evacuation
[2025-12-07T08:54:01.023+0800][gc,phases   ] GC(13)   Pre Evacuate Collection Set: 0.2ms
[2025-12-07T08:54:01.024+0800][gc,phases   ] GC(13)   Merge Heap Roots: 0.1ms
[2025-12-07T08:54:01.024+0800][gc,phases   ] GC(13)   Evacuate Collection Set: 7.4ms
[2025-12-07T08:54:01.024+0800][gc,phases   ] GC(13)   Post Evacuate Collection Set: 0.6ms
[2025-12-07T08:54:01.024+0800][gc,phases   ] GC(13)   Other: 0.0ms
[2025-12-07T08:54:01.024+0800][gc,heap     ] GC(13) Eden regions: 246->0(224)
[2025-12-07T08:54:01.024+0800][gc,heap     ] GC(13) Survivor regions: 10->32(32)
[2025-12-07T08:54:01.024+0800][gc,heap     ] GC(13) Old regions: 78->78
[2025-12-07T08:54:01.024+0800][gc,heap     ] GC(13) Humongous regions: 0->0
[2025-12-07T08:54:01.024+0800][gc,metaspace] GC(13) Metaspace: 76071K(76992K)->76071K(76992K) NonClass: 66670K(67200K)->66670K(67200K) Class: 9401K(9792K)->9401K(9792K)
[2025-12-07T08:54:01.024+0800][gc          ] GC(13) Pause Young (Normal) (G1 Evacuation Pause) 333M->109M(512M) 8.514ms
[2025-12-07T08:54:01.024+0800][gc,cpu      ] GC(13) User=0.06s Sys=0.00s Real=0.01s
[2025-12-07T08:54:01.605+0800][gc,start    ] GC(14) Pause Young (Normal) (G1 Evacuation Pause)
[2025-12-07T08:54:01.605+0800][gc,task     ] GC(14) Using 8 workers of 8 for evacuation
[2025-12-07T08:54:01.615+0800][gc,phases   ] GC(14)   Pre Evacuate Collection Set: 0.2ms
[2025-12-07T08:54:01.615+0800][gc,phases   ] GC(14)   Merge Heap Roots: 0.1ms
[2025-12-07T08:54:01.615+0800][gc,phases   ] GC(14)   Evacuate Collection Set: 9.4ms
[2025-12-07T08:54:01.615+0800][gc,phases   ] GC(14)   Post Evacuate Collection Set: 0.5ms
[2025-12-07T08:54:01.615+0800][gc,phases   ] GC(14)   Other: 0.0ms
[2025-12-07T08:54:01.615+0800][gc,heap     ] GC(14) Eden regions: 224->0(247)
[2025-12-07T08:54:01.615+0800][gc,heap     ] GC(14) Survivor regions: 32->9(32)
[2025-12-07T08:54:01.615+0800][gc,heap     ] GC(14) Old regions: 78->109
[2025-12-07T08:54:01.615+0800][gc,heap     ] GC(14) Humongous regions: 0->0
[2025-12-07T08:54:01.615+0800][gc,metaspace] GC(14) Metaspace: 80753K(81728K)->80753K(81728K) NonClass: 70785K(71296K)->70785K(71296K) Class: 9967K(10432K)->9967K(10432K)
[2025-12-07T08:54:01.615+0800][gc          ] GC(14) Pause Young (Normal) (G1 Evacuation Pause) 333M->116M(512M) 10.420ms
[2025-12-07T08:54:01.615+0800][gc,cpu      ] GC(14) User=0.07s Sys=0.01s Real=0.01s
[2025-12-07T08:54:02.333+0800][gc,start    ] GC(15) Pause Young (Concurrent Start) (G1 Evacuation Pause)
[2025-12-07T08:54:02.333+0800][gc,task     ] GC(15) Using 8 workers of 8 for evacuation
[2025-12-07T08:54:02.340+0800][gc,phases   ] GC(15)   Pre Evacuate Collection Set: 0.2ms
[2025-12-07T08:54:02.340+0800][gc,phases   ] GC(15)   Merge Heap Roots: 0.1ms
[2025-12-07T08:54:02.340+0800][gc,phases   ] GC(15)   Evacuate Collection Set: 5.5ms
[2025-12-07T08:54:02.340+0800][gc,phases   ] GC(15)   Post Evacuate Collection Set: 0.8ms
[2025-12-07T08:54:02.340+0800][gc,phases   ] GC(15)   Other: 0.1ms
[2025-12-07T08:54:02.340+0800][gc,heap     ] GC(15) Eden regions: 247->0(239)
[2025-12-07T08:54:02.340+0800][gc,heap     ] GC(15) Survivor regions: 9->17(32)
[2025-12-07T08:54:02.340+0800][gc,heap     ] GC(15) Old regions: 109->109
[2025-12-07T08:54:02.340+0800][gc,heap     ] GC(15) Humongous regions: 0->0
[2025-12-07T08:54:02.340+0800][gc,metaspace] GC(15) Metaspace: 84750K(85824K)->84750K(85824K) NonClass: 74250K(74816K)->74250K(74816K) Class: 10499K(11008K)->10499K(11008K)
[2025-12-07T08:54:02.340+0800][gc          ] GC(15) Pause Young (Concurrent Start) (G1 Evacuation Pause) 363M->125M(512M) 6.829ms
[2025-12-07T08:54:02.340+0800][gc          ] GC(16) Concurrent Mark Cycle
[2025-12-07T08:54:02.340+0800][gc,marking  ] GC(16) Concurrent Scan Root Regions
[2025-12-07T08:54:02.340+0800][gc,cpu      ] GC(15) User=0.04s Sys=0.00s Real=0.01s
[2025-12-07T08:54:02.346+0800][gc,marking  ] GC(16) Concurrent Scan Root Regions 5.619ms
[2025-12-07T08:54:02.346+0800][gc,marking  ] GC(16) Concurrent Mark
[2025-12-07T08:54:02.346+0800][gc,marking  ] GC(16) Concurrent Mark From Roots
[2025-12-07T08:54:02.346+0800][gc,task     ] GC(16) Using 2 workers of 2 for marking
[2025-12-07T08:54:02.383+0800][gc,marking  ] GC(16) Concurrent Mark From Roots 36.976ms
[2025-12-07T08:54:02.383+0800][gc,marking  ] GC(16) Concurrent Preclean
[2025-12-07T08:54:02.383+0800][gc,marking  ] GC(16) Concurrent Preclean 0.105ms
[2025-12-07T08:54:02.383+0800][gc,start    ] GC(16) Pause Remark
[2025-12-07T08:54:02.387+0800][gc          ] GC(16) Pause Remark 140M->140M(512M) 3.522ms
[2025-12-07T08:54:02.387+0800][gc,cpu      ] GC(16) User=0.02s Sys=0.00s Real=0.00s
[2025-12-07T08:54:02.387+0800][gc,marking  ] GC(16) Concurrent Mark 40.919ms
[2025-12-07T08:54:02.387+0800][gc,marking  ] GC(16) Concurrent Rebuild Remembered Sets and Scrub Regions
[2025-12-07T08:54:02.407+0800][gc,marking  ] GC(16) Concurrent Rebuild Remembered Sets and Scrub Regions 20.341ms
[2025-12-07T08:54:02.407+0800][gc,start    ] GC(16) Pause Cleanup
[2025-12-07T08:54:02.407+0800][gc          ] GC(16) Pause Cleanup 146M->146M(512M) 0.105ms
[2025-12-07T08:54:02.407+0800][gc,cpu      ] GC(16) User=0.00s Sys=0.00s Real=0.00s
[2025-12-07T08:54:02.407+0800][gc,marking  ] GC(16) Concurrent Clear Claimed Marks
[2025-12-07T08:54:02.408+0800][gc,marking  ] GC(16) Concurrent Clear Claimed Marks 0.071ms
[2025-12-07T08:54:02.408+0800][gc,marking  ] GC(16) Concurrent Cleanup for Next Mark
[2025-12-07T08:54:02.408+0800][gc,marking  ] GC(16) Concurrent Cleanup for Next Mark 0.274ms
[2025-12-07T08:54:02.408+0800][gc          ] GC(16) Concurrent Mark Cycle 67.704ms
[2025-12-07T09:38:49.366+0800][gc,start    ] GC(17) Pause Young (Prepare Mixed) (G1 Evacuation Pause)
[2025-12-07T09:38:49.367+0800][gc,task     ] GC(17) Using 8 workers of 8 for evacuation
[2025-12-07T09:38:49.404+0800][gc,phases   ] GC(17)   Pre Evacuate Collection Set: 1.6ms
[2025-12-07T09:38:49.404+0800][gc,phases   ] GC(17)   Merge Heap Roots: 0.4ms
[2025-12-07T09:38:49.404+0800][gc,phases   ] GC(17)   Evacuate Collection Set: 33.8ms
[2025-12-07T09:38:49.404+0800][gc,phases   ] GC(17)   Post Evacuate Collection Set: 1.4ms
[2025-12-07T09:38:49.404+0800][gc,phases   ] GC(17)   Other: 0.2ms
[2025-12-07T09:38:49.404+0800][gc,heap     ] GC(17) Eden regions: 239->0(232)
[2025-12-07T09:38:49.404+0800][gc,heap     ] GC(17) Survivor regions: 17->24(32)
[2025-12-07T09:38:49.404+0800][gc,heap     ] GC(17) Old regions: 108->108
[2025-12-07T09:38:49.404+0800][gc,heap     ] GC(17) Humongous regions: 0->0
[2025-12-07T09:38:49.405+0800][gc,metaspace] GC(17) Metaspace: 89922K(91072K)->89922K(91072K) NonClass: 79099K(79680K)->79099K(79680K) Class: 10823K(11392K)->10823K(11392K)
[2025-12-07T09:38:49.405+0800][gc          ] GC(17) Pause Young (Prepare Mixed) (G1 Evacuation Pause) 364M->131M(512M) 39.663ms
[2025-12-07T09:38:49.405+0800][gc,cpu      ] GC(17) User=0.06s Sys=0.15s Real=0.04s
[2025-12-07T10:38:38.057+0800][gc,start    ] GC(18) Pause Young (Mixed) (G1 Evacuation Pause)
[2025-12-07T10:38:38.060+0800][gc,task     ] GC(18) Using 8 workers of 8 for evacuation
[2025-12-07T10:38:38.125+0800][gc,phases   ] GC(18)   Pre Evacuate Collection Set: 1.2ms
[2025-12-07T10:38:38.125+0800][gc,phases   ] GC(18)   Merge Heap Roots: 0.4ms
[2025-12-07T10:38:38.125+0800][gc,phases   ] GC(18)   Evacuate Collection Set: 59.6ms
[2025-12-07T10:38:38.125+0800][gc,phases   ] GC(18)   Post Evacuate Collection Set: 4.0ms
[2025-12-07T10:38:38.125+0800][gc,phases   ] GC(18)   Other: 0.2ms
[2025-12-07T10:38:38.125+0800][gc,heap     ] GC(18) Eden regions: 232->0(242)
[2025-12-07T10:38:38.125+0800][gc,heap     ] GC(18) Survivor regions: 24->14(32)
[2025-12-07T10:38:38.125+0800][gc,heap     ] GC(18) Old regions: 108->120
[2025-12-07T10:38:38.125+0800][gc,heap     ] GC(18) Humongous regions: 6->6
[2025-12-07T10:38:38.125+0800][gc,metaspace] GC(18) Metaspace: 92988K(94272K)->92988K(94272K) NonClass: 81808K(82496K)->81808K(82496K) Class: 11180K(11776K)->11180K(11776K)
[2025-12-07T10:38:38.125+0800][gc          ] GC(18) Pause Young (Mixed) (G1 Evacuation Pause) 369M->139M(512M) 67.919ms
[2025-12-07T10:38:38.125+0800][gc,cpu      ] GC(18) User=0.06s Sys=0.16s Real=0.07s
[2025-12-07T12:51:22.239+0800][gc,start    ] GC(19) Pause Young (Mixed) (G1 Evacuation Pause)
[2025-12-07T12:51:22.240+0800][gc,task     ] GC(19) Using 8 workers of 8 for evacuation
[2025-12-07T12:51:22.285+0800][gc,phases   ] GC(19)   Pre Evacuate Collection Set: 2.1ms
[2025-12-07T12:51:22.285+0800][gc,phases   ] GC(19)   Merge Heap Roots: 0.3ms
[2025-12-07T12:51:22.285+0800][gc,phases   ] GC(19)   Evacuate Collection Set: 41.4ms
[2025-12-07T12:51:22.285+0800][gc,phases   ] GC(19)   Post Evacuate Collection Set: 1.4ms
[2025-12-07T12:51:22.285+0800][gc,phases   ] GC(19)   Other: 0.2ms
[2025-12-07T12:51:22.285+0800][gc,heap     ] GC(19) Eden regions: 242->0(242)
[2025-12-07T12:51:22.285+0800][gc,heap     ] GC(19) Survivor regions: 14->14(32)
[2025-12-07T12:51:22.285+0800][gc,heap     ] GC(19) Old regions: 120->119
[2025-12-07T12:51:22.285+0800][gc,heap     ] GC(19) Humongous regions: 6->6
[2025-12-07T12:51:22.285+0800][gc,metaspace] GC(19) Metaspace: 93114K(94336K)->93114K(94336K) NonClass: 81927K(82560K)->81927K(82560K) Class: 11186K(11776K)->11186K(11776K)
[2025-12-07T12:51:22.285+0800][gc          ] GC(19) Pause Young (Mixed) (G1 Evacuation Pause) 381M->138M(512M) 46.375ms
[2025-12-07T12:51:22.285+0800][gc,cpu      ] GC(19) User=0.04s Sys=0.14s Real=0.05s
[2025-12-07T14:26:45.051+0800][gc,start    ] GC(20) Pause Young (Mixed) (G1 Evacuation Pause)
[2025-12-07T14:26:45.054+0800][gc,task     ] GC(20) Using 8 workers of 8 for evacuation
[2025-12-07T14:26:45.095+0800][gc,phases   ] GC(20)   Pre Evacuate Collection Set: 2.3ms
[2025-12-07T14:26:45.095+0800][gc,phases   ] GC(20)   Merge Heap Roots: 0.4ms
[2025-12-07T14:26:45.095+0800][gc,phases   ] GC(20)   Evacuate Collection Set: 36.1ms
[2025-12-07T14:26:45.095+0800][gc,phases   ] GC(20)   Post Evacuate Collection Set: 1.7ms
[2025-12-07T14:26:45.095+0800][gc,phases   ] GC(20)   Other: 0.3ms
[2025-12-07T14:26:45.095+0800][gc,heap     ] GC(20) Eden regions: 242->0(241)
[2025-12-07T14:26:45.095+0800][gc,heap     ] GC(20) Survivor regions: 14->15(32)
[2025-12-07T14:26:45.095+0800][gc,heap     ] GC(20) Old regions: 119->118
[2025-12-07T14:26:45.095+0800][gc,heap     ] GC(20) Humongous regions: 6->6
[2025-12-07T14:26:45.095+0800][gc,metaspace] GC(20) Metaspace: 93171K(94400K)->93171K(94400K) NonClass: 81982K(82624K)->81982K(82624K) Class: 11189K(11776K)->11189K(11776K)
[2025-12-07T14:26:45.095+0800][gc          ] GC(20) Pause Young (Mixed) (G1 Evacuation Pause) 380M->138M(512M) 44.267ms
[2025-12-07T14:26:45.095+0800][gc,cpu      ] GC(20) User=0.05s Sys=0.15s Real=0.04s
[2025-12-07T15:47:41.032+0800][gc,start    ] GC(21) Pause Young (Mixed) (G1 Evacuation Pause)
[2025-12-07T15:47:41.032+0800][gc,task     ] GC(21) Using 8 workers of 8 for evacuation
[2025-12-07T15:47:41.057+0800][gc,phases   ] GC(21)   Pre Evacuate Collection Set: 0.8ms
[2025-12-07T15:47:41.057+0800][gc,phases   ] GC(21)   Merge Heap Roots: 0.2ms
[2025-12-07T15:47:41.057+0800][gc,phases   ] GC(21)   Evacuate Collection Set: 20.4ms
[2025-12-07T15:47:41.057+0800][gc,phases   ] GC(21)   Post Evacuate Collection Set: 2.9ms
[2025-12-07T15:47:41.057+0800][gc,phases   ] GC(21)   Other: 0.1ms
[2025-12-07T15:47:41.057+0800][gc,heap     ] GC(21) Eden regions: 241->0(242)
[2025-12-07T15:47:41.057+0800][gc,heap     ] GC(21) Survivor regions: 15->14(32)
[2025-12-07T15:47:41.057+0800][gc,heap     ] GC(21) Old regions: 118->117
[2025-12-07T15:47:41.057+0800][gc,heap     ] GC(21) Humongous regions: 6->6
[2025-12-07T15:47:41.057+0800][gc,metaspace] GC(21) Metaspace: 93192K(94464K)->93192K(94464K) NonClass: 82003K(82688K)->82003K(82688K) Class: 11189K(11776K)->11189K(11776K)
[2025-12-07T15:47:41.057+0800][gc          ] GC(21) Pause Young (Mixed) (G1 Evacuation Pause) 379M->136M(512M) 25.966ms
[2025-12-07T15:47:41.057+0800][gc,cpu      ] GC(21) User=0.03s Sys=0.08s Real=0.02s
[2025-12-07T16:09:17.043+0800][gc,start    ] GC(22) Pause Young (Concurrent Start) (CodeCache GC Threshold)
[2025-12-07T16:09:17.045+0800][gc,task     ] GC(22) Using 8 workers of 8 for evacuation
[2025-12-07T16:09:17.080+0800][gc,phases   ] GC(22)   Pre Evacuate Collection Set: 0.7ms
[2025-12-07T16:09:17.080+0800][gc,phases   ] GC(22)   Merge Heap Roots: 0.1ms
[2025-12-07T16:09:17.080+0800][gc,phases   ] GC(22)   Evacuate Collection Set: 32.9ms
[2025-12-07T16:09:17.080+0800][gc,phases   ] GC(22)   Post Evacuate Collection Set: 1.0ms
[2025-12-07T16:09:17.080+0800][gc,phases   ] GC(22)   Other: 0.3ms
[2025-12-07T16:09:17.080+0800][gc,heap     ] GC(22) Eden regions: 84->0(243)
[2025-12-07T16:09:17.080+0800][gc,heap     ] GC(22) Survivor regions: 14->13(32)
[2025-12-07T16:09:17.080+0800][gc,heap     ] GC(22) Old regions: 117->117
[2025-12-07T16:09:17.080+0800][gc,heap     ] GC(22) Humongous regions: 6->6
[2025-12-07T16:09:17.080+0800][gc,metaspace] GC(22) Metaspace: 93294K(94592K)->93294K(94592K) NonClass: 82104K(82816K)->82104K(82816K) Class: 11189K(11776K)->11189K(11776K)
[2025-12-07T16:09:17.080+0800][gc          ] GC(22) Pause Young (Concurrent Start) (CodeCache GC Threshold) 220M->135M(512M) 36.591ms
[2025-12-07T16:09:17.080+0800][gc,cpu      ] GC(22) User=0.03s Sys=0.09s Real=0.04s
[2025-12-07T16:09:17.080+0800][gc          ] GC(23) Concurrent Mark Cycle
[2025-12-07T16:09:17.080+0800][gc,marking  ] GC(23) Concurrent Scan Root Regions
[2025-12-07T16:09:17.087+0800][gc,marking  ] GC(23) Concurrent Scan Root Regions 7.110ms
[2025-12-07T16:09:17.087+0800][gc,marking  ] GC(23) Concurrent Mark
[2025-12-07T16:09:17.087+0800][gc,marking  ] GC(23) Concurrent Mark From Roots
[2025-12-07T16:09:17.087+0800][gc,task     ] GC(23) Using 2 workers of 2 for marking
[2025-12-07T16:09:17.162+0800][gc,marking  ] GC(23) Concurrent Mark From Roots 75.240ms
[2025-12-07T16:09:17.163+0800][gc,marking  ] GC(23) Concurrent Preclean
[2025-12-07T16:09:17.163+0800][gc,marking  ] GC(23) Concurrent Preclean 0.519ms
[2025-12-07T16:09:17.163+0800][gc,start    ] GC(23) Pause Remark
[2025-12-07T16:09:17.225+0800][gc          ] GC(23) Pause Remark 136M->121M(512M) 61.619ms
[2025-12-07T16:09:17.225+0800][gc,cpu      ] GC(23) User=0.05s Sys=0.12s Real=0.06s
[2025-12-07T16:09:17.225+0800][gc,marking  ] GC(23) Concurrent Mark 137.967ms
[2025-12-07T16:09:17.225+0800][gc,marking  ] GC(23) Concurrent Rebuild Remembered Sets and Scrub Regions
[2025-12-07T16:09:17.260+0800][gc,marking  ] GC(23) Concurrent Rebuild Remembered Sets and Scrub Regions 35.119ms
[2025-12-07T16:09:17.261+0800][gc,start    ] GC(23) Pause Cleanup
[2025-12-07T16:09:17.261+0800][gc          ] GC(23) Pause Cleanup 121M->121M(512M) 0.128ms
[2025-12-07T16:09:17.261+0800][gc,cpu      ] GC(23) User=0.00s Sys=0.00s Real=0.00s
[2025-12-07T16:09:17.261+0800][gc,marking  ] GC(23) Concurrent Clear Claimed Marks
[2025-12-07T16:09:17.261+0800][gc,marking  ] GC(23) Concurrent Clear Claimed Marks 0.087ms
[2025-12-07T16:09:17.261+0800][gc,marking  ] GC(23) Concurrent Cleanup for Next Mark
[2025-12-07T16:09:17.261+0800][gc,marking  ] GC(23) Concurrent Cleanup for Next Mark 0.610ms
[2025-12-07T16:09:17.261+0800][gc          ] GC(23) Concurrent Mark Cycle 181.335ms
[2025-12-07T17:27:39.071+0800][gc,start    ] GC(24) Pause Young (Prepare Mixed) (G1 Evacuation Pause)
[2025-12-07T17:27:39.071+0800][gc,task     ] GC(24) Using 8 workers of 8 for evacuation
[2025-12-07T17:27:39.092+0800][gc,phases   ] GC(24)   Pre Evacuate Collection Set: 1.1ms
[2025-12-07T17:27:39.092+0800][gc,phases   ] GC(24)   Merge Heap Roots: 0.4ms
[2025-12-07T17:27:39.092+0800][gc,phases   ] GC(24)   Evacuate Collection Set: 16.7ms
[2025-12-07T17:27:39.092+0800][gc,phases   ] GC(24)   Post Evacuate Collection Set: 1.8ms
[2025-12-07T17:27:39.092+0800][gc,phases   ] GC(24)   Other: 0.2ms
[2025-12-07T17:27:39.092+0800][gc,heap     ] GC(24) Eden regions: 243->0(241)
[2025-12-07T17:27:39.092+0800][gc,heap     ] GC(24) Survivor regions: 13->15(32)
[2025-12-07T17:27:39.092+0800][gc,heap     ] GC(24) Old regions: 102->102
[2025-12-07T17:27:39.092+0800][gc,heap     ] GC(24) Humongous regions: 6->6
[2025-12-07T17:27:39.092+0800][gc,metaspace] GC(24) Metaspace: 92684K(94592K)->92684K(94592K) NonClass: 81661K(82816K)->81661K(82816K) Class: 11022K(11776K)->11022K(11776K)
[2025-12-07T17:27:39.092+0800][gc          ] GC(24) Pause Young (Prepare Mixed) (G1 Evacuation Pause) 363M->122M(512M) 22.862ms
[2025-12-07T17:27:39.092+0800][gc,cpu      ] GC(24) User=0.03s Sys=0.06s Real=0.03s
[2025-12-07T18:12:29.655+0800][gc,heap,exit] Heap
[2025-12-07T18:12:29.655+0800][gc,heap,exit]  garbage-first heap   total 524288K, used 287175K [0x00000007e0000000, 0x0000000800000000)
[2025-12-07T18:12:29.655+0800][gc,heap,exit]   region size 1024K, 174 young (178176K), 15 survivors (15360K)
[2025-12-07T18:12:29.655+0800][gc,heap,exit]  Metaspace       used 93056K, committed 94656K, reserved 1179648K
[2025-12-07T18:12:29.655+0800][gc,heap,exit]   class space    used 11087K, committed 11776K, reserved 1048576K
