[2025-12-10T16:26:26.898+0800][gc,init] CardTable entry size: 512
[2025-12-10T16:26:26.898+0800][gc     ] Using G1
[2025-12-10T16:26:26.899+0800][gc,init] Version: 21.0.8+12-LTS-250 (release)
[2025-12-10T16:26:26.899+0800][gc,init] CPUs: 8 total, 8 available
[2025-12-10T16:26:26.899+0800][gc,init] Memory: 16384M
[2025-12-10T16:26:26.899+0800][gc,init] Large Page Support: Disabled
[2025-12-10T16:26:26.899+0800][gc,init] NUMA Support: Disabled
[2025-12-10T16:26:26.899+0800][gc,init] Compressed Oops: Enabled (Zero based)
[2025-12-10T16:26:26.899+0800][gc,init] Heap Region Size: 1M
[2025-12-10T16:26:26.899+0800][gc,init] Heap Min Capacity: 512M
[2025-12-10T16:26:26.899+0800][gc,init] Heap Initial Capacity: 512M
[2025-12-10T16:26:26.899+0800][gc,init] Heap Max Capacity: 512M
[2025-12-10T16:26:26.899+0800][gc,init] Pre-touch: Disabled
[2025-12-10T16:26:26.899+0800][gc,init] Parallel Workers: 8
[2025-12-10T16:26:26.899+0800][gc,init] Concurrent Workers: 2
[2025-12-10T16:26:26.899+0800][gc,init] Concurrent Refinement Workers: 8
[2025-12-10T16:26:26.899+0800][gc,init] Periodic GC: Disabled
[2025-12-10T16:26:26.903+0800][gc,metaspace] CDS archive(s) mapped at: [0x000000e800000000-0x000000e800ca8000-0x000000e800ca8000), size 13271040, SharedBaseAddress: 0x000000e800000000, ArchiveRelocationMode: 1.
[2025-12-10T16:26:26.903+0800][gc,metaspace] Compressed class space mapped at: 0x000000e801000000-0x000000e841000000, reserved size: 1073741824
[2025-12-10T16:26:26.903+0800][gc,metaspace] Narrow klass base: 0x000000e800000000, Narrow klass shift: 0, Narrow klass range: 0x100000000
[2025-12-10T16:26:28.101+0800][gc,start    ] GC(0) Pause Young (Normal) (G1 Evacuation Pause)
[2025-12-10T16:26:28.101+0800][gc,task     ] GC(0) Using 8 workers of 8 for evacuation
[2025-12-10T16:26:28.107+0800][gc,phases   ] GC(0)   Pre Evacuate Collection Set: 0.2ms
[2025-12-10T16:26:28.107+0800][gc,phases   ] GC(0)   Merge Heap Roots: 0.1ms
[2025-12-10T16:26:28.107+0800][gc,phases   ] GC(0)   Evacuate Collection Set: 4.7ms
[2025-12-10T16:26:28.107+0800][gc,phases   ] GC(0)   Post Evacuate Collection Set: 1.0ms
[2025-12-10T16:26:28.107+0800][gc,phases   ] GC(0)   Other: 0.3ms
[2025-12-10T16:26:28.107+0800][gc,heap     ] GC(0) Eden regions: 256->0(245)
[2025-12-10T16:26:28.107+0800][gc,heap     ] GC(0) Survivor regions: 0->11(32)
[2025-12-10T16:26:28.107+0800][gc,heap     ] GC(0) Old regions: 2->2
[2025-12-10T16:26:28.107+0800][gc,heap     ] GC(0) Humongous regions: 0->0
[2025-12-10T16:26:28.107+0800][gc,metaspace] GC(0) Metaspace: 15088K(15552K)->15088K(15552K) NonClass: 13296K(13568K)->13296K(13568K) Class: 1791K(1984K)->1791K(1984K)
[2025-12-10T16:26:28.107+0800][gc          ] GC(0) Pause Young (Normal) (G1 Evacuation Pause) 257M->11M(512M) 6.379ms
[2025-12-10T16:26:28.107+0800][gc,cpu      ] GC(0) User=0.03s Sys=0.00s Real=0.00s
[2025-12-10T16:26:28.479+0800][gc,start    ] GC(1) Pause Young (Concurrent Start) (Metadata GC Threshold)
[2025-12-10T16:26:28.479+0800][gc,task     ] GC(1) Using 8 workers of 8 for evacuation
[2025-12-10T16:26:28.502+0800][gc,phases   ] GC(1)   Pre Evacuate Collection Set: 0.2ms
[2025-12-10T16:26:28.503+0800][gc,phases   ] GC(1)   Merge Heap Roots: 0.1ms
[2025-12-10T16:26:28.503+0800][gc,phases   ] GC(1)   Evacuate Collection Set: 9.5ms
[2025-12-10T16:26:28.503+0800][gc,phases   ] GC(1)   Post Evacuate Collection Set: 14.1ms
[2025-12-10T16:26:28.503+0800][gc,phases   ] GC(1)   Other: 0.1ms
[2025-12-10T16:26:28.503+0800][gc,heap     ] GC(1) Eden regions: 146->0(236)
[2025-12-10T16:26:28.503+0800][gc,heap     ] GC(1) Survivor regions: 11->20(32)
[2025-12-10T16:26:28.503+0800][gc,heap     ] GC(1) Old regions: 2->2
[2025-12-10T16:26:28.503+0800][gc,heap     ] GC(1) Humongous regions: 0->0
[2025-12-10T16:26:28.503+0800][gc,metaspace] GC(1) Metaspace: 21057K(21504K)->21057K(21504K) NonClass: 18508K(18752K)->18508K(18752K) Class: 2548K(2752K)->2548K(2752K)
[2025-12-10T16:26:28.503+0800][gc          ] GC(1) Pause Young (Concurrent Start) (Metadata GC Threshold) 157M->20M(512M) 24.234ms
[2025-12-10T16:26:28.503+0800][gc,cpu      ] GC(1) User=0.05s Sys=0.00s Real=0.03s
[2025-12-10T16:26:28.504+0800][gc          ] GC(2) Concurrent Mark Cycle
[2025-12-10T16:26:28.504+0800][gc,marking  ] GC(2) Concurrent Scan Root Regions
[2025-12-10T16:26:28.512+0800][gc,marking  ] GC(2) Concurrent Scan Root Regions 8.650ms
[2025-12-10T16:26:28.512+0800][gc,marking  ] GC(2) Concurrent Mark
[2025-12-10T16:26:28.512+0800][gc,marking  ] GC(2) Concurrent Mark From Roots
[2025-12-10T16:26:28.512+0800][gc,task     ] GC(2) Using 2 workers of 2 for marking
[2025-12-10T16:26:28.514+0800][gc,marking  ] GC(2) Concurrent Mark From Roots 1.725ms
[2025-12-10T16:26:28.514+0800][gc,marking  ] GC(2) Concurrent Preclean
[2025-12-10T16:26:28.514+0800][gc,marking  ] GC(2) Concurrent Preclean 0.016ms
[2025-12-10T16:26:28.514+0800][gc,start    ] GC(2) Pause Remark
[2025-12-10T16:26:28.517+0800][gc          ] GC(2) Pause Remark 22M->22M(512M) 2.331ms
[2025-12-10T16:26:28.517+0800][gc,cpu      ] GC(2) User=0.01s Sys=0.00s Real=0.00s
[2025-12-10T16:26:28.517+0800][gc,marking  ] GC(2) Concurrent Mark 4.591ms
[2025-12-10T16:26:28.517+0800][gc,marking  ] GC(2) Concurrent Rebuild Remembered Sets and Scrub Regions
[2025-12-10T16:26:28.517+0800][gc,marking  ] GC(2) Concurrent Rebuild Remembered Sets and Scrub Regions 0.454ms
[2025-12-10T16:26:28.517+0800][gc,start    ] GC(2) Pause Cleanup
[2025-12-10T16:26:28.518+0800][gc          ] GC(2) Pause Cleanup 22M->22M(512M) 0.156ms
[2025-12-10T16:26:28.518+0800][gc,cpu      ] GC(2) User=0.00s Sys=0.00s Real=0.00s
[2025-12-10T16:26:28.518+0800][gc,marking  ] GC(2) Concurrent Clear Claimed Marks
[2025-12-10T16:26:28.518+0800][gc,marking  ] GC(2) Concurrent Clear Claimed Marks 0.161ms
[2025-12-10T16:26:28.518+0800][gc,marking  ] GC(2) Concurrent Cleanup for Next Mark
[2025-12-10T16:26:28.520+0800][gc,marking  ] GC(2) Concurrent Cleanup for Next Mark 1.647ms
[2025-12-10T16:26:28.520+0800][gc          ] GC(2) Concurrent Mark Cycle 15.984ms
[2025-12-10T16:26:29.031+0800][gc,start    ] GC(3) Pause Young (Prepare Mixed) (G1 Evacuation Pause)
[2025-12-10T16:26:29.031+0800][gc,task     ] GC(3) Using 8 workers of 8 for evacuation
[2025-12-10T16:26:29.047+0800][gc,phases   ] GC(3)   Pre Evacuate Collection Set: 0.1ms
[2025-12-10T16:26:29.047+0800][gc,phases   ] GC(3)   Merge Heap Roots: 0.1ms
[2025-12-10T16:26:29.047+0800][gc,phases   ] GC(3)   Evacuate Collection Set: 15.0ms
[2025-12-10T16:26:29.047+0800][gc,phases   ] GC(3)   Post Evacuate Collection Set: 0.9ms
[2025-12-10T16:26:29.047+0800][gc,phases   ] GC(3)   Other: 0.0ms
[2025-12-10T16:26:29.047+0800][gc,heap     ] GC(3) Eden regions: 236->0(224)
[2025-12-10T16:26:29.047+0800][gc,heap     ] GC(3) Survivor regions: 20->32(32)
[2025-12-10T16:26:29.047+0800][gc,heap     ] GC(3) Old regions: 2->13
[2025-12-10T16:26:29.047+0800][gc,heap     ] GC(3) Humongous regions: 0->0
[2025-12-10T16:26:29.047+0800][gc,metaspace] GC(3) Metaspace: 21439K(21888K)->21439K(21888K) NonClass: 18836K(19072K)->18836K(19072K) Class: 2602K(2816K)->2602K(2816K)
[2025-12-10T16:26:29.047+0800][gc          ] GC(3) Pause Young (Prepare Mixed) (G1 Evacuation Pause) 256M->43M(512M) 16.264ms
[2025-12-10T16:26:29.047+0800][gc,cpu      ] GC(3) User=0.09s Sys=0.01s Real=0.01s
[2025-12-10T16:26:29.701+0800][gc,start    ] GC(4) Pause Young (Mixed) (G1 Evacuation Pause)
[2025-12-10T16:26:29.701+0800][gc,task     ] GC(4) Using 8 workers of 8 for evacuation
[2025-12-10T16:26:29.713+0800][gc,phases   ] GC(4)   Pre Evacuate Collection Set: 0.1ms
[2025-12-10T16:26:29.713+0800][gc,phases   ] GC(4)   Merge Heap Roots: 0.1ms
[2025-12-10T16:26:29.713+0800][gc,phases   ] GC(4)   Evacuate Collection Set: 11.0ms
[2025-12-10T16:26:29.713+0800][gc,phases   ] GC(4)   Post Evacuate Collection Set: 0.5ms
[2025-12-10T16:26:29.713+0800][gc,phases   ] GC(4)   Other: 0.0ms
[2025-12-10T16:26:29.714+0800][gc,heap     ] GC(4) Eden regions: 224->0(249)
[2025-12-10T16:26:29.714+0800][gc,heap     ] GC(4) Survivor regions: 32->7(32)
[2025-12-10T16:26:29.714+0800][gc,heap     ] GC(4) Old regions: 13->42
[2025-12-10T16:26:29.714+0800][gc,heap     ] GC(4) Humongous regions: 0->0
[2025-12-10T16:26:29.714+0800][gc,metaspace] GC(4) Metaspace: 27399K(27840K)->27399K(27840K) NonClass: 24089K(24320K)->24089K(24320K) Class: 3310K(3520K)->3310K(3520K)
[2025-12-10T16:26:29.714+0800][gc          ] GC(4) Pause Young (Mixed) (G1 Evacuation Pause) 267M->49M(512M) 12.438ms
[2025-12-10T16:26:29.714+0800][gc,cpu      ] GC(4) User=0.05s Sys=0.01s Real=0.01s
[2025-12-10T16:26:30.135+0800][gc,start    ] GC(5) Pause Young (Concurrent Start) (Metadata GC Threshold)
[2025-12-10T16:26:30.135+0800][gc,task     ] GC(5) Using 8 workers of 8 for evacuation
[2025-12-10T16:26:30.138+0800][gc,phases   ] GC(5)   Pre Evacuate Collection Set: 0.1ms
[2025-12-10T16:26:30.138+0800][gc,phases   ] GC(5)   Merge Heap Roots: 0.1ms
[2025-12-10T16:26:30.138+0800][gc,phases   ] GC(5)   Evacuate Collection Set: 2.1ms
[2025-12-10T16:26:30.138+0800][gc,phases   ] GC(5)   Post Evacuate Collection Set: 0.3ms
[2025-12-10T16:26:30.138+0800][gc,phases   ] GC(5)   Other: 0.0ms
[2025-12-10T16:26:30.138+0800][gc,heap     ] GC(5) Eden regions: 124->0(248)
[2025-12-10T16:26:30.138+0800][gc,heap     ] GC(5) Survivor regions: 7->8(32)
[2025-12-10T16:26:30.138+0800][gc,heap     ] GC(5) Old regions: 42->42
[2025-12-10T16:26:30.138+0800][gc,heap     ] GC(5) Humongous regions: 0->0
[2025-12-10T16:26:30.138+0800][gc,metaspace] GC(5) Metaspace: 35453K(35968K)->35453K(35968K) NonClass: 31103K(31360K)->31103K(31360K) Class: 4349K(4608K)->4349K(4608K)
[2025-12-10T16:26:30.138+0800][gc          ] GC(5) Pause Young (Concurrent Start) (Metadata GC Threshold) 172M->50M(512M) 2.812ms
[2025-12-10T16:26:30.138+0800][gc          ] GC(6) Concurrent Mark Cycle
[2025-12-10T16:26:30.138+0800][gc,cpu      ] GC(5) User=0.02s Sys=0.01s Real=0.00s
[2025-12-10T16:26:30.138+0800][gc,marking  ] GC(6) Concurrent Scan Root Regions
[2025-12-10T16:26:30.140+0800][gc,marking  ] GC(6) Concurrent Scan Root Regions 2.318ms
[2025-12-10T16:26:30.140+0800][gc,marking  ] GC(6) Concurrent Mark
[2025-12-10T16:26:30.140+0800][gc,marking  ] GC(6) Concurrent Mark From Roots
[2025-12-10T16:26:30.140+0800][gc,task     ] GC(6) Using 2 workers of 2 for marking
[2025-12-10T16:26:30.159+0800][gc,marking  ] GC(6) Concurrent Mark From Roots 18.686ms
[2025-12-10T16:26:30.159+0800][gc,marking  ] GC(6) Concurrent Preclean
[2025-12-10T16:26:30.159+0800][gc,marking  ] GC(6) Concurrent Preclean 0.094ms
[2025-12-10T16:26:30.159+0800][gc,start    ] GC(6) Pause Remark
[2025-12-10T16:26:30.162+0800][gc          ] GC(6) Pause Remark 51M->51M(512M) 2.587ms
[2025-12-10T16:26:30.162+0800][gc,cpu      ] GC(6) User=0.01s Sys=0.00s Real=0.01s
[2025-12-10T16:26:30.162+0800][gc,marking  ] GC(6) Concurrent Mark 21.520ms
[2025-12-10T16:26:30.162+0800][gc,marking  ] GC(6) Concurrent Rebuild Remembered Sets and Scrub Regions
[2025-12-10T16:26:30.169+0800][gc,marking  ] GC(6) Concurrent Rebuild Remembered Sets and Scrub Regions 7.395ms
[2025-12-10T16:26:30.169+0800][gc,start    ] GC(6) Pause Cleanup
[2025-12-10T16:26:30.169+0800][gc          ] GC(6) Pause Cleanup 52M->52M(512M) 0.106ms
[2025-12-10T16:26:30.169+0800][gc,cpu      ] GC(6) User=0.00s Sys=0.00s Real=0.00s
[2025-12-10T16:26:30.169+0800][gc,marking  ] GC(6) Concurrent Clear Claimed Marks
[2025-12-10T16:26:30.170+0800][gc,marking  ] GC(6) Concurrent Clear Claimed Marks 0.074ms
[2025-12-10T16:26:30.170+0800][gc,marking  ] GC(6) Concurrent Cleanup for Next Mark
[2025-12-10T16:26:30.170+0800][gc,marking  ] GC(6) Concurrent Cleanup for Next Mark 0.528ms
[2025-12-10T16:26:30.170+0800][gc          ] GC(6) Concurrent Mark Cycle 32.224ms
[2025-12-10T16:26:31.319+0800][gc,heap,exit] Heap
[2025-12-10T16:26:31.319+0800][gc,heap,exit]  garbage-first heap   total 524288K, used 89088K [0x00000007e0000000, 0x0000000800000000)
[2025-12-10T16:26:31.319+0800][gc,heap,exit]   region size 1024K, 45 young (46080K), 8 survivors (8192K)
[2025-12-10T16:26:31.319+0800][gc,heap,exit]  Metaspace       used 37679K, committed 38208K, reserved 1114112K
[2025-12-10T16:26:31.319+0800][gc,heap,exit]   class space    used 4658K, committed 4864K, reserved 1048576K
