[2025-12-05T15:52:04.478+0800][gc,init] CardTable entry size: 512
[2025-12-05T15:52:04.478+0800][gc     ] Using G1
[2025-12-05T15:52:04.479+0800][gc,init] Version: 21.0.8+12-LTS-250 (release)
[2025-12-05T15:52:04.479+0800][gc,init] CPUs: 8 total, 8 available
[2025-12-05T15:52:04.479+0800][gc,init] Memory: 16384M
[2025-12-05T15:52:04.479+0800][gc,init] Large Page Support: Disabled
[2025-12-05T15:52:04.479+0800][gc,init] NUMA Support: Disabled
[2025-12-05T15:52:04.479+0800][gc,init] Compressed Oops: Enabled (Zero based)
[2025-12-05T15:52:04.479+0800][gc,init] Heap Region Size: 1M
[2025-12-05T15:52:04.479+0800][gc,init] Heap Min Capacity: 512M
[2025-12-05T15:52:04.479+0800][gc,init] Heap Initial Capacity: 512M
[2025-12-05T15:52:04.479+0800][gc,init] Heap Max Capacity: 512M
[2025-12-05T15:52:04.479+0800][gc,init] Pre-touch: Disabled
[2025-12-05T15:52:04.479+0800][gc,init] Parallel Workers: 8
[2025-12-05T15:52:04.479+0800][gc,init] Concurrent Workers: 2
[2025-12-05T15:52:04.479+0800][gc,init] Concurrent Refinement Workers: 8
[2025-12-05T15:52:04.479+0800][gc,init] Periodic GC: Disabled
[2025-12-05T15:52:04.483+0800][gc,metaspace] CDS archive(s) mapped at: [0x000000f000000000-0x000000f000ca8000-0x000000f000ca8000), size 13271040, SharedBaseAddress: 0x000000f000000000, ArchiveRelocationMode: 1.
[2025-12-05T15:52:04.483+0800][gc,metaspace] Compressed class space mapped at: 0x000000f001000000-0x000000f041000000, reserved size: 1073741824
[2025-12-05T15:52:04.483+0800][gc,metaspace] Narrow klass base: 0x000000f000000000, Narrow klass shift: 0, Narrow klass range: 0x100000000
[2025-12-05T15:52:05.487+0800][gc,start    ] GC(0) Pause Young (Normal) (G1 Evacuation Pause)
[2025-12-05T15:52:05.487+0800][gc,task     ] GC(0) Using 8 workers of 8 for evacuation
[2025-12-05T15:52:05.495+0800][gc,phases   ] GC(0)   Pre Evacuate Collection Set: 0.2ms
[2025-12-05T15:52:05.496+0800][gc,phases   ] GC(0)   Merge Heap Roots: 0.1ms
[2025-12-05T15:52:05.496+0800][gc,phases   ] GC(0)   Evacuate Collection Set: 6.5ms
[2025-12-05T15:52:05.496+0800][gc,phases   ] GC(0)   Post Evacuate Collection Set: 1.2ms
[2025-12-05T15:52:05.496+0800][gc,phases   ] GC(0)   Other: 0.3ms
[2025-12-05T15:52:05.496+0800][gc,heap     ] GC(0) Eden regions: 256->0(245)
[2025-12-05T15:52:05.496+0800][gc,heap     ] GC(0) Survivor regions: 0->11(32)
[2025-12-05T15:52:05.496+0800][gc,heap     ] GC(0) Old regions: 2->2
[2025-12-05T15:52:05.496+0800][gc,heap     ] GC(0) Humongous regions: 0->0
[2025-12-05T15:52:05.496+0800][gc,metaspace] GC(0) Metaspace: 16427K(16896K)->16427K(16896K) NonClass: 14504K(14784K)->14504K(14784K) Class: 1922K(2112K)->1922K(2112K)
[2025-12-05T15:52:05.496+0800][gc          ] GC(0) Pause Young (Normal) (G1 Evacuation Pause) 257M->11M(512M) 8.704ms
[2025-12-05T15:52:05.496+0800][gc,cpu      ] GC(0) User=0.02s Sys=0.01s Real=0.01s
[2025-12-05T15:52:05.707+0800][gc,start    ] GC(1) Pause Young (Concurrent Start) (Metadata GC Threshold)
[2025-12-05T15:52:05.707+0800][gc,task     ] GC(1) Using 8 workers of 8 for evacuation
[2025-12-05T15:52:05.712+0800][gc,phases   ] GC(1)   Pre Evacuate Collection Set: 0.2ms
[2025-12-05T15:52:05.712+0800][gc,phases   ] GC(1)   Merge Heap Roots: 0.0ms
[2025-12-05T15:52:05.712+0800][gc,phases   ] GC(1)   Evacuate Collection Set: 4.7ms
[2025-12-05T15:52:05.712+0800][gc,phases   ] GC(1)   Post Evacuate Collection Set: 0.5ms
[2025-12-05T15:52:05.712+0800][gc,phases   ] GC(1)   Other: 0.0ms
[2025-12-05T15:52:05.712+0800][gc,heap     ] GC(1) Eden regions: 130->0(236)
[2025-12-05T15:52:05.712+0800][gc,heap     ] GC(1) Survivor regions: 11->20(32)
[2025-12-05T15:52:05.712+0800][gc,heap     ] GC(1) Old regions: 2->2
[2025-12-05T15:52:05.712+0800][gc,heap     ] GC(1) Humongous regions: 0->0
[2025-12-05T15:52:05.712+0800][gc,metaspace] GC(1) Metaspace: 21080K(21504K)->21080K(21504K) NonClass: 18531K(18752K)->18531K(18752K) Class: 2549K(2752K)->2549K(2752K)
[2025-12-05T15:52:05.712+0800][gc          ] GC(1) Pause Young (Concurrent Start) (Metadata GC Threshold) 141M->21M(512M) 5.819ms
[2025-12-05T15:52:05.712+0800][gc          ] GC(2) Concurrent Mark Cycle
[2025-12-05T15:52:05.712+0800][gc,cpu      ] GC(1) User=0.03s Sys=0.00s Real=0.01s
[2025-12-05T15:52:05.712+0800][gc,marking  ] GC(2) Concurrent Scan Root Regions
[2025-12-05T15:52:05.715+0800][gc,marking  ] GC(2) Concurrent Scan Root Regions 3.021ms
[2025-12-05T15:52:05.715+0800][gc,marking  ] GC(2) Concurrent Mark
[2025-12-05T15:52:05.715+0800][gc,marking  ] GC(2) Concurrent Mark From Roots
[2025-12-05T15:52:05.716+0800][gc,task     ] GC(2) Using 2 workers of 2 for marking
[2025-12-05T15:52:05.716+0800][gc,marking  ] GC(2) Concurrent Mark From Roots 0.972ms
[2025-12-05T15:52:05.716+0800][gc,marking  ] GC(2) Concurrent Preclean
[2025-12-05T15:52:05.716+0800][gc,marking  ] GC(2) Concurrent Preclean 0.007ms
[2025-12-05T15:52:05.717+0800][gc,start    ] GC(2) Pause Remark
[2025-12-05T15:52:05.718+0800][gc          ] GC(2) Pause Remark 22M->22M(512M) 1.909ms
[2025-12-05T15:52:05.719+0800][gc,cpu      ] GC(2) User=0.00s Sys=0.01s Real=0.00s
[2025-12-05T15:52:05.719+0800][gc,marking  ] GC(2) Concurrent Mark 3.113ms
[2025-12-05T15:52:05.719+0800][gc,marking  ] GC(2) Concurrent Rebuild Remembered Sets and Scrub Regions
[2025-12-05T15:52:05.719+0800][gc,marking  ] GC(2) Concurrent Rebuild Remembered Sets and Scrub Regions 0.461ms
[2025-12-05T15:52:05.719+0800][gc,start    ] GC(2) Pause Cleanup
[2025-12-05T15:52:05.719+0800][gc          ] GC(2) Pause Cleanup 22M->22M(512M) 0.116ms
[2025-12-05T15:52:05.719+0800][gc,cpu      ] GC(2) User=0.00s Sys=0.00s Real=0.00s
[2025-12-05T15:52:05.719+0800][gc,marking  ] GC(2) Concurrent Clear Claimed Marks
[2025-12-05T15:52:05.719+0800][gc,marking  ] GC(2) Concurrent Clear Claimed Marks 0.024ms
[2025-12-05T15:52:05.719+0800][gc,marking  ] GC(2) Concurrent Cleanup for Next Mark
[2025-12-05T15:52:05.721+0800][gc,marking  ] GC(2) Concurrent Cleanup for Next Mark 1.245ms
[2025-12-05T15:52:05.721+0800][gc          ] GC(2) Concurrent Mark Cycle 8.445ms
[2025-12-05T15:52:06.129+0800][gc,start    ] GC(3) Pause Young (Prepare Mixed) (G1 Evacuation Pause)
[2025-12-05T15:52:06.129+0800][gc,task     ] GC(3) Using 8 workers of 8 for evacuation
[2025-12-05T15:52:06.142+0800][gc,phases   ] GC(3)   Pre Evacuate Collection Set: 0.1ms
[2025-12-05T15:52:06.142+0800][gc,phases   ] GC(3)   Merge Heap Roots: 0.1ms
[2025-12-05T15:52:06.142+0800][gc,phases   ] GC(3)   Evacuate Collection Set: 11.8ms
[2025-12-05T15:52:06.142+0800][gc,phases   ] GC(3)   Post Evacuate Collection Set: 0.9ms
[2025-12-05T15:52:06.142+0800][gc,phases   ] GC(3)   Other: 0.0ms
[2025-12-05T15:52:06.142+0800][gc,heap     ] GC(3) Eden regions: 236->0(225)
[2025-12-05T15:52:06.142+0800][gc,heap     ] GC(3) Survivor regions: 20->31(32)
[2025-12-05T15:52:06.142+0800][gc,heap     ] GC(3) Old regions: 2->13
[2025-12-05T15:52:06.142+0800][gc,heap     ] GC(3) Humongous regions: 0->0
[2025-12-05T15:52:06.142+0800][gc,metaspace] GC(3) Metaspace: 21462K(21952K)->21462K(21952K) NonClass: 18858K(19136K)->18858K(19136K) Class: 2604K(2816K)->2604K(2816K)
[2025-12-05T15:52:06.142+0800][gc          ] GC(3) Pause Young (Prepare Mixed) (G1 Evacuation Pause) 257M->42M(512M) 13.040ms
[2025-12-05T15:52:06.142+0800][gc,cpu      ] GC(3) User=0.07s Sys=0.01s Real=0.02s
[2025-12-05T15:52:06.665+0800][gc,start    ] GC(4) Pause Young (Mixed) (G1 Evacuation Pause)
[2025-12-05T15:52:06.665+0800][gc,task     ] GC(4) Using 8 workers of 8 for evacuation
[2025-12-05T15:52:06.673+0800][gc,phases   ] GC(4)   Pre Evacuate Collection Set: 0.1ms
[2025-12-05T15:52:06.673+0800][gc,phases   ] GC(4)   Merge Heap Roots: 0.1ms
[2025-12-05T15:52:06.673+0800][gc,phases   ] GC(4)   Evacuate Collection Set: 7.0ms
[2025-12-05T15:52:06.673+0800][gc,phases   ] GC(4)   Post Evacuate Collection Set: 0.4ms
[2025-12-05T15:52:06.673+0800][gc,phases   ] GC(4)   Other: 0.0ms
[2025-12-05T15:52:06.673+0800][gc,heap     ] GC(4) Eden regions: 225->0(248)
[2025-12-05T15:52:06.673+0800][gc,heap     ] GC(4) Survivor regions: 31->8(32)
[2025-12-05T15:52:06.673+0800][gc,heap     ] GC(4) Old regions: 13->42
[2025-12-05T15:52:06.673+0800][gc,heap     ] GC(4) Humongous regions: 0->0
[2025-12-05T15:52:06.673+0800][gc,metaspace] GC(4) Metaspace: 27513K(27968K)->27513K(27968K) NonClass: 24187K(24448K)->24187K(24448K) Class: 3325K(3520K)->3325K(3520K)
[2025-12-05T15:52:06.673+0800][gc          ] GC(4) Pause Young (Mixed) (G1 Evacuation Pause) 267M->49M(512M) 7.776ms
[2025-12-05T15:52:06.673+0800][gc,cpu      ] GC(4) User=0.04s Sys=0.01s Real=0.01s
[2025-12-05T15:52:07.008+0800][gc,start    ] GC(5) Pause Young (Concurrent Start) (Metadata GC Threshold)
[2025-12-05T15:52:07.008+0800][gc,task     ] GC(5) Using 8 workers of 8 for evacuation
[2025-12-05T15:52:07.011+0800][gc,phases   ] GC(5)   Pre Evacuate Collection Set: 0.1ms
[2025-12-05T15:52:07.011+0800][gc,phases   ] GC(5)   Merge Heap Roots: 0.0ms
[2025-12-05T15:52:07.011+0800][gc,phases   ] GC(5)   Evacuate Collection Set: 2.2ms
[2025-12-05T15:52:07.011+0800][gc,phases   ] GC(5)   Post Evacuate Collection Set: 0.3ms
[2025-12-05T15:52:07.011+0800][gc,phases   ] GC(5)   Other: 0.0ms
[2025-12-05T15:52:07.011+0800][gc,heap     ] GC(5) Eden regions: 122->0(248)
[2025-12-05T15:52:07.011+0800][gc,heap     ] GC(5) Survivor regions: 8->8(32)
[2025-12-05T15:52:07.011+0800][gc,heap     ] GC(5) Old regions: 42->42
[2025-12-05T15:52:07.011+0800][gc,heap     ] GC(5) Humongous regions: 0->0
[2025-12-05T15:52:07.011+0800][gc,metaspace] GC(5) Metaspace: 35456K(35968K)->35456K(35968K) NonClass: 31107K(31360K)->31107K(31360K) Class: 4349K(4608K)->4349K(4608K)
[2025-12-05T15:52:07.011+0800][gc          ] GC(5) Pause Young (Concurrent Start) (Metadata GC Threshold) 171M->49M(512M) 2.822ms
[2025-12-05T15:52:07.011+0800][gc          ] GC(6) Concurrent Mark Cycle
[2025-12-05T15:52:07.011+0800][gc,cpu      ] GC(5) User=0.02s Sys=0.00s Real=0.01s
[2025-12-05T15:52:07.011+0800][gc,marking  ] GC(6) Concurrent Scan Root Regions
[2025-12-05T15:52:07.013+0800][gc,marking  ] GC(6) Concurrent Scan Root Regions 1.942ms
[2025-12-05T15:52:07.013+0800][gc,marking  ] GC(6) Concurrent Mark
[2025-12-05T15:52:07.013+0800][gc,marking  ] GC(6) Concurrent Mark From Roots
[2025-12-05T15:52:07.013+0800][gc,task     ] GC(6) Using 2 workers of 2 for marking
[2025-12-05T15:52:07.029+0800][gc,marking  ] GC(6) Concurrent Mark From Roots 15.706ms
[2025-12-05T15:52:07.029+0800][gc,marking  ] GC(6) Concurrent Preclean
[2025-12-05T15:52:07.029+0800][gc,marking  ] GC(6) Concurrent Preclean 0.076ms
[2025-12-05T15:52:07.029+0800][gc,start    ] GC(6) Pause Remark
[2025-12-05T15:52:07.031+0800][gc          ] GC(6) Pause Remark 51M->51M(512M) 2.413ms
[2025-12-05T15:52:07.031+0800][gc,cpu      ] GC(6) User=0.02s Sys=0.00s Real=0.01s
[2025-12-05T15:52:07.031+0800][gc,marking  ] GC(6) Concurrent Mark 18.339ms
[2025-12-05T15:52:07.031+0800][gc,marking  ] GC(6) Concurrent Rebuild Remembered Sets and Scrub Regions
[2025-12-05T15:52:07.037+0800][gc,marking  ] GC(6) Concurrent Rebuild Remembered Sets and Scrub Regions 6.026ms
[2025-12-05T15:52:07.037+0800][gc,start    ] GC(6) Pause Cleanup
[2025-12-05T15:52:07.037+0800][gc          ] GC(6) Pause Cleanup 51M->51M(512M) 0.072ms
[2025-12-05T15:52:07.037+0800][gc,cpu      ] GC(6) User=0.00s Sys=0.00s Real=0.00s
[2025-12-05T15:52:07.037+0800][gc,marking  ] GC(6) Concurrent Clear Claimed Marks
[2025-12-05T15:52:07.037+0800][gc,marking  ] GC(6) Concurrent Clear Claimed Marks 0.057ms
[2025-12-05T15:52:07.037+0800][gc,marking  ] GC(6) Concurrent Cleanup for Next Mark
[2025-12-05T15:52:07.038+0800][gc,marking  ] GC(6) Concurrent Cleanup for Next Mark 0.470ms
[2025-12-05T15:52:07.038+0800][gc          ] GC(6) Concurrent Mark Cycle 27.101ms
[2025-12-05T15:52:07.876+0800][gc,start    ] GC(7) Pause Young (Prepare Mixed) (G1 Evacuation Pause)
[2025-12-05T15:52:07.876+0800][gc,task     ] GC(7) Using 8 workers of 8 for evacuation
[2025-12-05T15:52:07.881+0800][gc,phases   ] GC(7)   Pre Evacuate Collection Set: 0.2ms
[2025-12-05T15:52:07.881+0800][gc,phases   ] GC(7)   Merge Heap Roots: 0.1ms
[2025-12-05T15:52:07.881+0800][gc,phases   ] GC(7)   Evacuate Collection Set: 4.1ms
[2025-12-05T15:52:07.881+0800][gc,phases   ] GC(7)   Post Evacuate Collection Set: 0.5ms
[2025-12-05T15:52:07.881+0800][gc,phases   ] GC(7)   Other: 0.0ms
[2025-12-05T15:52:07.881+0800][gc,heap     ] GC(7) Eden regions: 248->0(238)
[2025-12-05T15:52:07.881+0800][gc,heap     ] GC(7) Survivor regions: 8->18(32)
[2025-12-05T15:52:07.881+0800][gc,heap     ] GC(7) Old regions: 42->42
[2025-12-05T15:52:07.881+0800][gc,heap     ] GC(7) Humongous regions: 0->0
[2025-12-05T15:52:07.881+0800][gc,metaspace] GC(7) Metaspace: 52974K(53632K)->52974K(53632K) NonClass: 46519K(46848K)->46519K(46848K) Class: 6455K(6784K)->6455K(6784K)
[2025-12-05T15:52:07.881+0800][gc          ] GC(7) Pause Young (Prepare Mixed) (G1 Evacuation Pause) 297M->59M(512M) 5.070ms
[2025-12-05T15:52:07.881+0800][gc,cpu      ] GC(7) User=0.04s Sys=0.00s Real=0.01s
[2025-12-05T15:52:08.131+0800][gc,start    ] GC(8) Pause Young (Mixed) (Metadata GC Threshold)
[2025-12-05T15:52:08.131+0800][gc,task     ] GC(8) Using 8 workers of 8 for evacuation
[2025-12-05T15:52:08.135+0800][gc,phases   ] GC(8)   Pre Evacuate Collection Set: 0.2ms
[2025-12-05T15:52:08.135+0800][gc,phases   ] GC(8)   Merge Heap Roots: 0.0ms
[2025-12-05T15:52:08.135+0800][gc,phases   ] GC(8)   Evacuate Collection Set: 3.8ms
[2025-12-05T15:52:08.135+0800][gc,phases   ] GC(8)   Post Evacuate Collection Set: 0.4ms
[2025-12-05T15:52:08.135+0800][gc,phases   ] GC(8)   Other: 0.0ms
[2025-12-05T15:52:08.135+0800][gc,heap     ] GC(8) Eden regions: 86->0(236)
[2025-12-05T15:52:08.135+0800][gc,heap     ] GC(8) Survivor regions: 18->20(32)
[2025-12-05T15:52:08.135+0800][gc,heap     ] GC(8) Old regions: 42->42
[2025-12-05T15:52:08.135+0800][gc,heap     ] GC(8) Humongous regions: 0->0
[2025-12-05T15:52:08.135+0800][gc,metaspace] GC(8) Metaspace: 60307K(60928K)->60307K(60928K) NonClass: 53051K(53376K)->53051K(53376K) Class: 7255K(7552K)->7255K(7552K)
[2025-12-05T15:52:08.135+0800][gc          ] GC(8) Pause Young (Mixed) (Metadata GC Threshold) 144M->60M(512M) 4.535ms
[2025-12-05T15:52:08.135+0800][gc,cpu      ] GC(8) User=0.03s Sys=0.01s Real=0.00s
[2025-12-05T15:52:08.148+0800][gc,start    ] GC(9) Pause Young (Concurrent Start) (Metadata GC Threshold)
[2025-12-05T15:52:08.148+0800][gc,task     ] GC(9) Using 8 workers of 8 for evacuation
[2025-12-05T15:52:08.154+0800][gc,phases   ] GC(9)   Pre Evacuate Collection Set: 0.1ms
[2025-12-05T15:52:08.154+0800][gc,phases   ] GC(9)   Merge Heap Roots: 0.1ms
[2025-12-05T15:52:08.154+0800][gc,phases   ] GC(9)   Evacuate Collection Set: 4.7ms
[2025-12-05T15:52:08.154+0800][gc,phases   ] GC(9)   Post Evacuate Collection Set: 0.4ms
[2025-12-05T15:52:08.154+0800][gc,phases   ] GC(9)   Other: 0.0ms
[2025-12-05T15:52:08.154+0800][gc,heap     ] GC(9) Eden regions: 4->0(240)
[2025-12-05T15:52:08.154+0800][gc,heap     ] GC(9) Survivor regions: 20->16(32)
[2025-12-05T15:52:08.154+0800][gc,heap     ] GC(9) Old regions: 42->46
[2025-12-05T15:52:08.154+0800][gc,heap     ] GC(9) Humongous regions: 0->0
[2025-12-05T15:52:08.154+0800][gc,metaspace] GC(9) Metaspace: 60605K(61248K)->60605K(61248K) NonClass: 53317K(53696K)->53317K(53696K) Class: 7287K(7552K)->7287K(7552K)
[2025-12-05T15:52:08.154+0800][gc          ] GC(9) Pause Young (Concurrent Start) (Metadata GC Threshold) 64M->61M(512M) 5.532ms
[2025-12-05T15:52:08.154+0800][gc          ] GC(10) Concurrent Mark Cycle
[2025-12-05T15:52:08.154+0800][gc,marking  ] GC(10) Concurrent Scan Root Regions
[2025-12-05T15:52:08.154+0800][gc,cpu      ] GC(9) User=0.04s Sys=0.00s Real=0.01s
[2025-12-05T15:52:08.158+0800][gc,marking  ] GC(10) Concurrent Scan Root Regions 4.077ms
[2025-12-05T15:52:08.159+0800][gc,marking  ] GC(10) Concurrent Mark
[2025-12-05T15:52:08.159+0800][gc,marking  ] GC(10) Concurrent Mark From Roots
[2025-12-05T15:52:08.159+0800][gc,task     ] GC(10) Using 2 workers of 2 for marking
[2025-12-05T15:52:08.174+0800][gc,marking  ] GC(10) Concurrent Mark From Roots 14.713ms
[2025-12-05T15:52:08.175+0800][gc,marking  ] GC(10) Concurrent Preclean
[2025-12-05T15:52:08.175+0800][gc,marking  ] GC(10) Concurrent Preclean 0.108ms
[2025-12-05T15:52:08.176+0800][gc,start    ] GC(10) Pause Remark
[2025-12-05T15:52:08.178+0800][gc          ] GC(10) Pause Remark 65M->65M(512M) 2.700ms
[2025-12-05T15:52:08.179+0800][gc,cpu      ] GC(10) User=0.01s Sys=0.00s Real=0.00s
[2025-12-05T15:52:08.180+0800][gc,marking  ] GC(10) Concurrent Mark 20.421ms
[2025-12-05T15:52:08.180+0800][gc,marking  ] GC(10) Concurrent Rebuild Remembered Sets and Scrub Regions
[2025-12-05T15:52:08.187+0800][gc,marking  ] GC(10) Concurrent Rebuild Remembered Sets and Scrub Regions 7.353ms
[2025-12-05T15:52:08.190+0800][gc,start    ] GC(10) Pause Cleanup
[2025-12-05T15:52:08.191+0800][gc          ] GC(10) Pause Cleanup 68M->68M(512M) 0.212ms
[2025-12-05T15:52:08.191+0800][gc,cpu      ] GC(10) User=0.00s Sys=0.00s Real=0.00s
[2025-12-05T15:52:08.191+0800][gc,marking  ] GC(10) Concurrent Clear Claimed Marks
[2025-12-05T15:52:08.191+0800][gc,marking  ] GC(10) Concurrent Clear Claimed Marks 0.045ms
[2025-12-05T15:52:08.191+0800][gc,marking  ] GC(10) Concurrent Cleanup for Next Mark
[2025-12-05T15:52:08.191+0800][gc,marking  ] GC(10) Concurrent Cleanup for Next Mark 0.241ms
[2025-12-05T15:52:08.196+0800][gc          ] GC(10) Concurrent Mark Cycle 42.464ms
[2025-12-05T15:52:09.411+0800][gc,start    ] GC(11) Pause Young (Prepare Mixed) (G1 Evacuation Pause)
[2025-12-05T15:52:09.411+0800][gc,task     ] GC(11) Using 8 workers of 8 for evacuation
[2025-12-05T15:52:09.418+0800][gc,phases   ] GC(11)   Pre Evacuate Collection Set: 0.2ms
[2025-12-05T15:52:09.418+0800][gc,phases   ] GC(11)   Merge Heap Roots: 0.1ms
[2025-12-05T15:52:09.418+0800][gc,phases   ] GC(11)   Evacuate Collection Set: 5.8ms
[2025-12-05T15:52:09.418+0800][gc,phases   ] GC(11)   Post Evacuate Collection Set: 0.5ms
[2025-12-05T15:52:09.418+0800][gc,phases   ] GC(11)   Other: 0.0ms
[2025-12-05T15:52:09.418+0800][gc,heap     ] GC(11) Eden regions: 240->0(224)
[2025-12-05T15:52:09.418+0800][gc,heap     ] GC(11) Survivor regions: 16->32(32)
[2025-12-05T15:52:09.418+0800][gc,heap     ] GC(11) Old regions: 46->47
[2025-12-05T15:52:09.418+0800][gc,heap     ] GC(11) Humongous regions: 0->0
[2025-12-05T15:52:09.418+0800][gc,metaspace] GC(11) Metaspace: 71149K(71936K)->71149K(71936K) NonClass: 62500K(62912K)->62500K(62912K) Class: 8649K(9024K)->8649K(9024K)
[2025-12-05T15:52:09.418+0800][gc          ] GC(11) Pause Young (Prepare Mixed) (G1 Evacuation Pause) 301M->78M(512M) 6.834ms
[2025-12-05T15:52:09.418+0800][gc,cpu      ] GC(11) User=0.05s Sys=0.00s Real=0.00s
[2025-12-05T15:52:09.848+0800][gc,start    ] GC(12) Pause Young (Mixed) (G1 Evacuation Pause)
[2025-12-05T15:52:09.848+0800][gc,task     ] GC(12) Using 8 workers of 8 for evacuation
[2025-12-05T15:52:09.857+0800][gc,phases   ] GC(12)   Pre Evacuate Collection Set: 0.2ms
[2025-12-05T15:52:09.857+0800][gc,phases   ] GC(12)   Merge Heap Roots: 0.1ms
[2025-12-05T15:52:09.857+0800][gc,phases   ] GC(12)   Evacuate Collection Set: 8.0ms
[2025-12-05T15:52:09.857+0800][gc,phases   ] GC(12)   Post Evacuate Collection Set: 0.6ms
[2025-12-05T15:52:09.857+0800][gc,phases   ] GC(12)   Other: 0.0ms
[2025-12-05T15:52:09.857+0800][gc,heap     ] GC(12) Eden regions: 224->0(247)
[2025-12-05T15:52:09.857+0800][gc,heap     ] GC(12) Survivor regions: 32->9(32)
[2025-12-05T15:52:09.857+0800][gc,heap     ] GC(12) Old regions: 47->78
[2025-12-05T15:52:09.857+0800][gc,heap     ] GC(12) Humongous regions: 0->0
[2025-12-05T15:52:09.857+0800][gc,metaspace] GC(12) Metaspace: 75438K(76288K)->75438K(76288K) NonClass: 66097K(66560K)->66097K(66560K) Class: 9340K(9728K)->9340K(9728K)
[2025-12-05T15:52:09.857+0800][gc          ] GC(12) Pause Young (Mixed) (G1 Evacuation Pause) 302M->86M(512M) 9.058ms
[2025-12-05T15:52:09.857+0800][gc,cpu      ] GC(12) User=0.05s Sys=0.01s Real=0.01s
[2025-12-05T15:52:10.105+0800][gc,start    ] GC(13) Pause Young (Normal) (G1 Evacuation Pause)
[2025-12-05T15:52:10.105+0800][gc,task     ] GC(13) Using 8 workers of 8 for evacuation
[2025-12-05T15:52:10.112+0800][gc,phases   ] GC(13)   Pre Evacuate Collection Set: 0.2ms
[2025-12-05T15:52:10.112+0800][gc,phases   ] GC(13)   Merge Heap Roots: 0.1ms
[2025-12-05T15:52:10.112+0800][gc,phases   ] GC(13)   Evacuate Collection Set: 5.8ms
[2025-12-05T15:52:10.112+0800][gc,phases   ] GC(13)   Post Evacuate Collection Set: 0.5ms
[2025-12-05T15:52:10.112+0800][gc,phases   ] GC(13)   Other: 0.0ms
[2025-12-05T15:52:10.112+0800][gc,heap     ] GC(13) Eden regions: 247->0(224)
[2025-12-05T15:52:10.112+0800][gc,heap     ] GC(13) Survivor regions: 9->32(32)
[2025-12-05T15:52:10.112+0800][gc,heap     ] GC(13) Old regions: 78->78
[2025-12-05T15:52:10.112+0800][gc,heap     ] GC(13) Humongous regions: 0->0
[2025-12-05T15:52:10.112+0800][gc,metaspace] GC(13) Metaspace: 75592K(76416K)->75592K(76416K) NonClass: 66232K(66688K)->66232K(66688K) Class: 9360K(9728K)->9360K(9728K)
[2025-12-05T15:52:10.112+0800][gc          ] GC(13) Pause Young (Normal) (G1 Evacuation Pause) 333M->108M(512M) 6.820ms
[2025-12-05T15:52:10.112+0800][gc,cpu      ] GC(13) User=0.05s Sys=0.01s Real=0.01s
[2025-12-05T15:52:10.587+0800][gc,start    ] GC(14) Pause Young (Normal) (G1 Evacuation Pause)
[2025-12-05T15:52:10.587+0800][gc,task     ] GC(14) Using 8 workers of 8 for evacuation
[2025-12-05T15:52:10.597+0800][gc,phases   ] GC(14)   Pre Evacuate Collection Set: 0.2ms
[2025-12-05T15:52:10.597+0800][gc,phases   ] GC(14)   Merge Heap Roots: 0.1ms
[2025-12-05T15:52:10.597+0800][gc,phases   ] GC(14)   Evacuate Collection Set: 8.8ms
[2025-12-05T15:52:10.597+0800][gc,phases   ] GC(14)   Post Evacuate Collection Set: 0.6ms
[2025-12-05T15:52:10.597+0800][gc,phases   ] GC(14)   Other: 0.0ms
[2025-12-05T15:52:10.597+0800][gc,heap     ] GC(14) Eden regions: 224->0(246)
[2025-12-05T15:52:10.597+0800][gc,heap     ] GC(14) Survivor regions: 32->10(32)
[2025-12-05T15:52:10.597+0800][gc,heap     ] GC(14) Old regions: 78->110
[2025-12-05T15:52:10.597+0800][gc,heap     ] GC(14) Humongous regions: 0->0
[2025-12-05T15:52:10.597+0800][gc,metaspace] GC(14) Metaspace: 80365K(81280K)->80365K(81280K) NonClass: 70434K(70912K)->70434K(70912K) Class: 9930K(10368K)->9930K(10368K)
[2025-12-05T15:52:10.597+0800][gc          ] GC(14) Pause Young (Normal) (G1 Evacuation Pause) 332M->119M(512M) 9.853ms
[2025-12-05T15:52:10.597+0800][gc,cpu      ] GC(14) User=0.05s Sys=0.01s Real=0.01s
[2025-12-05T15:52:11.185+0800][gc,start    ] GC(15) Pause Young (Concurrent Start) (G1 Evacuation Pause)
[2025-12-05T15:52:11.185+0800][gc,task     ] GC(15) Using 8 workers of 8 for evacuation
[2025-12-05T15:52:11.191+0800][gc,phases   ] GC(15)   Pre Evacuate Collection Set: 0.2ms
[2025-12-05T15:52:11.191+0800][gc,phases   ] GC(15)   Merge Heap Roots: 0.1ms
[2025-12-05T15:52:11.191+0800][gc,phases   ] GC(15)   Evacuate Collection Set: 4.3ms
[2025-12-05T15:52:11.191+0800][gc,phases   ] GC(15)   Post Evacuate Collection Set: 0.7ms
[2025-12-05T15:52:11.191+0800][gc,phases   ] GC(15)   Other: 0.1ms
[2025-12-05T15:52:11.191+0800][gc,heap     ] GC(15) Eden regions: 246->0(239)
[2025-12-05T15:52:11.191+0800][gc,heap     ] GC(15) Survivor regions: 10->17(32)
[2025-12-05T15:52:11.191+0800][gc,heap     ] GC(15) Old regions: 110->110
[2025-12-05T15:52:11.191+0800][gc,heap     ] GC(15) Humongous regions: 0->0
[2025-12-05T15:52:11.191+0800][gc,metaspace] GC(15) Metaspace: 84255K(85248K)->84255K(85248K) NonClass: 73799K(74304K)->73799K(74304K) Class: 10456K(10944K)->10456K(10944K)
[2025-12-05T15:52:11.191+0800][gc          ] GC(15) Pause Young (Concurrent Start) (G1 Evacuation Pause) 365M->126M(512M) 5.416ms
[2025-12-05T15:52:11.191+0800][gc          ] GC(16) Concurrent Mark Cycle
[2025-12-05T15:52:11.191+0800][gc,marking  ] GC(16) Concurrent Scan Root Regions
[2025-12-05T15:52:11.191+0800][gc,cpu      ] GC(15) User=0.03s Sys=0.01s Real=0.01s
[2025-12-05T15:52:11.195+0800][gc,marking  ] GC(16) Concurrent Scan Root Regions 4.636ms
[2025-12-05T15:52:11.195+0800][gc,marking  ] GC(16) Concurrent Mark
[2025-12-05T15:52:11.195+0800][gc,marking  ] GC(16) Concurrent Mark From Roots
[2025-12-05T15:52:11.195+0800][gc,task     ] GC(16) Using 2 workers of 2 for marking
[2025-12-05T15:52:11.225+0800][gc,marking  ] GC(16) Concurrent Mark From Roots 29.739ms
[2025-12-05T15:52:11.225+0800][gc,marking  ] GC(16) Concurrent Preclean
[2025-12-05T15:52:11.225+0800][gc,marking  ] GC(16) Concurrent Preclean 0.087ms
[2025-12-05T15:52:11.225+0800][gc,start    ] GC(16) Pause Remark
[2025-12-05T15:52:11.234+0800][gc          ] GC(16) Pause Remark 139M->139M(512M) 8.132ms
[2025-12-05T15:52:11.234+0800][gc,cpu      ] GC(16) User=0.05s Sys=0.00s Real=0.01s
[2025-12-05T15:52:11.234+0800][gc,marking  ] GC(16) Concurrent Mark 38.255ms
[2025-12-05T15:52:11.234+0800][gc,marking  ] GC(16) Concurrent Rebuild Remembered Sets and Scrub Regions
[2025-12-05T15:52:11.249+0800][gc,marking  ] GC(16) Concurrent Rebuild Remembered Sets and Scrub Regions 14.798ms
[2025-12-05T15:52:11.249+0800][gc,start    ] GC(16) Pause Cleanup
[2025-12-05T15:52:11.249+0800][gc          ] GC(16) Pause Cleanup 146M->146M(512M) 0.109ms
[2025-12-05T15:52:11.249+0800][gc,cpu      ] GC(16) User=0.00s Sys=0.00s Real=0.00s
[2025-12-05T15:52:11.249+0800][gc,marking  ] GC(16) Concurrent Clear Claimed Marks
[2025-12-05T15:52:11.249+0800][gc,marking  ] GC(16) Concurrent Clear Claimed Marks 0.066ms
[2025-12-05T15:52:11.249+0800][gc,marking  ] GC(16) Concurrent Cleanup for Next Mark
[2025-12-05T15:52:11.249+0800][gc,marking  ] GC(16) Concurrent Cleanup for Next Mark 0.256ms
[2025-12-05T15:52:11.249+0800][gc          ] GC(16) Concurrent Mark Cycle 58.504ms
[2025-12-05T16:30:02.380+0800][gc,start    ] GC(17) Pause Young (Prepare Mixed) (G1 Evacuation Pause)
[2025-12-05T16:30:02.382+0800][gc,task     ] GC(17) Using 8 workers of 8 for evacuation
[2025-12-05T16:30:02.426+0800][gc,phases   ] GC(17)   Pre Evacuate Collection Set: 1.1ms
[2025-12-05T16:30:02.426+0800][gc,phases   ] GC(17)   Merge Heap Roots: 0.2ms
[2025-12-05T16:30:02.426+0800][gc,phases   ] GC(17)   Evacuate Collection Set: 37.8ms
[2025-12-05T16:30:02.426+0800][gc,phases   ] GC(17)   Post Evacuate Collection Set: 5.0ms
[2025-12-05T16:30:02.426+0800][gc,phases   ] GC(17)   Other: 0.2ms
[2025-12-05T16:30:02.426+0800][gc,heap     ] GC(17) Eden regions: 239->0(232)
[2025-12-05T16:30:02.426+0800][gc,heap     ] GC(17) Survivor regions: 17->24(32)
[2025-12-05T16:30:02.426+0800][gc,heap     ] GC(17) Old regions: 110->110
[2025-12-05T16:30:02.426+0800][gc,heap     ] GC(17) Humongous regions: 0->0
[2025-12-05T16:30:02.426+0800][gc,metaspace] GC(17) Metaspace: 89891K(91136K)->89891K(91136K) NonClass: 79064K(79744K)->79064K(79744K) Class: 10826K(11392K)->10826K(11392K)
[2025-12-05T16:30:02.426+0800][gc          ] GC(17) Pause Young (Prepare Mixed) (G1 Evacuation Pause) 365M->133M(512M) 45.787ms
[2025-12-05T16:30:02.426+0800][gc,cpu      ] GC(17) User=0.05s Sys=0.14s Real=0.04s
[2025-12-05T17:41:15.199+0800][gc,start    ] GC(18) Pause Young (Mixed) (G1 Evacuation Pause)
[2025-12-05T17:41:15.201+0800][gc,task     ] GC(18) Using 8 workers of 8 for evacuation
[2025-12-05T17:41:15.241+0800][gc,phases   ] GC(18)   Pre Evacuate Collection Set: 1.9ms
[2025-12-05T17:41:15.241+0800][gc,phases   ] GC(18)   Merge Heap Roots: 0.4ms
[2025-12-05T17:41:15.241+0800][gc,phases   ] GC(18)   Evacuate Collection Set: 35.9ms
[2025-12-05T17:41:15.241+0800][gc,phases   ] GC(18)   Post Evacuate Collection Set: 1.8ms
[2025-12-05T17:41:15.241+0800][gc,phases   ] GC(18)   Other: 0.3ms
[2025-12-05T17:41:15.241+0800][gc,heap     ] GC(18) Eden regions: 232->0(244)
[2025-12-05T17:41:15.241+0800][gc,heap     ] GC(18) Survivor regions: 24->12(32)
[2025-12-05T17:41:15.241+0800][gc,heap     ] GC(18) Old regions: 110->122
[2025-12-05T17:41:15.241+0800][gc,heap     ] GC(18) Humongous regions: 0->0
[2025-12-05T17:41:15.241+0800][gc,metaspace] GC(18) Metaspace: 90138K(91328K)->90138K(91328K) NonClass: 79294K(79936K)->79294K(79936K) Class: 10843K(11392K)->10843K(11392K)
[2025-12-05T17:41:15.241+0800][gc          ] GC(18) Pause Young (Mixed) (G1 Evacuation Pause) 365M->133M(512M) 41.739ms
[2025-12-05T17:41:15.241+0800][gc,cpu      ] GC(18) User=0.06s Sys=0.13s Real=0.05s
[2025-12-05T18:21:03.973+0800][gc,heap,exit] Heap
[2025-12-05T18:21:03.974+0800][gc,heap,exit]  garbage-first heap   total 524288K, used 288546K [0x00000007e0000000, 0x0000000800000000)
[2025-12-05T18:21:03.974+0800][gc,heap,exit]   region size 1024K, 161 young (164864K), 12 survivors (12288K)
[2025-12-05T18:21:03.974+0800][gc,heap,exit]  Metaspace       used 90575K, committed 91776K, reserved 1179648K
[2025-12-05T18:21:03.974+0800][gc,heap,exit]   class space    used 10900K, committed 11456K, reserved 1048576K
