[2025-12-09T08:45:03.598+0800][gc,init] CardTable entry size: 512
[2025-12-09T08:45:03.598+0800][gc     ] Using G1
[2025-12-09T08:45:03.601+0800][gc,init] Version: 21.0.8+12-LTS-250 (release)
[2025-12-09T08:45:03.601+0800][gc,init] CPUs: 8 total, 8 available
[2025-12-09T08:45:03.601+0800][gc,init] Memory: 16384M
[2025-12-09T08:45:03.601+0800][gc,init] Large Page Support: Disabled
[2025-12-09T08:45:03.601+0800][gc,init] NUMA Support: Disabled
[2025-12-09T08:45:03.601+0800][gc,init] Compressed Oops: Enabled (Zero based)
[2025-12-09T08:45:03.601+0800][gc,init] Heap Region Size: 1M
[2025-12-09T08:45:03.601+0800][gc,init] Heap Min Capacity: 512M
[2025-12-09T08:45:03.601+0800][gc,init] Heap Initial Capacity: 512M
[2025-12-09T08:45:03.601+0800][gc,init] Heap Max Capacity: 512M
[2025-12-09T08:45:03.601+0800][gc,init] Pre-touch: Disabled
[2025-12-09T08:45:03.601+0800][gc,init] Parallel Workers: 8
[2025-12-09T08:45:03.601+0800][gc,init] Concurrent Workers: 2
[2025-12-09T08:45:03.601+0800][gc,init] Concurrent Refinement Workers: 8
[2025-12-09T08:45:03.601+0800][gc,init] Periodic GC: Disabled
[2025-12-09T08:45:03.606+0800][gc,metaspace] CDS archive(s) mapped at: [0x000000a800000000-0x000000a800ca8000-0x000000a800ca8000), size 13271040, SharedBaseAddress: 0x000000a800000000, ArchiveRelocationMode: 1.
[2025-12-09T08:45:03.606+0800][gc,metaspace] Compressed class space mapped at: 0x000000a801000000-0x000000a841000000, reserved size: 1073741824
[2025-12-09T08:45:03.606+0800][gc,metaspace] Narrow klass base: 0x000000a800000000, Narrow klass shift: 0, Narrow klass range: 0x100000000
[2025-12-09T08:45:05.552+0800][gc,start    ] GC(0) Pause Young (Normal) (G1 Evacuation Pause)
[2025-12-09T08:45:05.552+0800][gc,task     ] GC(0) Using 8 workers of 8 for evacuation
[2025-12-09T08:45:05.558+0800][gc,phases   ] GC(0)   Pre Evacuate Collection Set: 0.2ms
[2025-12-09T08:45:05.558+0800][gc,phases   ] GC(0)   Merge Heap Roots: 0.1ms
[2025-12-09T08:45:05.558+0800][gc,phases   ] GC(0)   Evacuate Collection Set: 4.7ms
[2025-12-09T08:45:05.558+0800][gc,phases   ] GC(0)   Post Evacuate Collection Set: 0.6ms
[2025-12-09T08:45:05.558+0800][gc,phases   ] GC(0)   Other: 0.4ms
[2025-12-09T08:45:05.558+0800][gc,heap     ] GC(0) Eden regions: 256->0(245)
[2025-12-09T08:45:05.558+0800][gc,heap     ] GC(0) Survivor regions: 0->11(32)
[2025-12-09T08:45:05.558+0800][gc,heap     ] GC(0) Old regions: 2->2
[2025-12-09T08:45:05.558+0800][gc,heap     ] GC(0) Humongous regions: 0->0
[2025-12-09T08:45:05.558+0800][gc,metaspace] GC(0) Metaspace: 15530K(16000K)->15530K(16000K) NonClass: 13682K(13952K)->13682K(13952K) Class: 1848K(2048K)->1848K(2048K)
[2025-12-09T08:45:05.558+0800][gc          ] GC(0) Pause Young (Normal) (G1 Evacuation Pause) 257M->12M(512M) 6.494ms
[2025-12-09T08:45:05.558+0800][gc,cpu      ] GC(0) User=0.02s Sys=0.01s Real=0.00s
[2025-12-09T08:45:06.006+0800][gc,start    ] GC(1) Pause Young (Concurrent Start) (Metadata GC Threshold)
[2025-12-09T08:45:06.006+0800][gc,task     ] GC(1) Using 8 workers of 8 for evacuation
[2025-12-09T08:45:06.027+0800][gc,phases   ] GC(1)   Pre Evacuate Collection Set: 0.2ms
[2025-12-09T08:45:06.027+0800][gc,phases   ] GC(1)   Merge Heap Roots: 0.1ms
[2025-12-09T08:45:06.027+0800][gc,phases   ] GC(1)   Evacuate Collection Set: 11.4ms
[2025-12-09T08:45:06.027+0800][gc,phases   ] GC(1)   Post Evacuate Collection Set: 8.9ms
[2025-12-09T08:45:06.027+0800][gc,phases   ] GC(1)   Other: 0.1ms
[2025-12-09T08:45:06.027+0800][gc,heap     ] GC(1) Eden regions: 163->0(233)
[2025-12-09T08:45:06.027+0800][gc,heap     ] GC(1) Survivor regions: 11->23(32)
[2025-12-09T08:45:06.027+0800][gc,heap     ] GC(1) Old regions: 2->2
[2025-12-09T08:45:06.027+0800][gc,heap     ] GC(1) Humongous regions: 0->0
[2025-12-09T08:45:06.027+0800][gc,metaspace] GC(1) Metaspace: 21139K(21504K)->21139K(21504K) NonClass: 18572K(18752K)->18572K(18752K) Class: 2567K(2752K)->2567K(2752K)
[2025-12-09T08:45:06.027+0800][gc          ] GC(1) Pause Young (Concurrent Start) (Metadata GC Threshold) 174M->24M(512M) 21.095ms
[2025-12-09T08:45:06.027+0800][gc          ] GC(2) Concurrent Mark Cycle
[2025-12-09T08:45:06.027+0800][gc,marking  ] GC(2) Concurrent Scan Root Regions
[2025-12-09T08:45:06.027+0800][gc,cpu      ] GC(1) User=0.05s Sys=0.00s Real=0.02s
[2025-12-09T08:45:06.031+0800][gc,marking  ] GC(2) Concurrent Scan Root Regions 4.231ms
[2025-12-09T08:45:06.031+0800][gc,marking  ] GC(2) Concurrent Mark
[2025-12-09T08:45:06.031+0800][gc,marking  ] GC(2) Concurrent Mark From Roots
[2025-12-09T08:45:06.031+0800][gc,task     ] GC(2) Using 2 workers of 2 for marking
[2025-12-09T08:45:06.033+0800][gc,marking  ] GC(2) Concurrent Mark From Roots 1.485ms
[2025-12-09T08:45:06.033+0800][gc,marking  ] GC(2) Concurrent Preclean
[2025-12-09T08:45:06.033+0800][gc,marking  ] GC(2) Concurrent Preclean 0.010ms
[2025-12-09T08:45:06.033+0800][gc,start    ] GC(2) Pause Remark
[2025-12-09T08:45:06.035+0800][gc          ] GC(2) Pause Remark 25M->25M(512M) 2.020ms
[2025-12-09T08:45:06.035+0800][gc,cpu      ] GC(2) User=0.00s Sys=0.00s Real=0.00s
[2025-12-09T08:45:06.035+0800][gc,marking  ] GC(2) Concurrent Mark 3.764ms
[2025-12-09T08:45:06.035+0800][gc,marking  ] GC(2) Concurrent Rebuild Remembered Sets and Scrub Regions
[2025-12-09T08:45:06.036+0800][gc,marking  ] GC(2) Concurrent Rebuild Remembered Sets and Scrub Regions 0.515ms
[2025-12-09T08:45:06.036+0800][gc,start    ] GC(2) Pause Cleanup
[2025-12-09T08:45:06.036+0800][gc          ] GC(2) Pause Cleanup 25M->25M(512M) 0.124ms
[2025-12-09T08:45:06.036+0800][gc,cpu      ] GC(2) User=0.00s Sys=0.00s Real=0.00s
[2025-12-09T08:45:06.036+0800][gc,marking  ] GC(2) Concurrent Clear Claimed Marks
[2025-12-09T08:45:06.036+0800][gc,marking  ] GC(2) Concurrent Clear Claimed Marks 0.031ms
[2025-12-09T08:45:06.036+0800][gc,marking  ] GC(2) Concurrent Cleanup for Next Mark
[2025-12-09T08:45:06.037+0800][gc,marking  ] GC(2) Concurrent Cleanup for Next Mark 1.381ms
[2025-12-09T08:45:06.037+0800][gc          ] GC(2) Concurrent Mark Cycle 10.383ms
[2025-12-09T08:45:06.605+0800][gc,start    ] GC(3) Pause Young (Prepare Mixed) (G1 Evacuation Pause)
[2025-12-09T08:45:06.605+0800][gc,task     ] GC(3) Using 8 workers of 8 for evacuation
[2025-12-09T08:45:06.625+0800][gc,phases   ] GC(3)   Pre Evacuate Collection Set: 0.1ms
[2025-12-09T08:45:06.625+0800][gc,phases   ] GC(3)   Merge Heap Roots: 0.0ms
[2025-12-09T08:45:06.625+0800][gc,phases   ] GC(3)   Evacuate Collection Set: 18.7ms
[2025-12-09T08:45:06.625+0800][gc,phases   ] GC(3)   Post Evacuate Collection Set: 1.5ms
[2025-12-09T08:45:06.625+0800][gc,phases   ] GC(3)   Other: 0.1ms
[2025-12-09T08:45:06.625+0800][gc,heap     ] GC(3) Eden regions: 233->0(224)
[2025-12-09T08:45:06.625+0800][gc,heap     ] GC(3) Survivor regions: 23->32(32)
[2025-12-09T08:45:06.625+0800][gc,heap     ] GC(3) Old regions: 2->13
[2025-12-09T08:45:06.625+0800][gc,heap     ] GC(3) Humongous regions: 0->0
[2025-12-09T08:45:06.625+0800][gc,metaspace] GC(3) Metaspace: 21393K(21824K)->21393K(21824K) NonClass: 18787K(19008K)->18787K(19008K) Class: 2605K(2816K)->2605K(2816K)
[2025-12-09T08:45:06.625+0800][gc          ] GC(3) Pause Young (Prepare Mixed) (G1 Evacuation Pause) 257M->43M(512M) 20.491ms
[2025-12-09T08:45:06.625+0800][gc,cpu      ] GC(3) User=0.07s Sys=0.01s Real=0.02s
[2025-12-09T08:45:07.876+0800][gc,start    ] GC(4) Pause Young (Mixed) (G1 Evacuation Pause)
[2025-12-09T08:45:07.876+0800][gc,task     ] GC(4) Using 8 workers of 8 for evacuation
[2025-12-09T08:45:07.896+0800][gc,phases   ] GC(4)   Pre Evacuate Collection Set: 0.4ms
[2025-12-09T08:45:07.896+0800][gc,phases   ] GC(4)   Merge Heap Roots: 0.1ms
[2025-12-09T08:45:07.896+0800][gc,phases   ] GC(4)   Evacuate Collection Set: 17.3ms
[2025-12-09T08:45:07.896+0800][gc,phases   ] GC(4)   Post Evacuate Collection Set: 1.5ms
[2025-12-09T08:45:07.896+0800][gc,phases   ] GC(4)   Other: 0.1ms
[2025-12-09T08:45:07.897+0800][gc,heap     ] GC(4) Eden regions: 224->0(248)
[2025-12-09T08:45:07.897+0800][gc,heap     ] GC(4) Survivor regions: 32->8(32)
[2025-12-09T08:45:07.897+0800][gc,heap     ] GC(4) Old regions: 13->43
[2025-12-09T08:45:07.897+0800][gc,heap     ] GC(4) Humongous regions: 0->0
[2025-12-09T08:45:07.897+0800][gc,metaspace] GC(4) Metaspace: 28397K(28864K)->28397K(28864K) NonClass: 24944K(25216K)->24944K(25216K) Class: 3452K(3648K)->3452K(3648K)
[2025-12-09T08:45:07.897+0800][gc          ] GC(4) Pause Young (Mixed) (G1 Evacuation Pause) 267M->50M(512M) 20.968ms
[2025-12-09T08:45:07.897+0800][gc,cpu      ] GC(4) User=0.05s Sys=0.01s Real=0.02s
[2025-12-09T08:45:08.516+0800][gc,start    ] GC(5) Pause Young (Concurrent Start) (Metadata GC Threshold)
[2025-12-09T08:45:08.516+0800][gc,task     ] GC(5) Using 8 workers of 8 for evacuation
[2025-12-09T08:45:08.527+0800][gc,phases   ] GC(5)   Pre Evacuate Collection Set: 0.1ms
[2025-12-09T08:45:08.527+0800][gc,phases   ] GC(5)   Merge Heap Roots: 0.0ms
[2025-12-09T08:45:08.527+0800][gc,phases   ] GC(5)   Evacuate Collection Set: 10.0ms
[2025-12-09T08:45:08.527+0800][gc,phases   ] GC(5)   Post Evacuate Collection Set: 1.1ms
[2025-12-09T08:45:08.527+0800][gc,phases   ] GC(5)   Other: 0.1ms
[2025-12-09T08:45:08.528+0800][gc,heap     ] GC(5) Eden regions: 102->0(249)
[2025-12-09T08:45:08.528+0800][gc,heap     ] GC(5) Survivor regions: 8->7(32)
[2025-12-09T08:45:08.528+0800][gc,heap     ] GC(5) Old regions: 43->43
[2025-12-09T08:45:08.528+0800][gc,heap     ] GC(5) Humongous regions: 0->0
[2025-12-09T08:45:08.528+0800][gc,metaspace] GC(5) Metaspace: 35425K(35968K)->35425K(35968K) NonClass: 31047K(31296K)->31047K(31296K) Class: 4378K(4672K)->4378K(4672K)
[2025-12-09T08:45:08.528+0800][gc          ] GC(5) Pause Young (Concurrent Start) (Metadata GC Threshold) 152M->49M(512M) 11.583ms
[2025-12-09T08:45:08.528+0800][gc          ] GC(6) Concurrent Mark Cycle
[2025-12-09T08:45:08.528+0800][gc,cpu      ] GC(5) User=0.02s Sys=0.00s Real=0.01s
[2025-12-09T08:45:08.528+0800][gc,marking  ] GC(6) Concurrent Scan Root Regions
[2025-12-09T08:45:08.531+0800][gc,marking  ] GC(6) Concurrent Scan Root Regions 3.742ms
[2025-12-09T08:45:08.531+0800][gc,marking  ] GC(6) Concurrent Mark
[2025-12-09T08:45:08.531+0800][gc,marking  ] GC(6) Concurrent Mark From Roots
[2025-12-09T08:45:08.531+0800][gc,task     ] GC(6) Using 2 workers of 2 for marking
[2025-12-09T08:45:08.558+0800][gc,marking  ] GC(6) Concurrent Mark From Roots 26.981ms
[2025-12-09T08:45:08.559+0800][gc,marking  ] GC(6) Concurrent Preclean
[2025-12-09T08:45:08.559+0800][gc,marking  ] GC(6) Concurrent Preclean 0.302ms
[2025-12-09T08:45:08.560+0800][gc,start    ] GC(6) Pause Remark
[2025-12-09T08:45:08.568+0800][gc          ] GC(6) Pause Remark 50M->50M(512M) 7.997ms
[2025-12-09T08:45:08.568+0800][gc,cpu      ] GC(6) User=0.01s Sys=0.00s Real=0.00s
[2025-12-09T08:45:08.568+0800][gc,marking  ] GC(6) Concurrent Mark 36.392ms
[2025-12-09T08:45:08.568+0800][gc,marking  ] GC(6) Concurrent Rebuild Remembered Sets and Scrub Regions
[2025-12-09T08:45:08.579+0800][gc,marking  ] GC(6) Concurrent Rebuild Remembered Sets and Scrub Regions 10.980ms
[2025-12-09T08:45:08.579+0800][gc,start    ] GC(6) Pause Cleanup
[2025-12-09T08:45:08.579+0800][gc          ] GC(6) Pause Cleanup 51M->51M(512M) 0.138ms
[2025-12-09T08:45:08.579+0800][gc,cpu      ] GC(6) User=0.00s Sys=0.00s Real=0.00s
[2025-12-09T08:45:08.579+0800][gc,marking  ] GC(6) Concurrent Clear Claimed Marks
[2025-12-09T08:45:08.579+0800][gc,marking  ] GC(6) Concurrent Clear Claimed Marks 0.047ms
[2025-12-09T08:45:08.579+0800][gc,marking  ] GC(6) Concurrent Cleanup for Next Mark
[2025-12-09T08:45:08.580+0800][gc,marking  ] GC(6) Concurrent Cleanup for Next Mark 0.781ms
[2025-12-09T08:45:08.580+0800][gc          ] GC(6) Concurrent Mark Cycle 52.695ms
[2025-12-09T08:45:09.735+0800][gc,start    ] GC(7) Pause Young (Prepare Mixed) (G1 Evacuation Pause)
[2025-12-09T08:45:09.735+0800][gc,task     ] GC(7) Using 8 workers of 8 for evacuation
[2025-12-09T08:45:09.749+0800][gc,phases   ] GC(7)   Pre Evacuate Collection Set: 0.5ms
[2025-12-09T08:45:09.749+0800][gc,phases   ] GC(7)   Merge Heap Roots: 0.3ms
[2025-12-09T08:45:09.749+0800][gc,phases   ] GC(7)   Evacuate Collection Set: 7.6ms
[2025-12-09T08:45:09.749+0800][gc,phases   ] GC(7)   Post Evacuate Collection Set: 5.3ms
[2025-12-09T08:45:09.750+0800][gc,phases   ] GC(7)   Other: 0.1ms
[2025-12-09T08:45:09.750+0800][gc,heap     ] GC(7) Eden regions: 249->0(239)
[2025-12-09T08:45:09.750+0800][gc,heap     ] GC(7) Survivor regions: 7->17(32)
[2025-12-09T08:45:09.750+0800][gc,heap     ] GC(7) Old regions: 43->43
[2025-12-09T08:45:09.750+0800][gc,heap     ] GC(7) Humongous regions: 0->0
[2025-12-09T08:45:09.750+0800][gc,metaspace] GC(7) Metaspace: 52836K(53504K)->52836K(53504K) NonClass: 46375K(46720K)->46375K(46720K) Class: 6461K(6784K)->6461K(6784K)
[2025-12-09T08:45:09.750+0800][gc          ] GC(7) Pause Young (Prepare Mixed) (G1 Evacuation Pause) 298M->58M(512M) 14.319ms
[2025-12-09T08:45:09.750+0800][gc,cpu      ] GC(7) User=0.03s Sys=0.01s Real=0.02s
[2025-12-09T08:45:10.066+0800][gc,start    ] GC(8) Pause Young (Mixed) (Metadata GC Threshold)
[2025-12-09T08:45:10.066+0800][gc,task     ] GC(8) Using 8 workers of 8 for evacuation
[2025-12-09T08:45:10.072+0800][gc,phases   ] GC(8)   Pre Evacuate Collection Set: 0.1ms
[2025-12-09T08:45:10.072+0800][gc,phases   ] GC(8)   Merge Heap Roots: 0.1ms
[2025-12-09T08:45:10.072+0800][gc,phases   ] GC(8)   Evacuate Collection Set: 5.3ms
[2025-12-09T08:45:10.072+0800][gc,phases   ] GC(8)   Post Evacuate Collection Set: 0.7ms
[2025-12-09T08:45:10.072+0800][gc,phases   ] GC(8)   Other: 0.0ms
[2025-12-09T08:45:10.072+0800][gc,heap     ] GC(8) Eden regions: 78->0(238)
[2025-12-09T08:45:10.072+0800][gc,heap     ] GC(8) Survivor regions: 17->18(32)
[2025-12-09T08:45:10.072+0800][gc,heap     ] GC(8) Old regions: 43->43
[2025-12-09T08:45:10.072+0800][gc,heap     ] GC(8) Humongous regions: 0->0
[2025-12-09T08:45:10.072+0800][gc,metaspace] GC(8) Metaspace: 59532K(60160K)->59532K(60160K) NonClass: 52347K(52672K)->52347K(52672K) Class: 7184K(7488K)->7184K(7488K)
[2025-12-09T08:45:10.072+0800][gc          ] GC(8) Pause Young (Mixed) (Metadata GC Threshold) 136M->59M(512M) 6.301ms
[2025-12-09T08:45:10.072+0800][gc,cpu      ] GC(8) User=0.03s Sys=0.00s Real=0.01s
[2025-12-09T08:45:10.086+0800][gc,start    ] GC(9) Pause Young (Concurrent Start) (Metadata GC Threshold)
[2025-12-09T08:45:10.086+0800][gc,task     ] GC(9) Using 8 workers of 8 for evacuation
[2025-12-09T08:45:10.094+0800][gc,phases   ] GC(9)   Pre Evacuate Collection Set: 0.1ms
[2025-12-09T08:45:10.094+0800][gc,phases   ] GC(9)   Merge Heap Roots: 0.1ms
[2025-12-09T08:45:10.094+0800][gc,phases   ] GC(9)   Evacuate Collection Set: 6.3ms
[2025-12-09T08:45:10.094+0800][gc,phases   ] GC(9)   Post Evacuate Collection Set: 0.7ms
[2025-12-09T08:45:10.094+0800][gc,phases   ] GC(9)   Other: 0.0ms
[2025-12-09T08:45:10.094+0800][gc,heap     ] GC(9) Eden regions: 5->0(242)
[2025-12-09T08:45:10.094+0800][gc,heap     ] GC(9) Survivor regions: 18->14(32)
[2025-12-09T08:45:10.094+0800][gc,heap     ] GC(9) Old regions: 43->47
[2025-12-09T08:45:10.094+0800][gc,heap     ] GC(9) Humongous regions: 0->0
[2025-12-09T08:45:10.094+0800][gc,metaspace] GC(9) Metaspace: 59822K(60480K)->59822K(60480K) NonClass: 52603K(52928K)->52603K(52928K) Class: 7219K(7552K)->7219K(7552K)
[2025-12-09T08:45:10.094+0800][gc          ] GC(9) Pause Young (Concurrent Start) (Metadata GC Threshold) 64M->60M(512M) 7.406ms
[2025-12-09T08:45:10.094+0800][gc          ] GC(10) Concurrent Mark Cycle
[2025-12-09T08:45:10.094+0800][gc,cpu      ] GC(9) User=0.03s Sys=0.00s Real=0.01s
[2025-12-09T08:45:10.094+0800][gc,marking  ] GC(10) Concurrent Scan Root Regions
[2025-12-09T08:45:10.099+0800][gc,marking  ] GC(10) Concurrent Scan Root Regions 5.270ms
[2025-12-09T08:45:10.099+0800][gc,marking  ] GC(10) Concurrent Mark
[2025-12-09T08:45:10.099+0800][gc,marking  ] GC(10) Concurrent Mark From Roots
[2025-12-09T08:45:10.099+0800][gc,task     ] GC(10) Using 2 workers of 2 for marking
[2025-12-09T08:45:10.123+0800][gc,marking  ] GC(10) Concurrent Mark From Roots 24.294ms
[2025-12-09T08:45:10.123+0800][gc,marking  ] GC(10) Concurrent Preclean
[2025-12-09T08:45:10.124+0800][gc,marking  ] GC(10) Concurrent Preclean 0.147ms
[2025-12-09T08:45:10.124+0800][gc,start    ] GC(10) Pause Remark
[2025-12-09T08:45:10.130+0800][gc          ] GC(10) Pause Remark 63M->63M(512M) 6.423ms
[2025-12-09T08:45:10.131+0800][gc,cpu      ] GC(10) User=0.01s Sys=0.00s Real=0.01s
[2025-12-09T08:45:10.131+0800][gc,marking  ] GC(10) Concurrent Mark 31.630ms
[2025-12-09T08:45:10.131+0800][gc,marking  ] GC(10) Concurrent Rebuild Remembered Sets and Scrub Regions
[2025-12-09T08:45:10.141+0800][gc,marking  ] GC(10) Concurrent Rebuild Remembered Sets and Scrub Regions 9.762ms
[2025-12-09T08:45:10.141+0800][gc,start    ] GC(10) Pause Cleanup
[2025-12-09T08:45:10.141+0800][gc          ] GC(10) Pause Cleanup 63M->63M(512M) 0.158ms
[2025-12-09T08:45:10.141+0800][gc,cpu      ] GC(10) User=0.00s Sys=0.00s Real=0.00s
[2025-12-09T08:45:10.141+0800][gc,marking  ] GC(10) Concurrent Clear Claimed Marks
[2025-12-09T08:45:10.141+0800][gc,marking  ] GC(10) Concurrent Clear Claimed Marks 0.045ms
[2025-12-09T08:45:10.141+0800][gc,marking  ] GC(10) Concurrent Cleanup for Next Mark
[2025-12-09T08:45:10.141+0800][gc,marking  ] GC(10) Concurrent Cleanup for Next Mark 0.289ms
[2025-12-09T08:45:10.141+0800][gc          ] GC(10) Concurrent Mark Cycle 47.638ms
[2025-12-09T08:45:11.611+0800][gc,start    ] GC(11) Pause Young (Prepare Mixed) (G1 Evacuation Pause)
[2025-12-09T08:45:11.611+0800][gc,task     ] GC(11) Using 8 workers of 8 for evacuation
[2025-12-09T08:45:11.621+0800][gc,phases   ] GC(11)   Pre Evacuate Collection Set: 0.2ms
[2025-12-09T08:45:11.621+0800][gc,phases   ] GC(11)   Merge Heap Roots: 0.1ms
[2025-12-09T08:45:11.621+0800][gc,phases   ] GC(11)   Evacuate Collection Set: 8.5ms
[2025-12-09T08:45:11.621+0800][gc,phases   ] GC(11)   Post Evacuate Collection Set: 1.1ms
[2025-12-09T08:45:11.621+0800][gc,phases   ] GC(11)   Other: 0.0ms
[2025-12-09T08:45:11.621+0800][gc,heap     ] GC(11) Eden regions: 242->0(224)
[2025-12-09T08:45:11.621+0800][gc,heap     ] GC(11) Survivor regions: 14->32(32)
[2025-12-09T08:45:11.621+0800][gc,heap     ] GC(11) Old regions: 47->47
[2025-12-09T08:45:11.621+0800][gc,heap     ] GC(11) Humongous regions: 0->0
[2025-12-09T08:45:11.621+0800][gc,metaspace] GC(11) Metaspace: 70811K(71616K)->70811K(71616K) NonClass: 62185K(62656K)->62185K(62656K) Class: 8626K(8960K)->8626K(8960K)
[2025-12-09T08:45:11.621+0800][gc          ] GC(11) Pause Young (Prepare Mixed) (G1 Evacuation Pause) 302M->78M(512M) 10.008ms
[2025-12-09T08:45:11.621+0800][gc,cpu      ] GC(11) User=0.05s Sys=0.01s Real=0.01s
[2025-12-09T08:45:12.149+0800][gc,start    ] GC(12) Pause Young (Mixed) (G1 Evacuation Pause)
[2025-12-09T08:45:12.149+0800][gc,task     ] GC(12) Using 8 workers of 8 for evacuation
[2025-12-09T08:45:12.161+0800][gc,phases   ] GC(12)   Pre Evacuate Collection Set: 0.1ms
[2025-12-09T08:45:12.161+0800][gc,phases   ] GC(12)   Merge Heap Roots: 0.1ms
[2025-12-09T08:45:12.161+0800][gc,phases   ] GC(12)   Evacuate Collection Set: 10.2ms
[2025-12-09T08:45:12.161+0800][gc,phases   ] GC(12)   Post Evacuate Collection Set: 0.9ms
[2025-12-09T08:45:12.161+0800][gc,phases   ] GC(12)   Other: 0.0ms
[2025-12-09T08:45:12.161+0800][gc,heap     ] GC(12) Eden regions: 224->0(247)
[2025-12-09T08:45:12.161+0800][gc,heap     ] GC(12) Survivor regions: 32->9(32)
[2025-12-09T08:45:12.161+0800][gc,heap     ] GC(12) Old regions: 47->78
[2025-12-09T08:45:12.161+0800][gc,heap     ] GC(12) Humongous regions: 0->0
[2025-12-09T08:45:12.161+0800][gc,metaspace] GC(12) Metaspace: 75223K(76096K)->75223K(76096K) NonClass: 65895K(66368K)->65895K(66368K) Class: 9328K(9728K)->9328K(9728K)
[2025-12-09T08:45:12.161+0800][gc          ] GC(12) Pause Young (Mixed) (G1 Evacuation Pause) 302M->86M(512M) 11.535ms
[2025-12-09T08:45:12.161+0800][gc,cpu      ] GC(12) User=0.06s Sys=0.01s Real=0.02s
[2025-12-09T08:45:12.486+0800][gc,start    ] GC(13) Pause Young (Normal) (G1 Evacuation Pause)
[2025-12-09T08:45:12.486+0800][gc,task     ] GC(13) Using 8 workers of 8 for evacuation
[2025-12-09T08:45:12.497+0800][gc,phases   ] GC(13)   Pre Evacuate Collection Set: 0.2ms
[2025-12-09T08:45:12.497+0800][gc,phases   ] GC(13)   Merge Heap Roots: 0.1ms
[2025-12-09T08:45:12.497+0800][gc,phases   ] GC(13)   Evacuate Collection Set: 9.3ms
[2025-12-09T08:45:12.497+0800][gc,phases   ] GC(13)   Post Evacuate Collection Set: 0.7ms
[2025-12-09T08:45:12.497+0800][gc,phases   ] GC(13)   Other: 0.0ms
[2025-12-09T08:45:12.497+0800][gc,heap     ] GC(13) Eden regions: 247->0(225)
[2025-12-09T08:45:12.497+0800][gc,heap     ] GC(13) Survivor regions: 9->31(32)
[2025-12-09T08:45:12.497+0800][gc,heap     ] GC(13) Old regions: 78->78
[2025-12-09T08:45:12.497+0800][gc,heap     ] GC(13) Humongous regions: 0->0
[2025-12-09T08:45:12.497+0800][gc,metaspace] GC(13) Metaspace: 75382K(76288K)->75382K(76288K) NonClass: 66033K(66560K)->66033K(66560K) Class: 9348K(9728K)->9348K(9728K)
[2025-12-09T08:45:12.497+0800][gc          ] GC(13) Pause Young (Normal) (G1 Evacuation Pause) 333M->108M(512M) 10.428ms
[2025-12-09T08:45:12.497+0800][gc,cpu      ] GC(13) User=0.06s Sys=0.00s Real=0.01s
[2025-12-09T08:45:13.101+0800][gc,start    ] GC(14) Pause Young (Concurrent Start) (G1 Evacuation Pause)
[2025-12-09T08:45:13.101+0800][gc,task     ] GC(14) Using 8 workers of 8 for evacuation
[2025-12-09T08:45:13.111+0800][gc,phases   ] GC(14)   Pre Evacuate Collection Set: 0.2ms
[2025-12-09T08:45:13.111+0800][gc,phases   ] GC(14)   Merge Heap Roots: 0.1ms
[2025-12-09T08:45:13.111+0800][gc,phases   ] GC(14)   Evacuate Collection Set: 10.0ms
[2025-12-09T08:45:13.111+0800][gc,phases   ] GC(14)   Post Evacuate Collection Set: 0.5ms
[2025-12-09T08:45:13.111+0800][gc,phases   ] GC(14)   Other: 0.1ms
[2025-12-09T08:45:13.111+0800][gc,heap     ] GC(14) Eden regions: 225->0(247)
[2025-12-09T08:45:13.111+0800][gc,heap     ] GC(14) Survivor regions: 31->9(32)
[2025-12-09T08:45:13.111+0800][gc,heap     ] GC(14) Old regions: 78->108
[2025-12-09T08:45:13.111+0800][gc,heap     ] GC(14) Humongous regions: 0->0
[2025-12-09T08:45:13.111+0800][gc,metaspace] GC(14) Metaspace: 80067K(81024K)->80067K(81024K) NonClass: 70156K(70656K)->70156K(70656K) Class: 9911K(10368K)->9911K(10368K)
[2025-12-09T08:45:13.111+0800][gc          ] GC(14) Pause Young (Concurrent Start) (G1 Evacuation Pause) 333M->116M(512M) 10.930ms
[2025-12-09T08:45:13.111+0800][gc          ] GC(15) Concurrent Mark Cycle
[2025-12-09T08:45:13.111+0800][gc,marking  ] GC(15) Concurrent Scan Root Regions
[2025-12-09T08:45:13.112+0800][gc,cpu      ] GC(14) User=0.07s Sys=0.01s Real=0.01s
[2025-12-09T08:45:13.120+0800][gc,marking  ] GC(15) Concurrent Scan Root Regions 8.338ms
[2025-12-09T08:45:13.120+0800][gc,marking  ] GC(15) Concurrent Mark
[2025-12-09T08:45:13.120+0800][gc,marking  ] GC(15) Concurrent Mark From Roots
[2025-12-09T08:45:13.120+0800][gc,task     ] GC(15) Using 2 workers of 2 for marking
[2025-12-09T08:45:13.155+0800][gc,marking  ] GC(15) Concurrent Mark From Roots 35.048ms
[2025-12-09T08:45:13.155+0800][gc,marking  ] GC(15) Concurrent Preclean
[2025-12-09T08:45:13.155+0800][gc,marking  ] GC(15) Concurrent Preclean 0.120ms
[2025-12-09T08:45:13.155+0800][gc,start    ] GC(15) Pause Remark
[2025-12-09T08:45:13.158+0800][gc          ] GC(15) Pause Remark 126M->126M(512M) 3.221ms
[2025-12-09T08:45:13.158+0800][gc,cpu      ] GC(15) User=0.02s Sys=0.00s Real=0.00s
[2025-12-09T08:45:13.159+0800][gc,marking  ] GC(15) Concurrent Mark 38.665ms
[2025-12-09T08:45:13.159+0800][gc,marking  ] GC(15) Concurrent Rebuild Remembered Sets and Scrub Regions
[2025-12-09T08:45:13.180+0800][gc,marking  ] GC(15) Concurrent Rebuild Remembered Sets and Scrub Regions 21.802ms
[2025-12-09T08:45:13.180+0800][gc,start    ] GC(15) Pause Cleanup
[2025-12-09T08:45:13.181+0800][gc          ] GC(15) Pause Cleanup 131M->131M(512M) 0.165ms
[2025-12-09T08:45:13.181+0800][gc,cpu      ] GC(15) User=0.00s Sys=0.00s Real=0.00s
[2025-12-09T08:45:13.181+0800][gc,marking  ] GC(15) Concurrent Clear Claimed Marks
[2025-12-09T08:45:13.181+0800][gc,marking  ] GC(15) Concurrent Clear Claimed Marks 0.073ms
[2025-12-09T08:45:13.181+0800][gc,marking  ] GC(15) Concurrent Cleanup for Next Mark
[2025-12-09T08:45:13.181+0800][gc,marking  ] GC(15) Concurrent Cleanup for Next Mark 0.264ms
[2025-12-09T08:45:13.181+0800][gc          ] GC(15) Concurrent Mark Cycle 69.570ms
[2025-12-09T08:45:13.868+0800][gc,start    ] GC(16) Pause Young (Prepare Mixed) (G1 Evacuation Pause)
[2025-12-09T08:45:13.868+0800][gc,task     ] GC(16) Using 8 workers of 8 for evacuation
[2025-12-09T08:45:13.874+0800][gc,phases   ] GC(16)   Pre Evacuate Collection Set: 0.1ms
[2025-12-09T08:45:13.874+0800][gc,phases   ] GC(16)   Merge Heap Roots: 0.1ms
[2025-12-09T08:45:13.874+0800][gc,phases   ] GC(16)   Evacuate Collection Set: 4.9ms
[2025-12-09T08:45:13.874+0800][gc,phases   ] GC(16)   Post Evacuate Collection Set: 0.9ms
[2025-12-09T08:45:13.874+0800][gc,phases   ] GC(16)   Other: 0.0ms
[2025-12-09T08:45:13.874+0800][gc,heap     ] GC(16) Eden regions: 247->0(238)
[2025-12-09T08:45:13.874+0800][gc,heap     ] GC(16) Survivor regions: 9->18(32)
[2025-12-09T08:45:13.874+0800][gc,heap     ] GC(16) Old regions: 108->108
[2025-12-09T08:45:13.874+0800][gc,heap     ] GC(16) Humongous regions: 0->0
[2025-12-09T08:45:13.874+0800][gc,metaspace] GC(16) Metaspace: 84037K(85056K)->84037K(85056K) NonClass: 73588K(74112K)->73588K(74112K) Class: 10448K(10944K)->10448K(10944K)
[2025-12-09T08:45:13.874+0800][gc          ] GC(16) Pause Young (Prepare Mixed) (G1 Evacuation Pause) 363M->126M(512M) 6.239ms
[2025-12-09T08:45:13.874+0800][gc,cpu      ] GC(16) User=0.04s Sys=0.01s Real=0.01s
[2025-12-09T09:24:26.543+0800][gc,start    ] GC(17) Pause Young (Mixed) (G1 Evacuation Pause)
[2025-12-09T09:24:26.545+0800][gc,task     ] GC(17) Using 8 workers of 8 for evacuation
[2025-12-09T09:24:26.593+0800][gc,phases   ] GC(17)   Pre Evacuate Collection Set: 1.7ms
[2025-12-09T09:24:26.593+0800][gc,phases   ] GC(17)   Merge Heap Roots: 0.4ms
[2025-12-09T09:24:26.593+0800][gc,phases   ] GC(17)   Evacuate Collection Set: 44.1ms
[2025-12-09T09:24:26.593+0800][gc,phases   ] GC(17)   Post Evacuate Collection Set: 1.3ms
[2025-12-09T09:24:26.593+0800][gc,phases   ] GC(17)   Other: 0.2ms
[2025-12-09T09:24:26.593+0800][gc,heap     ] GC(17) Eden regions: 238->0(237)
[2025-12-09T09:24:26.593+0800][gc,heap     ] GC(17) Survivor regions: 18->19(32)
[2025-12-09T09:24:26.593+0800][gc,heap     ] GC(17) Old regions: 108->115
[2025-12-09T09:24:26.593+0800][gc,heap     ] GC(17) Humongous regions: 0->0
[2025-12-09T09:24:26.593+0800][gc,metaspace] GC(17) Metaspace: 89641K(90880K)->89641K(90880K) NonClass: 78825K(79488K)->78825K(79488K) Class: 10816K(11392K)->10816K(11392K)
[2025-12-09T09:24:26.593+0800][gc          ] GC(17) Pause Young (Mixed) (G1 Evacuation Pause) 364M->133M(512M) 49.705ms
[2025-12-09T09:24:26.593+0800][gc,cpu      ] GC(17) User=0.08s Sys=0.17s Real=0.05s
[2025-12-09T10:36:53.057+0800][gc,start    ] GC(18) Pause Young (Mixed) (G1 Evacuation Pause)
[2025-12-09T10:36:53.058+0800][gc,task     ] GC(18) Using 8 workers of 8 for evacuation
[2025-12-09T10:36:53.103+0800][gc,phases   ] GC(18)   Pre Evacuate Collection Set: 2.4ms
[2025-12-09T10:36:53.103+0800][gc,phases   ] GC(18)   Merge Heap Roots: 0.7ms
[2025-12-09T10:36:53.103+0800][gc,phases   ] GC(18)   Evacuate Collection Set: 38.1ms
[2025-12-09T10:36:53.103+0800][gc,phases   ] GC(18)   Post Evacuate Collection Set: 3.2ms
[2025-12-09T10:36:53.103+0800][gc,phases   ] GC(18)   Other: 0.5ms
[2025-12-09T10:36:53.103+0800][gc,heap     ] GC(18) Eden regions: 237->0(246)
[2025-12-09T10:36:53.103+0800][gc,heap     ] GC(18) Survivor regions: 19->10(32)
[2025-12-09T10:36:53.103+0800][gc,heap     ] GC(18) Old regions: 115->123
[2025-12-09T10:36:53.103+0800][gc,heap     ] GC(18) Humongous regions: 0->0
[2025-12-09T10:36:53.103+0800][gc,metaspace] GC(18) Metaspace: 89897K(91136K)->89897K(91136K) NonClass: 79062K(79744K)->79062K(79744K) Class: 10834K(11392K)->10834K(11392K)
[2025-12-09T10:36:53.103+0800][gc          ] GC(18) Pause Young (Mixed) (G1 Evacuation Pause) 370M->132M(512M) 45.479ms
[2025-12-09T10:36:53.103+0800][gc,cpu      ] GC(18) User=0.05s Sys=0.12s Real=0.05s
[2025-12-09T11:58:21.137+0800][gc,start    ] GC(19) Pause Young (Concurrent Start) (G1 Evacuation Pause)
[2025-12-09T11:58:21.139+0800][gc,task     ] GC(19) Using 8 workers of 8 for evacuation
[2025-12-09T11:58:21.176+0800][gc,phases   ] GC(19)   Pre Evacuate Collection Set: 1.8ms
[2025-12-09T11:58:21.176+0800][gc,phases   ] GC(19)   Merge Heap Roots: 0.4ms
[2025-12-09T11:58:21.176+0800][gc,phases   ] GC(19)   Evacuate Collection Set: 32.1ms
[2025-12-09T11:58:21.176+0800][gc,phases   ] GC(19)   Post Evacuate Collection Set: 2.6ms
[2025-12-09T11:58:21.176+0800][gc,phases   ] GC(19)   Other: 0.4ms
[2025-12-09T11:58:21.176+0800][gc,heap     ] GC(19) Eden regions: 246->0(248)
[2025-12-09T11:58:21.176+0800][gc,heap     ] GC(19) Survivor regions: 10->8(32)
[2025-12-09T11:58:21.176+0800][gc,heap     ] GC(19) Old regions: 123->123
[2025-12-09T11:58:21.176+0800][gc,heap     ] GC(19) Humongous regions: 0->0
[2025-12-09T11:58:21.176+0800][gc,metaspace] GC(19) Metaspace: 89988K(91200K)->89988K(91200K) NonClass: 79150K(79808K)->79150K(79808K) Class: 10837K(11392K)->10837K(11392K)
[2025-12-09T11:58:21.176+0800][gc          ] GC(19) Pause Young (Concurrent Start) (G1 Evacuation Pause) 378M->130M(512M) 39.514ms
[2025-12-09T11:58:21.176+0800][gc          ] GC(20) Concurrent Mark Cycle
[2025-12-09T11:58:21.176+0800][gc,marking  ] GC(20) Concurrent Scan Root Regions
[2025-12-09T11:58:21.176+0800][gc,cpu      ] GC(19) User=0.04s Sys=0.14s Real=0.04s
[2025-12-09T11:58:21.183+0800][gc,marking  ] GC(20) Concurrent Scan Root Regions 6.395ms
[2025-12-09T11:58:21.183+0800][gc,marking  ] GC(20) Concurrent Mark
[2025-12-09T11:58:21.183+0800][gc,marking  ] GC(20) Concurrent Mark From Roots
[2025-12-09T11:58:21.183+0800][gc,task     ] GC(20) Using 2 workers of 2 for marking
[2025-12-09T11:58:21.230+0800][gc,marking  ] GC(20) Concurrent Mark From Roots 47.350ms
[2025-12-09T11:58:21.230+0800][gc,marking  ] GC(20) Concurrent Preclean
[2025-12-09T11:58:21.231+0800][gc,marking  ] GC(20) Concurrent Preclean 0.524ms
[2025-12-09T11:58:21.231+0800][gc,start    ] GC(20) Pause Remark
[2025-12-09T11:58:21.270+0800][gc          ] GC(20) Pause Remark 131M->109M(512M) 39.733ms
[2025-12-09T11:58:21.271+0800][gc,cpu      ] GC(20) User=0.05s Sys=0.14s Real=0.04s
[2025-12-09T11:58:21.271+0800][gc,marking  ] GC(20) Concurrent Mark 88.132ms
[2025-12-09T11:58:21.271+0800][gc,marking  ] GC(20) Concurrent Rebuild Remembered Sets and Scrub Regions
[2025-12-09T11:58:21.308+0800][gc,marking  ] GC(20) Concurrent Rebuild Remembered Sets and Scrub Regions 37.432ms
[2025-12-09T11:58:21.308+0800][gc,start    ] GC(20) Pause Cleanup
[2025-12-09T11:58:21.309+0800][gc          ] GC(20) Pause Cleanup 109M->109M(512M) 0.120ms
[2025-12-09T11:58:21.309+0800][gc,cpu      ] GC(20) User=0.00s Sys=0.00s Real=0.00s
[2025-12-09T11:58:21.309+0800][gc,marking  ] GC(20) Concurrent Clear Claimed Marks
[2025-12-09T11:58:21.309+0800][gc,marking  ] GC(20) Concurrent Clear Claimed Marks 0.065ms
[2025-12-09T11:58:21.309+0800][gc,marking  ] GC(20) Concurrent Cleanup for Next Mark
[2025-12-09T11:58:21.310+0800][gc,marking  ] GC(20) Concurrent Cleanup for Next Mark 1.199ms
[2025-12-09T11:58:21.310+0800][gc          ] GC(20) Concurrent Mark Cycle 133.740ms
[2025-12-09T14:48:41.173+0800][gc,start    ] GC(21) Pause Young (Prepare Mixed) (G1 Evacuation Pause)
[2025-12-09T14:48:41.175+0800][gc,task     ] GC(21) Using 8 workers of 8 for evacuation
[2025-12-09T14:48:41.224+0800][gc,phases   ] GC(21)   Pre Evacuate Collection Set: 1.1ms
[2025-12-09T14:48:41.224+0800][gc,phases   ] GC(21)   Merge Heap Roots: 0.7ms
[2025-12-09T14:48:41.224+0800][gc,phases   ] GC(21)   Evacuate Collection Set: 45.9ms
[2025-12-09T14:48:41.224+0800][gc,phases   ] GC(21)   Post Evacuate Collection Set: 1.4ms
[2025-12-09T14:48:41.224+0800][gc,phases   ] GC(21)   Other: 0.7ms
[2025-12-09T14:48:41.224+0800][gc,heap     ] GC(21) Eden regions: 248->0(247)
[2025-12-09T14:48:41.224+0800][gc,heap     ] GC(21) Survivor regions: 8->9(32)
[2025-12-09T14:48:41.224+0800][gc,heap     ] GC(21) Old regions: 101->101
[2025-12-09T14:48:41.224+0800][gc,heap     ] GC(21) Humongous regions: 0->0
[2025-12-09T14:48:41.225+0800][gc,metaspace] GC(21) Metaspace: 89410K(91264K)->89410K(91264K) NonClass: 78733K(79872K)->78733K(79872K) Class: 10676K(11392K)->10676K(11392K)
[2025-12-09T14:48:41.225+0800][gc          ] GC(21) Pause Young (Prepare Mixed) (G1 Evacuation Pause) 356M->109M(512M) 52.189ms
[2025-12-09T14:48:41.225+0800][gc,cpu      ] GC(21) User=0.04s Sys=0.13s Real=0.05s
[2025-12-09T15:07:24.368+0800][gc,heap,exit] Heap
[2025-12-09T15:07:24.368+0800][gc,heap,exit]  garbage-first heap   total 524288K, used 188246K [0x00000007e0000000, 0x0000000800000000)
[2025-12-09T15:07:24.368+0800][gc,heap,exit]   region size 1024K, 84 young (86016K), 9 survivors (9216K)
[2025-12-09T15:07:24.368+0800][gc,heap,exit]  Metaspace       used 89801K, committed 91392K, reserved 1179648K
[2025-12-09T15:07:24.368+0800][gc,heap,exit]   class space    used 10740K, committed 11392K, reserved 1048576K
