[2025-12-11T17:22:32.606+0800][gc,init] CardTable entry size: 512
[2025-12-11T17:22:32.606+0800][gc     ] Using G1
[2025-12-11T17:22:32.607+0800][gc,init] Version: 21.0.8+12-LTS-250 (release)
[2025-12-11T17:22:32.607+0800][gc,init] CPUs: 8 total, 8 available
[2025-12-11T17:22:32.607+0800][gc,init] Memory: 16384M
[2025-12-11T17:22:32.607+0800][gc,init] Large Page Support: Disabled
[2025-12-11T17:22:32.607+0800][gc,init] NUMA Support: Disabled
[2025-12-11T17:22:32.607+0800][gc,init] Compressed Oops: Enabled (Zero based)
[2025-12-11T17:22:32.607+0800][gc,init] Heap Region Size: 1M
[2025-12-11T17:22:32.607+0800][gc,init] Heap Min Capacity: 512M
[2025-12-11T17:22:32.607+0800][gc,init] Heap Initial Capacity: 512M
[2025-12-11T17:22:32.607+0800][gc,init] Heap Max Capacity: 512M
[2025-12-11T17:22:32.607+0800][gc,init] Pre-touch: Disabled
[2025-12-11T17:22:32.607+0800][gc,init] Parallel Workers: 8
[2025-12-11T17:22:32.607+0800][gc,init] Concurrent Workers: 2
[2025-12-11T17:22:32.607+0800][gc,init] Concurrent Refinement Workers: 8
[2025-12-11T17:22:32.607+0800][gc,init] Periodic GC: Disabled
[2025-12-11T17:22:32.613+0800][gc,metaspace] CDS archive(s) mapped at: [0x0000000400000000-0x0000000400ca8000-0x0000000400ca8000), size 13271040, SharedBaseAddress: 0x0000000400000000, ArchiveRelocationMode: 1.
[2025-12-11T17:22:32.613+0800][gc,metaspace] Compressed class space mapped at: 0x0000000401000000-0x0000000441000000, reserved size: 1073741824
[2025-12-11T17:22:32.613+0800][gc,metaspace] Narrow klass base: 0x0000000400000000, Narrow klass shift: 0, Narrow klass range: 0x100000000
[2025-12-11T17:22:33.603+0800][gc,start    ] GC(0) Pause Young (Normal) (G1 Evacuation Pause)
[2025-12-11T17:22:33.604+0800][gc,task     ] GC(0) Using 8 workers of 8 for evacuation
[2025-12-11T17:22:33.608+0800][gc,phases   ] GC(0)   Pre Evacuate Collection Set: 0.1ms
[2025-12-11T17:22:33.608+0800][gc,phases   ] GC(0)   Merge Heap Roots: 0.1ms
[2025-12-11T17:22:33.608+0800][gc,phases   ] GC(0)   Evacuate Collection Set: 3.8ms
[2025-12-11T17:22:33.608+0800][gc,phases   ] GC(0)   Post Evacuate Collection Set: 0.5ms
[2025-12-11T17:22:33.608+0800][gc,phases   ] GC(0)   Other: 0.2ms
[2025-12-11T17:22:33.608+0800][gc,heap     ] GC(0) Eden regions: 256->0(245)
[2025-12-11T17:22:33.608+0800][gc,heap     ] GC(0) Survivor regions: 0->11(32)
[2025-12-11T17:22:33.608+0800][gc,heap     ] GC(0) Old regions: 2->2
[2025-12-11T17:22:33.608+0800][gc,heap     ] GC(0) Humongous regions: 0->0
[2025-12-11T17:22:33.608+0800][gc,metaspace] GC(0) Metaspace: 15202K(15680K)->15202K(15680K) NonClass: 13399K(13632K)->13399K(13632K) Class: 1803K(2048K)->1803K(2048K)
[2025-12-11T17:22:33.608+0800][gc          ] GC(0) Pause Young (Normal) (G1 Evacuation Pause) 257M->11M(512M) 4.933ms
[2025-12-11T17:22:33.608+0800][gc,cpu      ] GC(0) User=0.02s Sys=0.01s Real=0.00s
[2025-12-11T17:22:33.886+0800][gc,start    ] GC(1) Pause Young (Concurrent Start) (Metadata GC Threshold)
[2025-12-11T17:22:33.886+0800][gc,task     ] GC(1) Using 8 workers of 8 for evacuation
[2025-12-11T17:22:33.894+0800][gc,phases   ] GC(1)   Pre Evacuate Collection Set: 0.4ms
[2025-12-11T17:22:33.895+0800][gc,phases   ] GC(1)   Merge Heap Roots: 0.2ms
[2025-12-11T17:22:33.895+0800][gc,phases   ] GC(1)   Evacuate Collection Set: 6.4ms
[2025-12-11T17:22:33.895+0800][gc,phases   ] GC(1)   Post Evacuate Collection Set: 1.6ms
[2025-12-11T17:22:33.895+0800][gc,phases   ] GC(1)   Other: 0.1ms
[2025-12-11T17:22:33.895+0800][gc,heap     ] GC(1) Eden regions: 145->0(236)
[2025-12-11T17:22:33.895+0800][gc,heap     ] GC(1) Survivor regions: 11->20(32)
[2025-12-11T17:22:33.895+0800][gc,heap     ] GC(1) Old regions: 2->2
[2025-12-11T17:22:33.895+0800][gc,heap     ] GC(1) Humongous regions: 0->0
[2025-12-11T17:22:33.895+0800][gc,metaspace] GC(1) Metaspace: 21064K(21504K)->21064K(21504K) NonClass: 18515K(18752K)->18515K(18752K) Class: 2548K(2752K)->2548K(2752K)
[2025-12-11T17:22:33.895+0800][gc          ] GC(1) Pause Young (Concurrent Start) (Metadata GC Threshold) 156M->21M(512M) 8.933ms
[2025-12-11T17:22:33.895+0800][gc,cpu      ] GC(1) User=0.04s Sys=0.00s Real=0.01s
[2025-12-11T17:22:33.895+0800][gc          ] GC(2) Concurrent Mark Cycle
[2025-12-11T17:22:33.895+0800][gc,marking  ] GC(2) Concurrent Scan Root Regions
[2025-12-11T17:22:33.899+0800][gc,marking  ] GC(2) Concurrent Scan Root Regions 4.012ms
[2025-12-11T17:22:33.899+0800][gc,marking  ] GC(2) Concurrent Mark
[2025-12-11T17:22:33.899+0800][gc,marking  ] GC(2) Concurrent Mark From Roots
[2025-12-11T17:22:33.899+0800][gc,task     ] GC(2) Using 2 workers of 2 for marking
[2025-12-11T17:22:33.902+0800][gc,marking  ] GC(2) Concurrent Mark From Roots 2.981ms
[2025-12-11T17:22:33.902+0800][gc,marking  ] GC(2) Concurrent Preclean
[2025-12-11T17:22:33.902+0800][gc,marking  ] GC(2) Concurrent Preclean 0.007ms
[2025-12-11T17:22:33.902+0800][gc,start    ] GC(2) Pause Remark
[2025-12-11T17:22:33.905+0800][gc          ] GC(2) Pause Remark 22M->22M(512M) 2.545ms
[2025-12-11T17:22:33.905+0800][gc,cpu      ] GC(2) User=0.01s Sys=0.01s Real=0.00s
[2025-12-11T17:22:33.905+0800][gc,marking  ] GC(2) Concurrent Mark 5.842ms
[2025-12-11T17:22:33.905+0800][gc,marking  ] GC(2) Concurrent Rebuild Remembered Sets and Scrub Regions
[2025-12-11T17:22:33.906+0800][gc,marking  ] GC(2) Concurrent Rebuild Remembered Sets and Scrub Regions 1.157ms
[2025-12-11T17:22:33.906+0800][gc,start    ] GC(2) Pause Cleanup
[2025-12-11T17:22:33.906+0800][gc          ] GC(2) Pause Cleanup 22M->22M(512M) 0.082ms
[2025-12-11T17:22:33.906+0800][gc,cpu      ] GC(2) User=0.00s Sys=0.00s Real=0.00s
[2025-12-11T17:22:33.907+0800][gc,marking  ] GC(2) Concurrent Clear Claimed Marks
[2025-12-11T17:22:33.907+0800][gc,marking  ] GC(2) Concurrent Clear Claimed Marks 0.044ms
[2025-12-11T17:22:33.907+0800][gc,marking  ] GC(2) Concurrent Cleanup for Next Mark
[2025-12-11T17:22:33.908+0800][gc,marking  ] GC(2) Concurrent Cleanup for Next Mark 1.535ms
[2025-12-11T17:22:33.908+0800][gc          ] GC(2) Concurrent Mark Cycle 13.538ms
[2025-12-11T17:22:34.402+0800][gc,start    ] GC(3) Pause Young (Prepare Mixed) (G1 Evacuation Pause)
[2025-12-11T17:22:34.402+0800][gc,task     ] GC(3) Using 8 workers of 8 for evacuation
[2025-12-11T17:22:34.415+0800][gc,phases   ] GC(3)   Pre Evacuate Collection Set: 0.1ms
[2025-12-11T17:22:34.415+0800][gc,phases   ] GC(3)   Merge Heap Roots: 0.1ms
[2025-12-11T17:22:34.415+0800][gc,phases   ] GC(3)   Evacuate Collection Set: 11.2ms
[2025-12-11T17:22:34.415+0800][gc,phases   ] GC(3)   Post Evacuate Collection Set: 0.9ms
[2025-12-11T17:22:34.415+0800][gc,phases   ] GC(3)   Other: 0.0ms
[2025-12-11T17:22:34.415+0800][gc,heap     ] GC(3) Eden regions: 236->0(224)
[2025-12-11T17:22:34.415+0800][gc,heap     ] GC(3) Survivor regions: 20->32(32)
[2025-12-11T17:22:34.415+0800][gc,heap     ] GC(3) Old regions: 2->13
[2025-12-11T17:22:34.415+0800][gc,heap     ] GC(3) Humongous regions: 0->0
[2025-12-11T17:22:34.415+0800][gc,metaspace] GC(3) Metaspace: 21433K(21952K)->21433K(21952K) NonClass: 18831K(19136K)->18831K(19136K) Class: 2602K(2816K)->2602K(2816K)
[2025-12-11T17:22:34.415+0800][gc          ] GC(3) Pause Young (Prepare Mixed) (G1 Evacuation Pause) 257M->42M(512M) 12.614ms
[2025-12-11T17:22:34.415+0800][gc,cpu      ] GC(3) User=0.08s Sys=0.01s Real=0.01s
[2025-12-11T17:22:34.952+0800][gc,start    ] GC(4) Pause Young (Mixed) (G1 Evacuation Pause)
[2025-12-11T17:22:34.952+0800][gc,task     ] GC(4) Using 8 workers of 8 for evacuation
[2025-12-11T17:22:34.960+0800][gc,phases   ] GC(4)   Pre Evacuate Collection Set: 0.1ms
[2025-12-11T17:22:34.960+0800][gc,phases   ] GC(4)   Merge Heap Roots: 0.1ms
[2025-12-11T17:22:34.960+0800][gc,phases   ] GC(4)   Evacuate Collection Set: 7.6ms
[2025-12-11T17:22:34.960+0800][gc,phases   ] GC(4)   Post Evacuate Collection Set: 0.4ms
[2025-12-11T17:22:34.960+0800][gc,phases   ] GC(4)   Other: 0.0ms
[2025-12-11T17:22:34.960+0800][gc,heap     ] GC(4) Eden regions: 224->0(249)
[2025-12-11T17:22:34.960+0800][gc,heap     ] GC(4) Survivor regions: 32->7(32)
[2025-12-11T17:22:34.960+0800][gc,heap     ] GC(4) Old regions: 13->43
[2025-12-11T17:22:34.960+0800][gc,heap     ] GC(4) Humongous regions: 0->0
[2025-12-11T17:22:34.960+0800][gc,metaspace] GC(4) Metaspace: 27485K(27968K)->27485K(27968K) NonClass: 24161K(24448K)->24161K(24448K) Class: 3323K(3520K)->3323K(3520K)
[2025-12-11T17:22:34.960+0800][gc          ] GC(4) Pause Young (Mixed) (G1 Evacuation Pause) 266M->49M(512M) 8.540ms
[2025-12-11T17:22:34.960+0800][gc,cpu      ] GC(4) User=0.04s Sys=0.01s Real=0.01s
[2025-12-11T17:22:35.304+0800][gc,start    ] GC(5) Pause Young (Concurrent Start) (Metadata GC Threshold)
[2025-12-11T17:22:35.304+0800][gc,task     ] GC(5) Using 8 workers of 8 for evacuation
[2025-12-11T17:22:35.307+0800][gc,phases   ] GC(5)   Pre Evacuate Collection Set: 0.2ms
[2025-12-11T17:22:35.307+0800][gc,phases   ] GC(5)   Merge Heap Roots: 0.0ms
[2025-12-11T17:22:35.307+0800][gc,phases   ] GC(5)   Evacuate Collection Set: 2.7ms
[2025-12-11T17:22:35.307+0800][gc,phases   ] GC(5)   Post Evacuate Collection Set: 0.2ms
[2025-12-11T17:22:35.307+0800][gc,phases   ] GC(5)   Other: 0.0ms
[2025-12-11T17:22:35.307+0800][gc,heap     ] GC(5) Eden regions: 123->0(248)
[2025-12-11T17:22:35.307+0800][gc,heap     ] GC(5) Survivor regions: 7->8(32)
[2025-12-11T17:22:35.307+0800][gc,heap     ] GC(5) Old regions: 43->43
[2025-12-11T17:22:35.307+0800][gc,heap     ] GC(5) Humongous regions: 0->0
[2025-12-11T17:22:35.307+0800][gc,metaspace] GC(5) Metaspace: 35450K(35968K)->35450K(35968K) NonClass: 31103K(31360K)->31103K(31360K) Class: 4347K(4608K)->4347K(4608K)
[2025-12-11T17:22:35.307+0800][gc          ] GC(5) Pause Young (Concurrent Start) (Metadata GC Threshold) 171M->50M(512M) 3.351ms
[2025-12-11T17:22:35.307+0800][gc          ] GC(6) Concurrent Mark Cycle
[2025-12-11T17:22:35.307+0800][gc,cpu      ] GC(5) User=0.02s Sys=0.00s Real=0.00s
[2025-12-11T17:22:35.307+0800][gc,marking  ] GC(6) Concurrent Scan Root Regions
[2025-12-11T17:22:35.309+0800][gc,marking  ] GC(6) Concurrent Scan Root Regions 1.894ms
[2025-12-11T17:22:35.309+0800][gc,marking  ] GC(6) Concurrent Mark
[2025-12-11T17:22:35.309+0800][gc,marking  ] GC(6) Concurrent Mark From Roots
[2025-12-11T17:22:35.309+0800][gc,task     ] GC(6) Using 2 workers of 2 for marking
[2025-12-11T17:22:35.326+0800][gc,marking  ] GC(6) Concurrent Mark From Roots 16.346ms
[2025-12-11T17:22:35.326+0800][gc,marking  ] GC(6) Concurrent Preclean
[2025-12-11T17:22:35.326+0800][gc,marking  ] GC(6) Concurrent Preclean 0.066ms
[2025-12-11T17:22:35.326+0800][gc,start    ] GC(6) Pause Remark
[2025-12-11T17:22:35.328+0800][gc          ] GC(6) Pause Remark 52M->52M(512M) 2.454ms
[2025-12-11T17:22:35.328+0800][gc,cpu      ] GC(6) User=0.01s Sys=0.00s Real=0.00s
[2025-12-11T17:22:35.328+0800][gc,marking  ] GC(6) Concurrent Mark 19.008ms
[2025-12-11T17:22:35.328+0800][gc,marking  ] GC(6) Concurrent Rebuild Remembered Sets and Scrub Regions
[2025-12-11T17:22:35.334+0800][gc,marking  ] GC(6) Concurrent Rebuild Remembered Sets and Scrub Regions 5.882ms
[2025-12-11T17:22:35.334+0800][gc,start    ] GC(6) Pause Cleanup
[2025-12-11T17:22:35.334+0800][gc          ] GC(6) Pause Cleanup 52M->52M(512M) 0.066ms
[2025-12-11T17:22:35.334+0800][gc,cpu      ] GC(6) User=0.00s Sys=0.01s Real=0.00s
[2025-12-11T17:22:35.334+0800][gc,marking  ] GC(6) Concurrent Clear Claimed Marks
[2025-12-11T17:22:35.334+0800][gc,marking  ] GC(6) Concurrent Clear Claimed Marks 0.051ms
[2025-12-11T17:22:35.334+0800][gc,marking  ] GC(6) Concurrent Cleanup for Next Mark
[2025-12-11T17:22:35.335+0800][gc,marking  ] GC(6) Concurrent Cleanup for Next Mark 0.443ms
[2025-12-11T17:22:35.335+0800][gc          ] GC(6) Concurrent Mark Cycle 27.540ms
[2025-12-11T17:22:36.174+0800][gc,start    ] GC(7) Pause Young (Prepare Mixed) (G1 Evacuation Pause)
[2025-12-11T17:22:36.174+0800][gc,task     ] GC(7) Using 8 workers of 8 for evacuation
[2025-12-11T17:22:36.179+0800][gc,phases   ] GC(7)   Pre Evacuate Collection Set: 0.1ms
[2025-12-11T17:22:36.179+0800][gc,phases   ] GC(7)   Merge Heap Roots: 0.1ms
[2025-12-11T17:22:36.179+0800][gc,phases   ] GC(7)   Evacuate Collection Set: 4.2ms
[2025-12-11T17:22:36.179+0800][gc,phases   ] GC(7)   Post Evacuate Collection Set: 0.6ms
[2025-12-11T17:22:36.179+0800][gc,phases   ] GC(7)   Other: 0.0ms
[2025-12-11T17:22:36.179+0800][gc,heap     ] GC(7) Eden regions: 248->0(239)
[2025-12-11T17:22:36.179+0800][gc,heap     ] GC(7) Survivor regions: 8->17(32)
[2025-12-11T17:22:36.179+0800][gc,heap     ] GC(7) Old regions: 43->43
[2025-12-11T17:22:36.179+0800][gc,heap     ] GC(7) Humongous regions: 0->0
[2025-12-11T17:22:36.179+0800][gc,metaspace] GC(7) Metaspace: 53054K(53696K)->53054K(53696K) NonClass: 46582K(46912K)->46582K(46912K) Class: 6472K(6784K)->6472K(6784K)
[2025-12-11T17:22:36.179+0800][gc          ] GC(7) Pause Young (Prepare Mixed) (G1 Evacuation Pause) 298M->59M(512M) 5.205ms
[2025-12-11T17:22:36.179+0800][gc,cpu      ] GC(7) User=0.03s Sys=0.00s Real=0.00s
[2025-12-11T17:22:36.435+0800][gc,start    ] GC(8) Pause Young (Mixed) (Metadata GC Threshold)
[2025-12-11T17:22:36.435+0800][gc,task     ] GC(8) Using 8 workers of 8 for evacuation
[2025-12-11T17:22:36.439+0800][gc,phases   ] GC(8)   Pre Evacuate Collection Set: 0.1ms
[2025-12-11T17:22:36.439+0800][gc,phases   ] GC(8)   Merge Heap Roots: 0.0ms
[2025-12-11T17:22:36.439+0800][gc,phases   ] GC(8)   Evacuate Collection Set: 3.7ms
[2025-12-11T17:22:36.439+0800][gc,phases   ] GC(8)   Post Evacuate Collection Set: 0.5ms
[2025-12-11T17:22:36.439+0800][gc,phases   ] GC(8)   Other: 0.0ms
[2025-12-11T17:22:36.439+0800][gc,heap     ] GC(8) Eden regions: 85->0(236)
[2025-12-11T17:22:36.439+0800][gc,heap     ] GC(8) Survivor regions: 17->20(32)
[2025-12-11T17:22:36.439+0800][gc,heap     ] GC(8) Old regions: 43->42
[2025-12-11T17:22:36.439+0800][gc,heap     ] GC(8) Humongous regions: 0->0
[2025-12-11T17:22:36.439+0800][gc,metaspace] GC(8) Metaspace: 60526K(61120K)->60526K(61120K) NonClass: 53246K(53568K)->53246K(53568K) Class: 7280K(7552K)->7280K(7552K)
[2025-12-11T17:22:36.439+0800][gc          ] GC(8) Pause Young (Mixed) (Metadata GC Threshold) 144M->61M(512M) 4.556ms
[2025-12-11T17:22:36.439+0800][gc,cpu      ] GC(8) User=0.03s Sys=0.00s Real=0.00s
[2025-12-11T17:22:36.449+0800][gc,start    ] GC(9) Pause Young (Concurrent Start) (Metadata GC Threshold)
[2025-12-11T17:22:36.449+0800][gc,task     ] GC(9) Using 8 workers of 8 for evacuation
[2025-12-11T17:22:36.453+0800][gc,phases   ] GC(9)   Pre Evacuate Collection Set: 0.1ms
[2025-12-11T17:22:36.453+0800][gc,phases   ] GC(9)   Merge Heap Roots: 0.0ms
[2025-12-11T17:22:36.453+0800][gc,phases   ] GC(9)   Evacuate Collection Set: 3.4ms
[2025-12-11T17:22:36.453+0800][gc,phases   ] GC(9)   Post Evacuate Collection Set: 0.3ms
[2025-12-11T17:22:36.453+0800][gc,phases   ] GC(9)   Other: 0.0ms
[2025-12-11T17:22:36.453+0800][gc,heap     ] GC(9) Eden regions: 3->0(241)
[2025-12-11T17:22:36.453+0800][gc,heap     ] GC(9) Survivor regions: 20->15(32)
[2025-12-11T17:22:36.453+0800][gc,heap     ] GC(9) Old regions: 42->47
[2025-12-11T17:22:36.453+0800][gc,heap     ] GC(9) Humongous regions: 0->0
[2025-12-11T17:22:36.453+0800][gc,metaspace] GC(9) Metaspace: 60772K(61440K)->60772K(61440K) NonClass: 53455K(53824K)->53455K(53824K) Class: 7316K(7616K)->7316K(7616K)
[2025-12-11T17:22:36.453+0800][gc          ] GC(9) Pause Young (Concurrent Start) (Metadata GC Threshold) 64M->60M(512M) 4.059ms
[2025-12-11T17:22:36.453+0800][gc          ] GC(10) Concurrent Mark Cycle
[2025-12-11T17:22:36.453+0800][gc,marking  ] GC(10) Concurrent Scan Root Regions
[2025-12-11T17:22:36.453+0800][gc,cpu      ] GC(9) User=0.02s Sys=0.00s Real=0.01s
[2025-12-11T17:22:36.457+0800][gc,marking  ] GC(10) Concurrent Scan Root Regions 4.123ms
[2025-12-11T17:22:36.457+0800][gc,marking  ] GC(10) Concurrent Mark
[2025-12-11T17:22:36.457+0800][gc,marking  ] GC(10) Concurrent Mark From Roots
[2025-12-11T17:22:36.457+0800][gc,task     ] GC(10) Using 2 workers of 2 for marking
[2025-12-11T17:22:36.471+0800][gc,marking  ] GC(10) Concurrent Mark From Roots 14.346ms
[2025-12-11T17:22:36.471+0800][gc,marking  ] GC(10) Concurrent Preclean
[2025-12-11T17:22:36.472+0800][gc,marking  ] GC(10) Concurrent Preclean 0.094ms
[2025-12-11T17:22:36.472+0800][gc,start    ] GC(10) Pause Remark
[2025-12-11T17:22:36.474+0800][gc          ] GC(10) Pause Remark 66M->66M(512M) 2.728ms
[2025-12-11T17:22:36.474+0800][gc,cpu      ] GC(10) User=0.02s Sys=0.00s Real=0.00s
[2025-12-11T17:22:36.474+0800][gc,marking  ] GC(10) Concurrent Mark 17.349ms
[2025-12-11T17:22:36.474+0800][gc,marking  ] GC(10) Concurrent Rebuild Remembered Sets and Scrub Regions
[2025-12-11T17:22:36.481+0800][gc,marking  ] GC(10) Concurrent Rebuild Remembered Sets and Scrub Regions 6.924ms
[2025-12-11T17:22:36.481+0800][gc,start    ] GC(10) Pause Cleanup
[2025-12-11T17:22:36.482+0800][gc          ] GC(10) Pause Cleanup 66M->66M(512M) 0.058ms
[2025-12-11T17:22:36.482+0800][gc,cpu      ] GC(10) User=0.00s Sys=0.00s Real=0.00s
[2025-12-11T17:22:36.482+0800][gc,marking  ] GC(10) Concurrent Clear Claimed Marks
[2025-12-11T17:22:36.482+0800][gc,marking  ] GC(10) Concurrent Clear Claimed Marks 0.069ms
[2025-12-11T17:22:36.482+0800][gc,marking  ] GC(10) Concurrent Cleanup for Next Mark
[2025-12-11T17:22:36.482+0800][gc,marking  ] GC(10) Concurrent Cleanup for Next Mark 0.239ms
[2025-12-11T17:22:36.482+0800][gc          ] GC(10) Concurrent Mark Cycle 28.957ms
[2025-12-11T17:22:37.695+0800][gc,start    ] GC(11) Pause Young (Prepare Mixed) (G1 Evacuation Pause)
[2025-12-11T17:22:37.695+0800][gc,task     ] GC(11) Using 8 workers of 8 for evacuation
[2025-12-11T17:22:37.705+0800][gc,phases   ] GC(11)   Pre Evacuate Collection Set: 0.2ms
[2025-12-11T17:22:37.705+0800][gc,phases   ] GC(11)   Merge Heap Roots: 0.1ms
[2025-12-11T17:22:37.705+0800][gc,phases   ] GC(11)   Evacuate Collection Set: 8.7ms
[2025-12-11T17:22:37.705+0800][gc,phases   ] GC(11)   Post Evacuate Collection Set: 0.7ms
[2025-12-11T17:22:37.705+0800][gc,phases   ] GC(11)   Other: 0.0ms
[2025-12-11T17:22:37.705+0800][gc,heap     ] GC(11) Eden regions: 241->0(224)
[2025-12-11T17:22:37.705+0800][gc,heap     ] GC(11) Survivor regions: 15->32(32)
[2025-12-11T17:22:37.705+0800][gc,heap     ] GC(11) Old regions: 47->47
[2025-12-11T17:22:37.705+0800][gc,heap     ] GC(11) Humongous regions: 0->0
[2025-12-11T17:22:37.705+0800][gc,metaspace] GC(11) Metaspace: 71160K(72000K)->71160K(72000K) NonClass: 62503K(62976K)->62503K(62976K) Class: 8656K(9024K)->8656K(9024K)
[2025-12-11T17:22:37.705+0800][gc          ] GC(11) Pause Young (Prepare Mixed) (G1 Evacuation Pause) 301M->78M(512M) 9.811ms
[2025-12-11T17:22:37.705+0800][gc,cpu      ] GC(11) User=0.04s Sys=0.01s Real=0.01s
[2025-12-11T17:22:38.138+0800][gc,start    ] GC(12) Pause Young (Mixed) (G1 Evacuation Pause)
[2025-12-11T17:22:38.138+0800][gc,task     ] GC(12) Using 8 workers of 8 for evacuation
[2025-12-11T17:22:38.148+0800][gc,phases   ] GC(12)   Pre Evacuate Collection Set: 0.2ms
[2025-12-11T17:22:38.148+0800][gc,phases   ] GC(12)   Merge Heap Roots: 0.1ms
[2025-12-11T17:22:38.148+0800][gc,phases   ] GC(12)   Evacuate Collection Set: 8.8ms
[2025-12-11T17:22:38.148+0800][gc,phases   ] GC(12)   Post Evacuate Collection Set: 0.7ms
[2025-12-11T17:22:38.148+0800][gc,phases   ] GC(12)   Other: 0.1ms
[2025-12-11T17:22:38.148+0800][gc,heap     ] GC(12) Eden regions: 224->0(246)
[2025-12-11T17:22:38.148+0800][gc,heap     ] GC(12) Survivor regions: 32->10(32)
[2025-12-11T17:22:38.148+0800][gc,heap     ] GC(12) Old regions: 47->78
[2025-12-11T17:22:38.148+0800][gc,heap     ] GC(12) Humongous regions: 0->0
[2025-12-11T17:22:38.148+0800][gc,metaspace] GC(12) Metaspace: 75377K(76288K)->75377K(76288K) NonClass: 66041K(66560K)->66041K(66560K) Class: 9335K(9728K)->9335K(9728K)
[2025-12-11T17:22:38.148+0800][gc          ] GC(12) Pause Young (Mixed) (G1 Evacuation Pause) 302M->87M(512M) 9.840ms
[2025-12-11T17:22:38.148+0800][gc,cpu      ] GC(12) User=0.05s Sys=0.01s Real=0.01s
[2025-12-11T17:22:38.390+0800][gc,start    ] GC(13) Pause Young (Normal) (G1 Evacuation Pause)
[2025-12-11T17:22:38.390+0800][gc,task     ] GC(13) Using 8 workers of 8 for evacuation
[2025-12-11T17:22:38.397+0800][gc,phases   ] GC(13)   Pre Evacuate Collection Set: 0.2ms
[2025-12-11T17:22:38.397+0800][gc,phases   ] GC(13)   Merge Heap Roots: 0.1ms
[2025-12-11T17:22:38.397+0800][gc,phases   ] GC(13)   Evacuate Collection Set: 5.7ms
[2025-12-11T17:22:38.397+0800][gc,phases   ] GC(13)   Post Evacuate Collection Set: 0.6ms
[2025-12-11T17:22:38.397+0800][gc,phases   ] GC(13)   Other: 0.0ms
[2025-12-11T17:22:38.397+0800][gc,heap     ] GC(13) Eden regions: 246->0(225)
[2025-12-11T17:22:38.397+0800][gc,heap     ] GC(13) Survivor regions: 10->31(32)
[2025-12-11T17:22:38.397+0800][gc,heap     ] GC(13) Old regions: 78->78
[2025-12-11T17:22:38.397+0800][gc,heap     ] GC(13) Humongous regions: 0->0
[2025-12-11T17:22:38.397+0800][gc,metaspace] GC(13) Metaspace: 76410K(77248K)->76410K(77248K) NonClass: 66941K(67392K)->66941K(67392K) Class: 9468K(9856K)->9468K(9856K)
[2025-12-11T17:22:38.397+0800][gc          ] GC(13) Pause Young (Normal) (G1 Evacuation Pause) 333M->108M(512M) 6.791ms
[2025-12-11T17:22:38.397+0800][gc,cpu      ] GC(13) User=0.05s Sys=0.01s Real=0.00s
[2025-12-11T17:22:38.866+0800][gc,start    ] GC(14) Pause Young (Concurrent Start) (G1 Evacuation Pause)
[2025-12-11T17:22:38.866+0800][gc,task     ] GC(14) Using 8 workers of 8 for evacuation
[2025-12-11T17:22:38.877+0800][gc,phases   ] GC(14)   Pre Evacuate Collection Set: 0.1ms
[2025-12-11T17:22:38.877+0800][gc,phases   ] GC(14)   Merge Heap Roots: 0.1ms
[2025-12-11T17:22:38.877+0800][gc,phases   ] GC(14)   Evacuate Collection Set: 9.9ms
[2025-12-11T17:22:38.877+0800][gc,phases   ] GC(14)   Post Evacuate Collection Set: 0.8ms
[2025-12-11T17:22:38.877+0800][gc,phases   ] GC(14)   Other: 0.0ms
[2025-12-11T17:22:38.877+0800][gc,heap     ] GC(14) Eden regions: 225->0(246)
[2025-12-11T17:22:38.877+0800][gc,heap     ] GC(14) Survivor regions: 31->10(32)
[2025-12-11T17:22:38.877+0800][gc,heap     ] GC(14) Old regions: 78->109
[2025-12-11T17:22:38.877+0800][gc,heap     ] GC(14) Humongous regions: 0->0
[2025-12-11T17:22:38.877+0800][gc,metaspace] GC(14) Metaspace: 80697K(81664K)->80697K(81664K) NonClass: 70698K(71168K)->70698K(71168K) Class: 9999K(10496K)->9999K(10496K)
[2025-12-11T17:22:38.877+0800][gc          ] GC(14) Pause Young (Concurrent Start) (G1 Evacuation Pause) 333M->118M(512M) 11.052ms
[2025-12-11T17:22:38.877+0800][gc          ] GC(15) Concurrent Mark Cycle
[2025-12-11T17:22:38.877+0800][gc,marking  ] GC(15) Concurrent Scan Root Regions
[2025-12-11T17:22:38.877+0800][gc,cpu      ] GC(14) User=0.06s Sys=0.01s Real=0.01s
[2025-12-11T17:22:38.884+0800][gc,marking  ] GC(15) Concurrent Scan Root Regions 7.207ms
[2025-12-11T17:22:38.884+0800][gc,marking  ] GC(15) Concurrent Mark
[2025-12-11T17:22:38.884+0800][gc,marking  ] GC(15) Concurrent Mark From Roots
[2025-12-11T17:22:38.884+0800][gc,task     ] GC(15) Using 2 workers of 2 for marking
[2025-12-11T17:22:38.912+0800][gc,marking  ] GC(15) Concurrent Mark From Roots 28.213ms
[2025-12-11T17:22:38.912+0800][gc,marking  ] GC(15) Concurrent Preclean
[2025-12-11T17:22:38.912+0800][gc,marking  ] GC(15) Concurrent Preclean 0.091ms
[2025-12-11T17:22:38.912+0800][gc,start    ] GC(15) Pause Remark
[2025-12-11T17:22:38.915+0800][gc          ] GC(15) Pause Remark 129M->129M(512M) 2.687ms
[2025-12-11T17:22:38.915+0800][gc,cpu      ] GC(15) User=0.01s Sys=0.00s Real=0.00s
[2025-12-11T17:22:38.915+0800][gc,marking  ] GC(15) Concurrent Mark 31.202ms
[2025-12-11T17:22:38.915+0800][gc,marking  ] GC(15) Concurrent Rebuild Remembered Sets and Scrub Regions
[2025-12-11T17:22:38.933+0800][gc,marking  ] GC(15) Concurrent Rebuild Remembered Sets and Scrub Regions 18.021ms
[2025-12-11T17:22:38.933+0800][gc,start    ] GC(15) Pause Cleanup
[2025-12-11T17:22:38.933+0800][gc          ] GC(15) Pause Cleanup 133M->133M(512M) 0.095ms
[2025-12-11T17:22:38.933+0800][gc,cpu      ] GC(15) User=0.00s Sys=0.00s Real=0.00s
[2025-12-11T17:22:38.933+0800][gc,marking  ] GC(15) Concurrent Clear Claimed Marks
[2025-12-11T17:22:38.933+0800][gc,marking  ] GC(15) Concurrent Clear Claimed Marks 0.056ms
[2025-12-11T17:22:38.933+0800][gc,marking  ] GC(15) Concurrent Cleanup for Next Mark
[2025-12-11T17:22:38.934+0800][gc,marking  ] GC(15) Concurrent Cleanup for Next Mark 0.361ms
[2025-12-11T17:22:38.934+0800][gc          ] GC(15) Concurrent Mark Cycle 57.254ms
[2025-12-11T17:22:39.445+0800][gc,start    ] GC(16) Pause Young (Prepare Mixed) (G1 Evacuation Pause)
[2025-12-11T17:22:39.445+0800][gc,task     ] GC(16) Using 8 workers of 8 for evacuation
[2025-12-11T17:22:39.451+0800][gc,phases   ] GC(16)   Pre Evacuate Collection Set: 0.1ms
[2025-12-11T17:22:39.451+0800][gc,phases   ] GC(16)   Merge Heap Roots: 0.1ms
[2025-12-11T17:22:39.451+0800][gc,phases   ] GC(16)   Evacuate Collection Set: 4.7ms
[2025-12-11T17:22:39.451+0800][gc,phases   ] GC(16)   Post Evacuate Collection Set: 0.7ms
[2025-12-11T17:22:39.451+0800][gc,phases   ] GC(16)   Other: 0.1ms
[2025-12-11T17:22:39.451+0800][gc,heap     ] GC(16) Eden regions: 246->0(238)
[2025-12-11T17:22:39.451+0800][gc,heap     ] GC(16) Survivor regions: 10->18(32)
[2025-12-11T17:22:39.451+0800][gc,heap     ] GC(16) Old regions: 109->109
[2025-12-11T17:22:39.451+0800][gc,heap     ] GC(16) Humongous regions: 0->0
[2025-12-11T17:22:39.451+0800][gc,metaspace] GC(16) Metaspace: 85357K(86528K)->85357K(86528K) NonClass: 74729K(75392K)->74729K(75392K) Class: 10627K(11136K)->10627K(11136K)
[2025-12-11T17:22:39.451+0800][gc          ] GC(16) Pause Young (Prepare Mixed) (G1 Evacuation Pause) 364M->126M(512M) 6.019ms
[2025-12-11T17:22:39.451+0800][gc,cpu      ] GC(16) User=0.04s Sys=0.00s Real=0.01s
[2025-12-11T18:01:13.275+0800][gc,start    ] GC(17) Pause Young (Mixed) (G1 Evacuation Pause)
[2025-12-11T18:01:13.276+0800][gc,task     ] GC(17) Using 8 workers of 8 for evacuation
[2025-12-11T18:01:13.392+0800][gc,phases   ] GC(17)   Pre Evacuate Collection Set: 2.5ms
[2025-12-11T18:01:13.392+0800][gc,phases   ] GC(17)   Merge Heap Roots: 0.3ms
[2025-12-11T18:01:13.392+0800][gc,phases   ] GC(17)   Evacuate Collection Set: 109.7ms
[2025-12-11T18:01:13.392+0800][gc,phases   ] GC(17)   Post Evacuate Collection Set: 2.6ms
[2025-12-11T18:01:13.392+0800][gc,phases   ] GC(17)   Other: 0.5ms
[2025-12-11T18:01:13.392+0800][gc,heap     ] GC(17) Eden regions: 238->0(236)
[2025-12-11T18:01:13.392+0800][gc,heap     ] GC(17) Survivor regions: 18->20(32)
[2025-12-11T18:01:13.392+0800][gc,heap     ] GC(17) Old regions: 109->116
[2025-12-11T18:01:13.392+0800][gc,heap     ] GC(17) Humongous regions: 0->0
[2025-12-11T18:01:13.392+0800][gc,metaspace] GC(17) Metaspace: 89972K(91200K)->89972K(91200K) NonClass: 79129K(79744K)->79129K(79744K) Class: 10843K(11456K)->10843K(11456K)
[2025-12-11T18:01:13.392+0800][gc          ] GC(17) Pause Young (Mixed) (G1 Evacuation Pause) 364M->134M(512M) 117.279ms
[2025-12-11T18:01:13.392+0800][gc,cpu      ] GC(17) User=0.05s Sys=0.10s Real=0.12s
[2025-12-11T19:11:45.002+0800][gc,start    ] GC(18) Pause Young (Mixed) (G1 Evacuation Pause)
[2025-12-11T19:11:45.003+0800][gc,task     ] GC(18) Using 8 workers of 8 for evacuation
[2025-12-11T19:11:45.043+0800][gc,phases   ] GC(18)   Pre Evacuate Collection Set: 1.2ms
[2025-12-11T19:11:45.043+0800][gc,phases   ] GC(18)   Merge Heap Roots: 0.3ms
[2025-12-11T19:11:45.043+0800][gc,phases   ] GC(18)   Evacuate Collection Set: 36.6ms
[2025-12-11T19:11:45.043+0800][gc,phases   ] GC(18)   Post Evacuate Collection Set: 1.4ms
[2025-12-11T19:11:45.043+0800][gc,phases   ] GC(18)   Other: 0.2ms
[2025-12-11T19:11:45.043+0800][gc,heap     ] GC(18) Eden regions: 236->0(244)
[2025-12-11T19:11:45.043+0800][gc,heap     ] GC(18) Survivor regions: 20->12(32)
[2025-12-11T19:11:45.043+0800][gc,heap     ] GC(18) Old regions: 116->124
[2025-12-11T19:11:45.043+0800][gc,heap     ] GC(18) Humongous regions: 0->0
[2025-12-11T19:11:45.043+0800][gc,metaspace] GC(18) Metaspace: 90185K(91456K)->90185K(91456K) NonClass: 79332K(80000K)->79332K(80000K) Class: 10853K(11456K)->10853K(11456K)
[2025-12-11T19:11:45.043+0800][gc          ] GC(18) Pause Young (Mixed) (G1 Evacuation Pause) 370M->136M(512M) 41.439ms
[2025-12-11T19:11:45.043+0800][gc,cpu      ] GC(18) User=0.05s Sys=0.15s Real=0.04s
[2025-12-11T19:34:19.389+0800][gc,heap,exit] Heap
[2025-12-11T19:34:19.389+0800][gc,heap,exit]  garbage-first heap   total 524288K, used 238592K [0x00000007e0000000, 0x0000000800000000)
[2025-12-11T19:34:19.389+0800][gc,heap,exit]   region size 1024K, 109 young (111616K), 12 survivors (12288K)
[2025-12-11T19:34:19.389+0800][gc,heap,exit]  Metaspace       used 90619K, committed 91840K, reserved 1179648K
[2025-12-11T19:34:19.389+0800][gc,heap,exit]   class space    used 10913K, committed 11456K, reserved 1048576K
