[2025-12-10T11:40:46.830+0800][gc,init] CardTable entry size: 512
[2025-12-10T11:40:46.830+0800][gc     ] Using G1
[2025-12-10T11:40:46.831+0800][gc,init] Version: 21.0.8+12-LTS-250 (release)
[2025-12-10T11:40:46.831+0800][gc,init] CPUs: 8 total, 8 available
[2025-12-10T11:40:46.831+0800][gc,init] Memory: 16384M
[2025-12-10T11:40:46.831+0800][gc,init] Large Page Support: Disabled
[2025-12-10T11:40:46.831+0800][gc,init] NUMA Support: Disabled
[2025-12-10T11:40:46.831+0800][gc,init] Compressed Oops: Enabled (Zero based)
[2025-12-10T11:40:46.831+0800][gc,init] Heap Region Size: 1M
[2025-12-10T11:40:46.831+0800][gc,init] Heap Min Capacity: 512M
[2025-12-10T11:40:46.831+0800][gc,init] Heap Initial Capacity: 512M
[2025-12-10T11:40:46.831+0800][gc,init] Heap Max Capacity: 512M
[2025-12-10T11:40:46.831+0800][gc,init] Pre-touch: Disabled
[2025-12-10T11:40:46.831+0800][gc,init] Parallel Workers: 8
[2025-12-10T11:40:46.831+0800][gc,init] Concurrent Workers: 2
[2025-12-10T11:40:46.831+0800][gc,init] Concurrent Refinement Workers: 8
[2025-12-10T11:40:46.831+0800][gc,init] Periodic GC: Disabled
[2025-12-10T11:40:46.834+0800][gc,metaspace] CDS archive(s) mapped at: [0x0000007000000000-0x0000007000ca8000-0x0000007000ca8000), size 13271040, SharedBaseAddress: 0x0000007000000000, ArchiveRelocationMode: 1.
[2025-12-10T11:40:46.834+0800][gc,metaspace] Compressed class space mapped at: 0x0000007001000000-0x0000007041000000, reserved size: 1073741824
[2025-12-10T11:40:46.834+0800][gc,metaspace] Narrow klass base: 0x0000007000000000, Narrow klass shift: 0, Narrow klass range: 0x100000000
[2025-12-10T11:40:47.746+0800][gc,start    ] GC(0) Pause Young (Normal) (G1 Evacuation Pause)
[2025-12-10T11:40:47.746+0800][gc,task     ] GC(0) Using 8 workers of 8 for evacuation
[2025-12-10T11:40:47.752+0800][gc,phases   ] GC(0)   Pre Evacuate Collection Set: 0.2ms
[2025-12-10T11:40:47.752+0800][gc,phases   ] GC(0)   Merge Heap Roots: 0.1ms
[2025-12-10T11:40:47.752+0800][gc,phases   ] GC(0)   Evacuate Collection Set: 4.7ms
[2025-12-10T11:40:47.752+0800][gc,phases   ] GC(0)   Post Evacuate Collection Set: 0.4ms
[2025-12-10T11:40:47.752+0800][gc,phases   ] GC(0)   Other: 0.5ms
[2025-12-10T11:40:47.752+0800][gc,heap     ] GC(0) Eden regions: 256->0(245)
[2025-12-10T11:40:47.752+0800][gc,heap     ] GC(0) Survivor regions: 0->11(32)
[2025-12-10T11:40:47.752+0800][gc,heap     ] GC(0) Old regions: 2->2
[2025-12-10T11:40:47.752+0800][gc,heap     ] GC(0) Humongous regions: 0->0
[2025-12-10T11:40:47.752+0800][gc,metaspace] GC(0) Metaspace: 15063K(15488K)->15063K(15488K) NonClass: 13275K(13504K)->13275K(13504K) Class: 1788K(1984K)->1788K(1984K)
[2025-12-10T11:40:47.752+0800][gc          ] GC(0) Pause Young (Normal) (G1 Evacuation Pause) 257M->11M(512M) 6.313ms
[2025-12-10T11:40:47.752+0800][gc,cpu      ] GC(0) User=0.02s Sys=0.01s Real=0.01s
[2025-12-10T11:40:47.966+0800][gc,start    ] GC(1) Pause Young (Concurrent Start) (GCLocker Initiated GC)
[2025-12-10T11:40:47.966+0800][gc,task     ] GC(1) Using 8 workers of 8 for evacuation
[2025-12-10T11:40:47.971+0800][gc,phases   ] GC(1)   Pre Evacuate Collection Set: 0.1ms
[2025-12-10T11:40:47.971+0800][gc,phases   ] GC(1)   Merge Heap Roots: 0.1ms
[2025-12-10T11:40:47.971+0800][gc,phases   ] GC(1)   Evacuate Collection Set: 4.8ms
[2025-12-10T11:40:47.971+0800][gc,phases   ] GC(1)   Post Evacuate Collection Set: 0.5ms
[2025-12-10T11:40:47.971+0800][gc,phases   ] GC(1)   Other: 0.0ms
[2025-12-10T11:40:47.971+0800][gc,heap     ] GC(1) Eden regions: 146->0(236)
[2025-12-10T11:40:47.971+0800][gc,heap     ] GC(1) Survivor regions: 11->20(32)
[2025-12-10T11:40:47.971+0800][gc,heap     ] GC(1) Old regions: 2->2
[2025-12-10T11:40:47.971+0800][gc,heap     ] GC(1) Humongous regions: 0->0
[2025-12-10T11:40:47.971+0800][gc,metaspace] GC(1) Metaspace: 21076K(21568K)->21076K(21568K) NonClass: 18528K(18816K)->18528K(18816K) Class: 2548K(2752K)->2548K(2752K)
[2025-12-10T11:40:47.971+0800][gc          ] GC(1) Pause Young (Concurrent Start) (GCLocker Initiated GC) 157M->20M(512M) 5.562ms
[2025-12-10T11:40:47.971+0800][gc,cpu      ] GC(1) User=0.03s Sys=0.00s Real=0.01s
[2025-12-10T11:40:47.971+0800][gc          ] GC(2) Concurrent Mark Cycle
[2025-12-10T11:40:47.972+0800][gc,marking  ] GC(2) Concurrent Scan Root Regions
[2025-12-10T11:40:47.974+0800][gc,marking  ] GC(2) Concurrent Scan Root Regions 2.935ms
[2025-12-10T11:40:47.974+0800][gc,marking  ] GC(2) Concurrent Mark
[2025-12-10T11:40:47.974+0800][gc,marking  ] GC(2) Concurrent Mark From Roots
[2025-12-10T11:40:47.974+0800][gc,task     ] GC(2) Using 2 workers of 2 for marking
[2025-12-10T11:40:47.975+0800][gc,marking  ] GC(2) Concurrent Mark From Roots 0.831ms
[2025-12-10T11:40:47.975+0800][gc,marking  ] GC(2) Concurrent Preclean
[2025-12-10T11:40:47.975+0800][gc,marking  ] GC(2) Concurrent Preclean 0.007ms
[2025-12-10T11:40:47.975+0800][gc,start    ] GC(2) Pause Remark
[2025-12-10T11:40:47.977+0800][gc          ] GC(2) Pause Remark 22M->22M(512M) 1.273ms
[2025-12-10T11:40:47.977+0800][gc,cpu      ] GC(2) User=0.01s Sys=0.00s Real=0.00s
[2025-12-10T11:40:47.977+0800][gc,marking  ] GC(2) Concurrent Mark 2.207ms
[2025-12-10T11:40:47.977+0800][gc,marking  ] GC(2) Concurrent Rebuild Remembered Sets and Scrub Regions
[2025-12-10T11:40:47.977+0800][gc,marking  ] GC(2) Concurrent Rebuild Remembered Sets and Scrub Regions 0.394ms
[2025-12-10T11:40:47.977+0800][gc,start    ] GC(2) Pause Cleanup
[2025-12-10T11:40:47.977+0800][gc          ] GC(2) Pause Cleanup 22M->22M(512M) 0.060ms
[2025-12-10T11:40:47.977+0800][gc,cpu      ] GC(2) User=0.00s Sys=0.00s Real=0.00s
[2025-12-10T11:40:47.977+0800][gc,marking  ] GC(2) Concurrent Clear Claimed Marks
[2025-12-10T11:40:47.977+0800][gc,marking  ] GC(2) Concurrent Clear Claimed Marks 0.014ms
[2025-12-10T11:40:47.977+0800][gc,marking  ] GC(2) Concurrent Cleanup for Next Mark
[2025-12-10T11:40:47.978+0800][gc,marking  ] GC(2) Concurrent Cleanup for Next Mark 0.707ms
[2025-12-10T11:40:47.978+0800][gc          ] GC(2) Concurrent Mark Cycle 6.469ms
[2025-12-10T11:40:48.331+0800][gc,start    ] GC(3) Pause Young (Prepare Mixed) (G1 Evacuation Pause)
[2025-12-10T11:40:48.332+0800][gc,task     ] GC(3) Using 8 workers of 8 for evacuation
[2025-12-10T11:40:48.345+0800][gc,phases   ] GC(3)   Pre Evacuate Collection Set: 0.1ms
[2025-12-10T11:40:48.345+0800][gc,phases   ] GC(3)   Merge Heap Roots: 0.1ms
[2025-12-10T11:40:48.345+0800][gc,phases   ] GC(3)   Evacuate Collection Set: 11.9ms
[2025-12-10T11:40:48.345+0800][gc,phases   ] GC(3)   Post Evacuate Collection Set: 1.0ms
[2025-12-10T11:40:48.345+0800][gc,phases   ] GC(3)   Other: 0.0ms
[2025-12-10T11:40:48.345+0800][gc,heap     ] GC(3) Eden regions: 236->0(225)
[2025-12-10T11:40:48.345+0800][gc,heap     ] GC(3) Survivor regions: 20->31(32)
[2025-12-10T11:40:48.345+0800][gc,heap     ] GC(3) Old regions: 2->13
[2025-12-10T11:40:48.345+0800][gc,heap     ] GC(3) Humongous regions: 0->0
[2025-12-10T11:40:48.345+0800][gc,metaspace] GC(3) Metaspace: 21422K(21888K)->21422K(21888K) NonClass: 18823K(19072K)->18823K(19072K) Class: 2599K(2816K)->2599K(2816K)
[2025-12-10T11:40:48.345+0800][gc          ] GC(3) Pause Young (Prepare Mixed) (G1 Evacuation Pause) 256M->42M(512M) 13.220ms
[2025-12-10T11:40:48.345+0800][gc,cpu      ] GC(3) User=0.07s Sys=0.01s Real=0.01s
[2025-12-10T11:40:48.862+0800][gc,start    ] GC(4) Pause Young (Mixed) (G1 Evacuation Pause)
[2025-12-10T11:40:48.862+0800][gc,task     ] GC(4) Using 8 workers of 8 for evacuation
[2025-12-10T11:40:48.870+0800][gc,phases   ] GC(4)   Pre Evacuate Collection Set: 0.2ms
[2025-12-10T11:40:48.870+0800][gc,phases   ] GC(4)   Merge Heap Roots: 0.1ms
[2025-12-10T11:40:48.870+0800][gc,phases   ] GC(4)   Evacuate Collection Set: 7.4ms
[2025-12-10T11:40:48.870+0800][gc,phases   ] GC(4)   Post Evacuate Collection Set: 0.5ms
[2025-12-10T11:40:48.870+0800][gc,phases   ] GC(4)   Other: 0.0ms
[2025-12-10T11:40:48.870+0800][gc,heap     ] GC(4) Eden regions: 225->0(249)
[2025-12-10T11:40:48.870+0800][gc,heap     ] GC(4) Survivor regions: 31->7(32)
[2025-12-10T11:40:48.870+0800][gc,heap     ] GC(4) Old regions: 13->42
[2025-12-10T11:40:48.870+0800][gc,heap     ] GC(4) Humongous regions: 0->0
[2025-12-10T11:40:48.870+0800][gc,metaspace] GC(4) Metaspace: 27450K(27968K)->27450K(27968K) NonClass: 24129K(24448K)->24129K(24448K) Class: 3320K(3520K)->3320K(3520K)
[2025-12-10T11:40:48.870+0800][gc          ] GC(4) Pause Young (Mixed) (G1 Evacuation Pause) 267M->48M(512M) 8.260ms
[2025-12-10T11:40:48.870+0800][gc,cpu      ] GC(4) User=0.05s Sys=0.01s Real=0.01s
[2025-12-10T11:40:49.205+0800][gc,start    ] GC(5) Pause Young (Concurrent Start) (Metadata GC Threshold)
[2025-12-10T11:40:49.205+0800][gc,task     ] GC(5) Using 8 workers of 8 for evacuation
[2025-12-10T11:40:49.208+0800][gc,phases   ] GC(5)   Pre Evacuate Collection Set: 0.1ms
[2025-12-10T11:40:49.208+0800][gc,phases   ] GC(5)   Merge Heap Roots: 0.0ms
[2025-12-10T11:40:49.208+0800][gc,phases   ] GC(5)   Evacuate Collection Set: 2.4ms
[2025-12-10T11:40:49.208+0800][gc,phases   ] GC(5)   Post Evacuate Collection Set: 0.2ms
[2025-12-10T11:40:49.208+0800][gc,phases   ] GC(5)   Other: 0.0ms
[2025-12-10T11:40:49.208+0800][gc,heap     ] GC(5) Eden regions: 122->0(248)
[2025-12-10T11:40:49.208+0800][gc,heap     ] GC(5) Survivor regions: 7->8(32)
[2025-12-10T11:40:49.208+0800][gc,heap     ] GC(5) Old regions: 42->42
[2025-12-10T11:40:49.208+0800][gc,heap     ] GC(5) Humongous regions: 0->0
[2025-12-10T11:40:49.208+0800][gc,metaspace] GC(5) Metaspace: 35512K(35968K)->35512K(35968K) NonClass: 31149K(31424K)->31149K(31424K) Class: 4362K(4544K)->4362K(4544K)
[2025-12-10T11:40:49.208+0800][gc          ] GC(5) Pause Young (Concurrent Start) (Metadata GC Threshold) 170M->49M(512M) 2.923ms
[2025-12-10T11:40:49.208+0800][gc          ] GC(6) Concurrent Mark Cycle
[2025-12-10T11:40:49.208+0800][gc,cpu      ] GC(5) User=0.01s Sys=0.01s Real=0.00s
[2025-12-10T11:40:49.208+0800][gc,marking  ] GC(6) Concurrent Scan Root Regions
[2025-12-10T11:40:49.210+0800][gc,marking  ] GC(6) Concurrent Scan Root Regions 1.947ms
[2025-12-10T11:40:49.210+0800][gc,marking  ] GC(6) Concurrent Mark
[2025-12-10T11:40:49.210+0800][gc,marking  ] GC(6) Concurrent Mark From Roots
[2025-12-10T11:40:49.210+0800][gc,task     ] GC(6) Using 2 workers of 2 for marking
[2025-12-10T11:40:49.225+0800][gc,marking  ] GC(6) Concurrent Mark From Roots 15.409ms
[2025-12-10T11:40:49.225+0800][gc,marking  ] GC(6) Concurrent Preclean
[2025-12-10T11:40:49.226+0800][gc,marking  ] GC(6) Concurrent Preclean 0.065ms
[2025-12-10T11:40:49.226+0800][gc,start    ] GC(6) Pause Remark
[2025-12-10T11:40:49.228+0800][gc          ] GC(6) Pause Remark 51M->51M(512M) 2.388ms
[2025-12-10T11:40:49.228+0800][gc,cpu      ] GC(6) User=0.02s Sys=0.00s Real=0.00s
[2025-12-10T11:40:49.228+0800][gc,marking  ] GC(6) Concurrent Mark 18.050ms
[2025-12-10T11:40:49.228+0800][gc,marking  ] GC(6) Concurrent Rebuild Remembered Sets and Scrub Regions
[2025-12-10T11:40:49.234+0800][gc,marking  ] GC(6) Concurrent Rebuild Remembered Sets and Scrub Regions 6.010ms
[2025-12-10T11:40:49.234+0800][gc,start    ] GC(6) Pause Cleanup
[2025-12-10T11:40:49.234+0800][gc          ] GC(6) Pause Cleanup 53M->53M(512M) 0.094ms
[2025-12-10T11:40:49.234+0800][gc,cpu      ] GC(6) User=0.00s Sys=0.00s Real=0.00s
[2025-12-10T11:40:49.234+0800][gc,marking  ] GC(6) Concurrent Clear Claimed Marks
[2025-12-10T11:40:49.234+0800][gc,marking  ] GC(6) Concurrent Clear Claimed Marks 0.024ms
[2025-12-10T11:40:49.234+0800][gc,marking  ] GC(6) Concurrent Cleanup for Next Mark
[2025-12-10T11:40:49.235+0800][gc,marking  ] GC(6) Concurrent Cleanup for Next Mark 0.483ms
[2025-12-10T11:40:49.235+0800][gc          ] GC(6) Concurrent Mark Cycle 26.822ms
[2025-12-10T11:40:50.065+0800][gc,start    ] GC(7) Pause Young (Prepare Mixed) (G1 Evacuation Pause)
[2025-12-10T11:40:50.066+0800][gc,task     ] GC(7) Using 8 workers of 8 for evacuation
[2025-12-10T11:40:50.070+0800][gc,phases   ] GC(7)   Pre Evacuate Collection Set: 0.2ms
[2025-12-10T11:40:50.070+0800][gc,phases   ] GC(7)   Merge Heap Roots: 0.1ms
[2025-12-10T11:40:50.070+0800][gc,phases   ] GC(7)   Evacuate Collection Set: 3.6ms
[2025-12-10T11:40:50.070+0800][gc,phases   ] GC(7)   Post Evacuate Collection Set: 0.6ms
[2025-12-10T11:40:50.070+0800][gc,phases   ] GC(7)   Other: 0.0ms
[2025-12-10T11:40:50.070+0800][gc,heap     ] GC(7) Eden regions: 248->0(238)
[2025-12-10T11:40:50.070+0800][gc,heap     ] GC(7) Survivor regions: 8->18(32)
[2025-12-10T11:40:50.070+0800][gc,heap     ] GC(7) Old regions: 42->42
[2025-12-10T11:40:50.070+0800][gc,heap     ] GC(7) Humongous regions: 0->0
[2025-12-10T11:40:50.070+0800][gc,metaspace] GC(7) Metaspace: 53057K(53696K)->53057K(53696K) NonClass: 46582K(46912K)->46582K(46912K) Class: 6475K(6784K)->6475K(6784K)
[2025-12-10T11:40:50.070+0800][gc          ] GC(7) Pause Young (Prepare Mixed) (G1 Evacuation Pause) 297M->59M(512M) 4.744ms
[2025-12-10T11:40:50.070+0800][gc,cpu      ] GC(7) User=0.03s Sys=0.00s Real=0.01s
[2025-12-10T11:40:50.333+0800][gc,start    ] GC(8) Pause Young (Mixed) (Metadata GC Threshold)
[2025-12-10T11:40:50.333+0800][gc,task     ] GC(8) Using 8 workers of 8 for evacuation
[2025-12-10T11:40:50.337+0800][gc,phases   ] GC(8)   Pre Evacuate Collection Set: 0.1ms
[2025-12-10T11:40:50.337+0800][gc,phases   ] GC(8)   Merge Heap Roots: 0.1ms
[2025-12-10T11:40:50.337+0800][gc,phases   ] GC(8)   Evacuate Collection Set: 3.5ms
[2025-12-10T11:40:50.337+0800][gc,phases   ] GC(8)   Post Evacuate Collection Set: 0.4ms
[2025-12-10T11:40:50.337+0800][gc,phases   ] GC(8)   Other: 0.0ms
[2025-12-10T11:40:50.337+0800][gc,heap     ] GC(8) Eden regions: 86->0(237)
[2025-12-10T11:40:50.337+0800][gc,heap     ] GC(8) Survivor regions: 18->19(32)
[2025-12-10T11:40:50.337+0800][gc,heap     ] GC(8) Old regions: 42->42
[2025-12-10T11:40:50.337+0800][gc,heap     ] GC(8) Humongous regions: 0->0
[2025-12-10T11:40:50.337+0800][gc,metaspace] GC(8) Metaspace: 60600K(61248K)->60600K(61248K) NonClass: 53309K(53632K)->53309K(53632K) Class: 7291K(7616K)->7291K(7616K)
[2025-12-10T11:40:50.337+0800][gc          ] GC(8) Pause Young (Mixed) (Metadata GC Threshold) 145M->60M(512M) 4.167ms
[2025-12-10T11:40:50.337+0800][gc,cpu      ] GC(8) User=0.02s Sys=0.00s Real=0.00s
[2025-12-10T11:40:50.348+0800][gc,start    ] GC(9) Pause Young (Concurrent Start) (Metadata GC Threshold)
[2025-12-10T11:40:50.348+0800][gc,task     ] GC(9) Using 8 workers of 8 for evacuation
[2025-12-10T11:40:50.352+0800][gc,phases   ] GC(9)   Pre Evacuate Collection Set: 0.2ms
[2025-12-10T11:40:50.352+0800][gc,phases   ] GC(9)   Merge Heap Roots: 0.0ms
[2025-12-10T11:40:50.352+0800][gc,phases   ] GC(9)   Evacuate Collection Set: 3.6ms
[2025-12-10T11:40:50.352+0800][gc,phases   ] GC(9)   Post Evacuate Collection Set: 0.3ms
[2025-12-10T11:40:50.352+0800][gc,phases   ] GC(9)   Other: 0.0ms
[2025-12-10T11:40:50.352+0800][gc,heap     ] GC(9) Eden regions: 4->0(240)
[2025-12-10T11:40:50.352+0800][gc,heap     ] GC(9) Survivor regions: 19->16(32)
[2025-12-10T11:40:50.352+0800][gc,heap     ] GC(9) Old regions: 42->47
[2025-12-10T11:40:50.352+0800][gc,heap     ] GC(9) Humongous regions: 0->0
[2025-12-10T11:40:50.352+0800][gc,metaspace] GC(9) Metaspace: 60922K(61568K)->60922K(61568K) NonClass: 53579K(53888K)->53579K(53888K) Class: 7342K(7680K)->7342K(7680K)
[2025-12-10T11:40:50.352+0800][gc          ] GC(9) Pause Young (Concurrent Start) (Metadata GC Threshold) 63M->62M(512M) 4.185ms
[2025-12-10T11:40:50.352+0800][gc          ] GC(10) Concurrent Mark Cycle
[2025-12-10T11:40:50.352+0800][gc,marking  ] GC(10) Concurrent Scan Root Regions
[2025-12-10T11:40:50.352+0800][gc,cpu      ] GC(9) User=0.03s Sys=0.01s Real=0.01s
[2025-12-10T11:40:50.356+0800][gc,marking  ] GC(10) Concurrent Scan Root Regions 4.010ms
[2025-12-10T11:40:50.356+0800][gc,marking  ] GC(10) Concurrent Mark
[2025-12-10T11:40:50.356+0800][gc,marking  ] GC(10) Concurrent Mark From Roots
[2025-12-10T11:40:50.356+0800][gc,task     ] GC(10) Using 2 workers of 2 for marking
[2025-12-10T11:40:50.371+0800][gc,marking  ] GC(10) Concurrent Mark From Roots 14.986ms
[2025-12-10T11:40:50.371+0800][gc,marking  ] GC(10) Concurrent Preclean
[2025-12-10T11:40:50.371+0800][gc,marking  ] GC(10) Concurrent Preclean 0.083ms
[2025-12-10T11:40:50.371+0800][gc,start    ] GC(10) Pause Remark
[2025-12-10T11:40:50.374+0800][gc          ] GC(10) Pause Remark 66M->66M(512M) 2.656ms
[2025-12-10T11:40:50.374+0800][gc,cpu      ] GC(10) User=0.01s Sys=0.00s Real=0.00s
[2025-12-10T11:40:50.374+0800][gc,marking  ] GC(10) Concurrent Mark 17.863ms
[2025-12-10T11:40:50.374+0800][gc,marking  ] GC(10) Concurrent Rebuild Remembered Sets and Scrub Regions
[2025-12-10T11:40:50.382+0800][gc,marking  ] GC(10) Concurrent Rebuild Remembered Sets and Scrub Regions 7.783ms
[2025-12-10T11:40:50.382+0800][gc,start    ] GC(10) Pause Cleanup
[2025-12-10T11:40:50.382+0800][gc          ] GC(10) Pause Cleanup 67M->67M(512M) 0.060ms
[2025-12-10T11:40:50.382+0800][gc,cpu      ] GC(10) User=0.00s Sys=0.00s Real=0.00s
[2025-12-10T11:40:50.382+0800][gc,marking  ] GC(10) Concurrent Clear Claimed Marks
[2025-12-10T11:40:50.382+0800][gc,marking  ] GC(10) Concurrent Clear Claimed Marks 0.056ms
[2025-12-10T11:40:50.382+0800][gc,marking  ] GC(10) Concurrent Cleanup for Next Mark
[2025-12-10T11:40:50.382+0800][gc,marking  ] GC(10) Concurrent Cleanup for Next Mark 0.237ms
[2025-12-10T11:40:50.382+0800][gc          ] GC(10) Concurrent Mark Cycle 30.181ms
[2025-12-10T11:40:51.403+0800][gc,start    ] GC(11) Pause Young (Prepare Mixed) (G1 Evacuation Pause)
[2025-12-10T11:40:51.403+0800][gc,task     ] GC(11) Using 8 workers of 8 for evacuation
[2025-12-10T11:40:51.412+0800][gc,phases   ] GC(11)   Pre Evacuate Collection Set: 0.2ms
[2025-12-10T11:40:51.412+0800][gc,phases   ] GC(11)   Merge Heap Roots: 0.1ms
[2025-12-10T11:40:51.412+0800][gc,phases   ] GC(11)   Evacuate Collection Set: 7.7ms
[2025-12-10T11:40:51.412+0800][gc,phases   ] GC(11)   Post Evacuate Collection Set: 0.9ms
[2025-12-10T11:40:51.412+0800][gc,phases   ] GC(11)   Other: 0.0ms
[2025-12-10T11:40:51.412+0800][gc,heap     ] GC(11) Eden regions: 240->0(224)
[2025-12-10T11:40:51.412+0800][gc,heap     ] GC(11) Survivor regions: 16->32(32)
[2025-12-10T11:40:51.412+0800][gc,heap     ] GC(11) Old regions: 47->47
[2025-12-10T11:40:51.412+0800][gc,heap     ] GC(11) Humongous regions: 0->0
[2025-12-10T11:40:51.412+0800][gc,metaspace] GC(11) Metaspace: 71209K(72064K)->71209K(72064K) NonClass: 62543K(63040K)->62543K(63040K) Class: 8665K(9024K)->8665K(9024K)
[2025-12-10T11:40:51.412+0800][gc          ] GC(11) Pause Young (Prepare Mixed) (G1 Evacuation Pause) 302M->78M(512M) 9.034ms
[2025-12-10T11:40:51.412+0800][gc,cpu      ] GC(11) User=0.06s Sys=0.00s Real=0.01s
[2025-12-10T11:40:51.837+0800][gc,start    ] GC(12) Pause Young (Mixed) (G1 Evacuation Pause)
[2025-12-10T11:40:51.837+0800][gc,task     ] GC(12) Using 8 workers of 8 for evacuation
[2025-12-10T11:40:51.846+0800][gc,phases   ] GC(12)   Pre Evacuate Collection Set: 0.2ms
[2025-12-10T11:40:51.846+0800][gc,phases   ] GC(12)   Merge Heap Roots: 0.1ms
[2025-12-10T11:40:51.846+0800][gc,phases   ] GC(12)   Evacuate Collection Set: 7.9ms
[2025-12-10T11:40:51.846+0800][gc,phases   ] GC(12)   Post Evacuate Collection Set: 0.6ms
[2025-12-10T11:40:51.846+0800][gc,phases   ] GC(12)   Other: 0.0ms
[2025-12-10T11:40:51.846+0800][gc,heap     ] GC(12) Eden regions: 224->0(246)
[2025-12-10T11:40:51.846+0800][gc,heap     ] GC(12) Survivor regions: 32->10(32)
[2025-12-10T11:40:51.846+0800][gc,heap     ] GC(12) Old regions: 47->78
[2025-12-10T11:40:51.846+0800][gc,heap     ] GC(12) Humongous regions: 0->0
[2025-12-10T11:40:51.846+0800][gc,metaspace] GC(12) Metaspace: 75375K(76224K)->75375K(76224K) NonClass: 66041K(66496K)->66041K(66496K) Class: 9333K(9728K)->9333K(9728K)
[2025-12-10T11:40:51.846+0800][gc          ] GC(12) Pause Young (Mixed) (G1 Evacuation Pause) 302M->87M(512M) 8.956ms
[2025-12-10T11:40:51.846+0800][gc,cpu      ] GC(12) User=0.05s Sys=0.01s Real=0.01s
[2025-12-10T11:40:52.096+0800][gc,start    ] GC(13) Pause Young (Normal) (G1 Evacuation Pause)
[2025-12-10T11:40:52.096+0800][gc,task     ] GC(13) Using 8 workers of 8 for evacuation
[2025-12-10T11:40:52.104+0800][gc,phases   ] GC(13)   Pre Evacuate Collection Set: 0.2ms
[2025-12-10T11:40:52.104+0800][gc,phases   ] GC(13)   Merge Heap Roots: 0.1ms
[2025-12-10T11:40:52.104+0800][gc,phases   ] GC(13)   Evacuate Collection Set: 7.1ms
[2025-12-10T11:40:52.104+0800][gc,phases   ] GC(13)   Post Evacuate Collection Set: 0.5ms
[2025-12-10T11:40:52.104+0800][gc,phases   ] GC(13)   Other: 0.0ms
[2025-12-10T11:40:52.104+0800][gc,heap     ] GC(13) Eden regions: 246->0(224)
[2025-12-10T11:40:52.104+0800][gc,heap     ] GC(13) Survivor regions: 10->32(32)
[2025-12-10T11:40:52.104+0800][gc,heap     ] GC(13) Old regions: 78->78
[2025-12-10T11:40:52.104+0800][gc,heap     ] GC(13) Humongous regions: 0->0
[2025-12-10T11:40:52.104+0800][gc,metaspace] GC(13) Metaspace: 75529K(76416K)->75529K(76416K) NonClass: 66175K(66624K)->66175K(66624K) Class: 9353K(9792K)->9353K(9792K)
[2025-12-10T11:40:52.104+0800][gc          ] GC(13) Pause Young (Normal) (G1 Evacuation Pause) 333M->109M(512M) 8.197ms
[2025-12-10T11:40:52.104+0800][gc,cpu      ] GC(13) User=0.05s Sys=0.01s Real=0.01s
[2025-12-10T11:40:52.600+0800][gc,start    ] GC(14) Pause Young (Normal) (G1 Evacuation Pause)
[2025-12-10T11:40:52.600+0800][gc,task     ] GC(14) Using 8 workers of 8 for evacuation
[2025-12-10T11:40:52.609+0800][gc,phases   ] GC(14)   Pre Evacuate Collection Set: 0.2ms
[2025-12-10T11:40:52.609+0800][gc,phases   ] GC(14)   Merge Heap Roots: 0.1ms
[2025-12-10T11:40:52.609+0800][gc,phases   ] GC(14)   Evacuate Collection Set: 8.5ms
[2025-12-10T11:40:52.609+0800][gc,phases   ] GC(14)   Post Evacuate Collection Set: 0.5ms
[2025-12-10T11:40:52.609+0800][gc,phases   ] GC(14)   Other: 0.0ms
[2025-12-10T11:40:52.609+0800][gc,heap     ] GC(14) Eden regions: 224->0(247)
[2025-12-10T11:40:52.609+0800][gc,heap     ] GC(14) Survivor regions: 32->9(32)
[2025-12-10T11:40:52.609+0800][gc,heap     ] GC(14) Old regions: 78->110
[2025-12-10T11:40:52.609+0800][gc,heap     ] GC(14) Humongous regions: 0->0
[2025-12-10T11:40:52.609+0800][gc,metaspace] GC(14) Metaspace: 80534K(81472K)->80534K(81472K) NonClass: 70573K(71104K)->70573K(71104K) Class: 9961K(10368K)->9961K(10368K)
[2025-12-10T11:40:52.609+0800][gc          ] GC(14) Pause Young (Normal) (G1 Evacuation Pause) 333M->118M(512M) 9.407ms
[2025-12-10T11:40:52.609+0800][gc,cpu      ] GC(14) User=0.05s Sys=0.01s Real=0.00s
[2025-12-10T11:40:53.202+0800][gc,start    ] GC(15) Pause Young (Concurrent Start) (G1 Evacuation Pause)
[2025-12-10T11:40:53.202+0800][gc,task     ] GC(15) Using 8 workers of 8 for evacuation
[2025-12-10T11:40:53.207+0800][gc,phases   ] GC(15)   Pre Evacuate Collection Set: 0.2ms
[2025-12-10T11:40:53.207+0800][gc,phases   ] GC(15)   Merge Heap Roots: 0.1ms
[2025-12-10T11:40:53.207+0800][gc,phases   ] GC(15)   Evacuate Collection Set: 4.2ms
[2025-12-10T11:40:53.207+0800][gc,phases   ] GC(15)   Post Evacuate Collection Set: 0.7ms
[2025-12-10T11:40:53.207+0800][gc,phases   ] GC(15)   Other: 0.1ms
[2025-12-10T11:40:53.207+0800][gc,heap     ] GC(15) Eden regions: 247->0(238)
[2025-12-10T11:40:53.207+0800][gc,heap     ] GC(15) Survivor regions: 9->18(32)
[2025-12-10T11:40:53.207+0800][gc,heap     ] GC(15) Old regions: 110->110
[2025-12-10T11:40:53.207+0800][gc,heap     ] GC(15) Humongous regions: 0->0
[2025-12-10T11:40:53.207+0800][gc,metaspace] GC(15) Metaspace: 84306K(85376K)->84306K(85376K) NonClass: 73840K(74432K)->73840K(74432K) Class: 10466K(10944K)->10466K(10944K)
[2025-12-10T11:40:53.207+0800][gc          ] GC(15) Pause Young (Concurrent Start) (G1 Evacuation Pause) 365M->127M(512M) 5.398ms
[2025-12-10T11:40:53.207+0800][gc          ] GC(16) Concurrent Mark Cycle
[2025-12-10T11:40:53.207+0800][gc,marking  ] GC(16) Concurrent Scan Root Regions
[2025-12-10T11:40:53.207+0800][gc,cpu      ] GC(15) User=0.04s Sys=0.01s Real=0.00s
[2025-12-10T11:40:53.212+0800][gc,marking  ] GC(16) Concurrent Scan Root Regions 4.559ms
[2025-12-10T11:40:53.212+0800][gc,marking  ] GC(16) Concurrent Mark
[2025-12-10T11:40:53.212+0800][gc,marking  ] GC(16) Concurrent Mark From Roots
[2025-12-10T11:40:53.212+0800][gc,task     ] GC(16) Using 2 workers of 2 for marking
[2025-12-10T11:40:53.242+0800][gc,marking  ] GC(16) Concurrent Mark From Roots 29.905ms
[2025-12-10T11:40:53.242+0800][gc,marking  ] GC(16) Concurrent Preclean
[2025-12-10T11:40:53.242+0800][gc,marking  ] GC(16) Concurrent Preclean 0.094ms
[2025-12-10T11:40:53.242+0800][gc,start    ] GC(16) Pause Remark
[2025-12-10T11:40:53.245+0800][gc          ] GC(16) Pause Remark 145M->144M(512M) 3.083ms
[2025-12-10T11:40:53.245+0800][gc,cpu      ] GC(16) User=0.02s Sys=0.00s Real=0.00s
[2025-12-10T11:40:53.245+0800][gc,marking  ] GC(16) Concurrent Mark 33.382ms
[2025-12-10T11:40:53.245+0800][gc,marking  ] GC(16) Concurrent Rebuild Remembered Sets and Scrub Regions
[2025-12-10T11:40:53.259+0800][gc,marking  ] GC(16) Concurrent Rebuild Remembered Sets and Scrub Regions 14.136ms
[2025-12-10T11:40:53.259+0800][gc,start    ] GC(16) Pause Cleanup
[2025-12-10T11:40:53.260+0800][gc          ] GC(16) Pause Cleanup 146M->146M(512M) 0.091ms
[2025-12-10T11:40:53.260+0800][gc,cpu      ] GC(16) User=0.00s Sys=0.00s Real=0.01s
[2025-12-10T11:40:53.260+0800][gc,marking  ] GC(16) Concurrent Clear Claimed Marks
[2025-12-10T11:40:53.260+0800][gc,marking  ] GC(16) Concurrent Clear Claimed Marks 0.060ms
[2025-12-10T11:40:53.260+0800][gc,marking  ] GC(16) Concurrent Cleanup for Next Mark
[2025-12-10T11:40:53.260+0800][gc,marking  ] GC(16) Concurrent Cleanup for Next Mark 0.250ms
[2025-12-10T11:40:53.260+0800][gc          ] GC(16) Concurrent Mark Cycle 52.784ms
[2025-12-10T13:19:23.137+0800][gc,start    ] GC(17) Pause Young (Prepare Mixed) (G1 Evacuation Pause)
[2025-12-10T13:19:23.138+0800][gc,task     ] GC(17) Using 8 workers of 8 for evacuation
[2025-12-10T13:19:23.263+0800][gc,phases   ] GC(17)   Pre Evacuate Collection Set: 1.1ms
[2025-12-10T13:19:23.263+0800][gc,phases   ] GC(17)   Merge Heap Roots: 0.3ms
[2025-12-10T13:19:23.263+0800][gc,phases   ] GC(17)   Evacuate Collection Set: 115.2ms
[2025-12-10T13:19:23.263+0800][gc,phases   ] GC(17)   Post Evacuate Collection Set: 8.4ms
[2025-12-10T13:19:23.263+0800][gc,phases   ] GC(17)   Other: 0.1ms
[2025-12-10T13:19:23.263+0800][gc,heap     ] GC(17) Eden regions: 238->0(237)
[2025-12-10T13:19:23.263+0800][gc,heap     ] GC(17) Survivor regions: 18->19(32)
[2025-12-10T13:19:23.263+0800][gc,heap     ] GC(17) Old regions: 109->115
[2025-12-10T13:19:23.263+0800][gc,heap     ] GC(17) Humongous regions: 0->0
[2025-12-10T13:19:23.263+0800][gc,metaspace] GC(17) Metaspace: 89807K(91008K)->89807K(91008K) NonClass: 78976K(79616K)->78976K(79616K) Class: 10831K(11392K)->10831K(11392K)
[2025-12-10T13:19:23.263+0800][gc          ] GC(17) Pause Young (Prepare Mixed) (G1 Evacuation Pause) 364M->133M(512M) 125.678ms
[2025-12-10T13:19:23.263+0800][gc,cpu      ] GC(17) User=0.05s Sys=0.10s Real=0.13s
[2025-12-10T14:28:38.384+0800][gc,start    ] GC(18) Pause Young (Mixed) (G1 Evacuation Pause)
[2025-12-10T14:28:38.386+0800][gc,task     ] GC(18) Using 8 workers of 8 for evacuation
[2025-12-10T14:28:38.445+0800][gc,phases   ] GC(18)   Pre Evacuate Collection Set: 2.1ms
[2025-12-10T14:28:38.445+0800][gc,phases   ] GC(18)   Merge Heap Roots: 0.3ms
[2025-12-10T14:28:38.445+0800][gc,phases   ] GC(18)   Evacuate Collection Set: 53.3ms
[2025-12-10T14:28:38.445+0800][gc,phases   ] GC(18)   Post Evacuate Collection Set: 2.3ms
[2025-12-10T14:28:38.445+0800][gc,phases   ] GC(18)   Other: 0.5ms
[2025-12-10T14:28:38.445+0800][gc,heap     ] GC(18) Eden regions: 237->0(245)
[2025-12-10T14:28:38.445+0800][gc,heap     ] GC(18) Survivor regions: 19->11(32)
[2025-12-10T14:28:38.445+0800][gc,heap     ] GC(18) Old regions: 115->123
[2025-12-10T14:28:38.445+0800][gc,heap     ] GC(18) Humongous regions: 0->0
[2025-12-10T14:28:38.445+0800][gc,metaspace] GC(18) Metaspace: 90099K(91392K)->90099K(91392K) NonClass: 79259K(79936K)->79259K(79936K) Class: 10840K(11456K)->10840K(11456K)
[2025-12-10T14:28:38.445+0800][gc          ] GC(18) Pause Young (Mixed) (G1 Evacuation Pause) 370M->133M(512M) 60.515ms
[2025-12-10T14:28:38.445+0800][gc,cpu      ] GC(18) User=0.06s Sys=0.19s Real=0.06s
[2025-12-10T15:42:51.619+0800][gc,start    ] GC(19) Pause Young (Mixed) (G1 Evacuation Pause)
[2025-12-10T15:42:51.620+0800][gc,task     ] GC(19) Using 8 workers of 8 for evacuation
[2025-12-10T15:42:51.640+0800][gc,phases   ] GC(19)   Pre Evacuate Collection Set: 0.7ms
[2025-12-10T15:42:51.640+0800][gc,phases   ] GC(19)   Merge Heap Roots: 0.1ms
[2025-12-10T15:42:51.640+0800][gc,phases   ] GC(19)   Evacuate Collection Set: 17.6ms
[2025-12-10T15:42:51.640+0800][gc,phases   ] GC(19)   Post Evacuate Collection Set: 1.7ms
[2025-12-10T15:42:51.640+0800][gc,phases   ] GC(19)   Other: 0.1ms
[2025-12-10T15:42:51.640+0800][gc,heap     ] GC(19) Eden regions: 245->0(244)
[2025-12-10T15:42:51.640+0800][gc,heap     ] GC(19) Survivor regions: 11->12(32)
[2025-12-10T15:42:51.640+0800][gc,heap     ] GC(19) Old regions: 123->122
[2025-12-10T15:42:51.640+0800][gc,heap     ] GC(19) Humongous regions: 0->0
[2025-12-10T15:42:51.640+0800][gc,metaspace] GC(19) Metaspace: 90228K(91520K)->90228K(91520K) NonClass: 79383K(80064K)->79383K(80064K) Class: 10844K(11456K)->10844K(11456K)
[2025-12-10T15:42:51.640+0800][gc          ] GC(19) Pause Young (Mixed) (G1 Evacuation Pause) 378M->133M(512M) 21.562ms
[2025-12-10T15:42:51.641+0800][gc,cpu      ] GC(19) User=0.03s Sys=0.06s Real=0.03s
[2025-12-10T16:57:16.931+0800][gc,start    ] GC(20) Pause Young (Mixed) (G1 Evacuation Pause)
[2025-12-10T16:57:16.933+0800][gc,task     ] GC(20) Using 8 workers of 8 for evacuation
[2025-12-10T16:57:16.972+0800][gc,phases   ] GC(20)   Pre Evacuate Collection Set: 2.7ms
[2025-12-10T16:57:16.972+0800][gc,phases   ] GC(20)   Merge Heap Roots: 0.3ms
[2025-12-10T16:57:16.972+0800][gc,phases   ] GC(20)   Evacuate Collection Set: 34.9ms
[2025-12-10T16:57:16.972+0800][gc,phases   ] GC(20)   Post Evacuate Collection Set: 1.6ms
[2025-12-10T16:57:16.972+0800][gc,phases   ] GC(20)   Other: 0.2ms
[2025-12-10T16:57:16.972+0800][gc,heap     ] GC(20) Eden regions: 244->0(245)
[2025-12-10T16:57:16.972+0800][gc,heap     ] GC(20) Survivor regions: 12->11(32)
[2025-12-10T16:57:16.972+0800][gc,heap     ] GC(20) Old regions: 122->121
[2025-12-10T16:57:16.972+0800][gc,heap     ] GC(20) Humongous regions: 0->0
[2025-12-10T16:57:16.972+0800][gc,metaspace] GC(20) Metaspace: 90282K(91584K)->90282K(91584K) NonClass: 79437K(80128K)->79437K(80128K) Class: 10844K(11456K)->10844K(11456K)
[2025-12-10T16:57:16.973+0800][gc          ] GC(20) Pause Young (Mixed) (G1 Evacuation Pause) 377M->131M(512M) 41.143ms
[2025-12-10T16:57:16.973+0800][gc,cpu      ] GC(20) User=0.03s Sys=0.09s Real=0.04s
[2025-12-10T18:06:38.653+0800][gc,heap,exit] Heap
[2025-12-10T18:06:38.653+0800][gc,heap,exit]  garbage-first heap   total 524288K, used 383625K [0x00000007e0000000, 0x0000000800000000)
[2025-12-10T18:06:38.653+0800][gc,heap,exit]   region size 1024K, 254 young (260096K), 11 survivors (11264K)
[2025-12-10T18:06:38.654+0800][gc,heap,exit]  Metaspace       used 90682K, committed 91904K, reserved 1179648K
[2025-12-10T18:06:38.654+0800][gc,heap,exit]   class space    used 10896K, committed 11456K, reserved 1048576K
