[2025-12-08T08:51:05.095+0800][gc,init] CardTable entry size: 512
[2025-12-08T08:51:05.096+0800][gc     ] Using G1
[2025-12-08T08:51:05.096+0800][gc,init] Version: 21.0.8+12-LTS-250 (release)
[2025-12-08T08:51:05.096+0800][gc,init] CPUs: 8 total, 8 available
[2025-12-08T08:51:05.096+0800][gc,init] Memory: 16384M
[2025-12-08T08:51:05.096+0800][gc,init] Large Page Support: Disabled
[2025-12-08T08:51:05.096+0800][gc,init] NUMA Support: Disabled
[2025-12-08T08:51:05.096+0800][gc,init] Compressed Oops: Enabled (Zero based)
[2025-12-08T08:51:05.096+0800][gc,init] Heap Region Size: 1M
[2025-12-08T08:51:05.096+0800][gc,init] Heap Min Capacity: 512M
[2025-12-08T08:51:05.096+0800][gc,init] Heap Initial Capacity: 512M
[2025-12-08T08:51:05.096+0800][gc,init] Heap Max Capacity: 512M
[2025-12-08T08:51:05.096+0800][gc,init] Pre-touch: Disabled
[2025-12-08T08:51:05.096+0800][gc,init] Parallel Workers: 8
[2025-12-08T08:51:05.096+0800][gc,init] Concurrent Workers: 2
[2025-12-08T08:51:05.096+0800][gc,init] Concurrent Refinement Workers: 8
[2025-12-08T08:51:05.096+0800][gc,init] Periodic GC: Disabled
[2025-12-08T08:51:05.100+0800][gc,metaspace] CDS archive(s) mapped at: [0x0000007800000000-0x0000007800ca8000-0x0000007800ca8000), size 13271040, SharedBaseAddress: 0x0000007800000000, ArchiveRelocationMode: 1.
[2025-12-08T08:51:05.100+0800][gc,metaspace] Compressed class space mapped at: 0x0000007801000000-0x0000007841000000, reserved size: 1073741824
[2025-12-08T08:51:05.100+0800][gc,metaspace] Narrow klass base: 0x0000007800000000, Narrow klass shift: 0, Narrow klass range: 0x100000000
[2025-12-08T08:51:06.078+0800][gc,start    ] GC(0) Pause Young (Normal) (G1 Evacuation Pause)
[2025-12-08T08:51:06.079+0800][gc,task     ] GC(0) Using 8 workers of 8 for evacuation
[2025-12-08T08:51:06.084+0800][gc,phases   ] GC(0)   Pre Evacuate Collection Set: 0.2ms
[2025-12-08T08:51:06.084+0800][gc,phases   ] GC(0)   Merge Heap Roots: 0.1ms
[2025-12-08T08:51:06.084+0800][gc,phases   ] GC(0)   Evacuate Collection Set: 4.2ms
[2025-12-08T08:51:06.084+0800][gc,phases   ] GC(0)   Post Evacuate Collection Set: 0.5ms
[2025-12-08T08:51:06.084+0800][gc,phases   ] GC(0)   Other: 0.4ms
[2025-12-08T08:51:06.084+0800][gc,heap     ] GC(0) Eden regions: 256->0(245)
[2025-12-08T08:51:06.084+0800][gc,heap     ] GC(0) Survivor regions: 0->11(32)
[2025-12-08T08:51:06.084+0800][gc,heap     ] GC(0) Old regions: 2->2
[2025-12-08T08:51:06.084+0800][gc,heap     ] GC(0) Humongous regions: 0->0
[2025-12-08T08:51:06.084+0800][gc,metaspace] GC(0) Metaspace: 15667K(16128K)->15667K(16128K) NonClass: 13819K(14080K)->13819K(14080K) Class: 1848K(2048K)->1848K(2048K)
[2025-12-08T08:51:06.084+0800][gc          ] GC(0) Pause Young (Normal) (G1 Evacuation Pause) 257M->11M(512M) 6.068ms
[2025-12-08T08:51:06.084+0800][gc,cpu      ] GC(0) User=0.02s Sys=0.01s Real=0.01s
[2025-12-08T08:51:06.279+0800][gc,start    ] GC(1) Pause Young (Concurrent Start) (Metadata GC Threshold)
[2025-12-08T08:51:06.279+0800][gc,task     ] GC(1) Using 8 workers of 8 for evacuation
[2025-12-08T08:51:06.283+0800][gc,phases   ] GC(1)   Pre Evacuate Collection Set: 0.1ms
[2025-12-08T08:51:06.283+0800][gc,phases   ] GC(1)   Merge Heap Roots: 0.1ms
[2025-12-08T08:51:06.283+0800][gc,phases   ] GC(1)   Evacuate Collection Set: 3.4ms
[2025-12-08T08:51:06.283+0800][gc,phases   ] GC(1)   Post Evacuate Collection Set: 0.4ms
[2025-12-08T08:51:06.283+0800][gc,phases   ] GC(1)   Other: 0.0ms
[2025-12-08T08:51:06.283+0800][gc,heap     ] GC(1) Eden regions: 138->0(236)
[2025-12-08T08:51:06.283+0800][gc,heap     ] GC(1) Survivor regions: 11->20(32)
[2025-12-08T08:51:06.283+0800][gc,heap     ] GC(1) Old regions: 2->2
[2025-12-08T08:51:06.283+0800][gc,heap     ] GC(1) Humongous regions: 0->0
[2025-12-08T08:51:06.283+0800][gc,metaspace] GC(1) Metaspace: 21087K(21504K)->21087K(21504K) NonClass: 18538K(18752K)->18538K(18752K) Class: 2548K(2752K)->2548K(2752K)
[2025-12-08T08:51:06.283+0800][gc          ] GC(1) Pause Young (Concurrent Start) (Metadata GC Threshold) 149M->20M(512M) 4.262ms
[2025-12-08T08:51:06.283+0800][gc          ] GC(2) Concurrent Mark Cycle
[2025-12-08T08:51:06.283+0800][gc,cpu      ] GC(1) User=0.03s Sys=0.00s Real=0.01s
[2025-12-08T08:51:06.283+0800][gc,marking  ] GC(2) Concurrent Scan Root Regions
[2025-12-08T08:51:06.286+0800][gc,marking  ] GC(2) Concurrent Scan Root Regions 2.767ms
[2025-12-08T08:51:06.286+0800][gc,marking  ] GC(2) Concurrent Mark
[2025-12-08T08:51:06.286+0800][gc,marking  ] GC(2) Concurrent Mark From Roots
[2025-12-08T08:51:06.286+0800][gc,task     ] GC(2) Using 2 workers of 2 for marking
[2025-12-08T08:51:06.288+0800][gc,marking  ] GC(2) Concurrent Mark From Roots 1.288ms
[2025-12-08T08:51:06.288+0800][gc,marking  ] GC(2) Concurrent Preclean
[2025-12-08T08:51:06.288+0800][gc,marking  ] GC(2) Concurrent Preclean 0.006ms
[2025-12-08T08:51:06.288+0800][gc,start    ] GC(2) Pause Remark
[2025-12-08T08:51:06.289+0800][gc          ] GC(2) Pause Remark 22M->22M(512M) 1.239ms
[2025-12-08T08:51:06.289+0800][gc,cpu      ] GC(2) User=0.01s Sys=0.00s Real=0.00s
[2025-12-08T08:51:06.289+0800][gc,marking  ] GC(2) Concurrent Mark 2.669ms
[2025-12-08T08:51:06.289+0800][gc,marking  ] GC(2) Concurrent Rebuild Remembered Sets and Scrub Regions
[2025-12-08T08:51:06.289+0800][gc,marking  ] GC(2) Concurrent Rebuild Remembered Sets and Scrub Regions 0.363ms
[2025-12-08T08:51:06.289+0800][gc,start    ] GC(2) Pause Cleanup
[2025-12-08T08:51:06.289+0800][gc          ] GC(2) Pause Cleanup 22M->22M(512M) 0.056ms
[2025-12-08T08:51:06.289+0800][gc,cpu      ] GC(2) User=0.00s Sys=0.00s Real=0.00s
[2025-12-08T08:51:06.289+0800][gc,marking  ] GC(2) Concurrent Clear Claimed Marks
[2025-12-08T08:51:06.289+0800][gc,marking  ] GC(2) Concurrent Clear Claimed Marks 0.017ms
[2025-12-08T08:51:06.289+0800][gc,marking  ] GC(2) Concurrent Cleanup for Next Mark
[2025-12-08T08:51:06.290+0800][gc,marking  ] GC(2) Concurrent Cleanup for Next Mark 0.901ms
[2025-12-08T08:51:06.290+0800][gc          ] GC(2) Concurrent Mark Cycle 6.943ms
[2025-12-08T08:51:06.666+0800][gc,start    ] GC(3) Pause Young (Prepare Mixed) (G1 Evacuation Pause)
[2025-12-08T08:51:06.666+0800][gc,task     ] GC(3) Using 8 workers of 8 for evacuation
[2025-12-08T08:51:06.681+0800][gc,phases   ] GC(3)   Pre Evacuate Collection Set: 0.2ms
[2025-12-08T08:51:06.681+0800][gc,phases   ] GC(3)   Merge Heap Roots: 0.1ms
[2025-12-08T08:51:06.681+0800][gc,phases   ] GC(3)   Evacuate Collection Set: 13.2ms
[2025-12-08T08:51:06.681+0800][gc,phases   ] GC(3)   Post Evacuate Collection Set: 1.1ms
[2025-12-08T08:51:06.681+0800][gc,phases   ] GC(3)   Other: 0.1ms
[2025-12-08T08:51:06.681+0800][gc,heap     ] GC(3) Eden regions: 236->0(224)
[2025-12-08T08:51:06.681+0800][gc,heap     ] GC(3) Survivor regions: 20->32(32)
[2025-12-08T08:51:06.681+0800][gc,heap     ] GC(3) Old regions: 2->13
[2025-12-08T08:51:06.681+0800][gc,heap     ] GC(3) Humongous regions: 0->0
[2025-12-08T08:51:06.681+0800][gc,metaspace] GC(3) Metaspace: 21447K(21952K)->21447K(21952K) NonClass: 18848K(19136K)->18848K(19136K) Class: 2599K(2816K)->2599K(2816K)
[2025-12-08T08:51:06.681+0800][gc          ] GC(3) Pause Young (Prepare Mixed) (G1 Evacuation Pause) 256M->42M(512M) 14.824ms
[2025-12-08T08:51:06.681+0800][gc,cpu      ] GC(3) User=0.07s Sys=0.01s Real=0.02s
[2025-12-08T08:51:07.191+0800][gc,start    ] GC(4) Pause Young (Mixed) (G1 Evacuation Pause)
[2025-12-08T08:51:07.191+0800][gc,task     ] GC(4) Using 8 workers of 8 for evacuation
[2025-12-08T08:51:07.198+0800][gc,phases   ] GC(4)   Pre Evacuate Collection Set: 0.1ms
[2025-12-08T08:51:07.198+0800][gc,phases   ] GC(4)   Merge Heap Roots: 0.1ms
[2025-12-08T08:51:07.198+0800][gc,phases   ] GC(4)   Evacuate Collection Set: 7.0ms
[2025-12-08T08:51:07.198+0800][gc,phases   ] GC(4)   Post Evacuate Collection Set: 0.4ms
[2025-12-08T08:51:07.198+0800][gc,phases   ] GC(4)   Other: 0.0ms
[2025-12-08T08:51:07.198+0800][gc,heap     ] GC(4) Eden regions: 224->0(249)
[2025-12-08T08:51:07.198+0800][gc,heap     ] GC(4) Survivor regions: 32->7(32)
[2025-12-08T08:51:07.198+0800][gc,heap     ] GC(4) Old regions: 13->43
[2025-12-08T08:51:07.198+0800][gc,heap     ] GC(4) Humongous regions: 0->0
[2025-12-08T08:51:07.198+0800][gc,metaspace] GC(4) Metaspace: 27376K(27840K)->27376K(27840K) NonClass: 24072K(24320K)->24072K(24320K) Class: 3303K(3520K)->3303K(3520K)
[2025-12-08T08:51:07.198+0800][gc          ] GC(4) Pause Young (Mixed) (G1 Evacuation Pause) 266M->49M(512M) 7.850ms
[2025-12-08T08:51:07.198+0800][gc,cpu      ] GC(4) User=0.05s Sys=0.01s Real=0.00s
[2025-12-08T08:51:07.542+0800][gc,start    ] GC(5) Pause Young (Concurrent Start) (Metadata GC Threshold)
[2025-12-08T08:51:07.542+0800][gc,task     ] GC(5) Using 8 workers of 8 for evacuation
[2025-12-08T08:51:07.544+0800][gc,phases   ] GC(5)   Pre Evacuate Collection Set: 0.1ms
[2025-12-08T08:51:07.544+0800][gc,phases   ] GC(5)   Merge Heap Roots: 0.1ms
[2025-12-08T08:51:07.544+0800][gc,phases   ] GC(5)   Evacuate Collection Set: 1.9ms
[2025-12-08T08:51:07.544+0800][gc,phases   ] GC(5)   Post Evacuate Collection Set: 0.3ms
[2025-12-08T08:51:07.544+0800][gc,phases   ] GC(5)   Other: 0.0ms
[2025-12-08T08:51:07.544+0800][gc,heap     ] GC(5) Eden regions: 124->0(248)
[2025-12-08T08:51:07.544+0800][gc,heap     ] GC(5) Survivor regions: 7->8(32)
[2025-12-08T08:51:07.544+0800][gc,heap     ] GC(5) Old regions: 43->43
[2025-12-08T08:51:07.544+0800][gc,heap     ] GC(5) Humongous regions: 0->0
[2025-12-08T08:51:07.544+0800][gc,metaspace] GC(5) Metaspace: 35527K(35968K)->35527K(35968K) NonClass: 31165K(31424K)->31165K(31424K) Class: 4362K(4544K)->4362K(4544K)
[2025-12-08T08:51:07.544+0800][gc          ] GC(5) Pause Young (Concurrent Start) (Metadata GC Threshold) 173M->50M(512M) 2.463ms
[2025-12-08T08:51:07.544+0800][gc          ] GC(6) Concurrent Mark Cycle
[2025-12-08T08:51:07.544+0800][gc,cpu      ] GC(5) User=0.01s Sys=0.01s Real=0.00s
[2025-12-08T08:51:07.544+0800][gc,marking  ] GC(6) Concurrent Scan Root Regions
[2025-12-08T08:51:07.546+0800][gc,marking  ] GC(6) Concurrent Scan Root Regions 1.904ms
[2025-12-08T08:51:07.546+0800][gc,marking  ] GC(6) Concurrent Mark
[2025-12-08T08:51:07.546+0800][gc,marking  ] GC(6) Concurrent Mark From Roots
[2025-12-08T08:51:07.546+0800][gc,task     ] GC(6) Using 2 workers of 2 for marking
[2025-12-08T08:51:07.562+0800][gc,marking  ] GC(6) Concurrent Mark From Roots 15.234ms
[2025-12-08T08:51:07.562+0800][gc,marking  ] GC(6) Concurrent Preclean
[2025-12-08T08:51:07.562+0800][gc,marking  ] GC(6) Concurrent Preclean 0.071ms
[2025-12-08T08:51:07.562+0800][gc,start    ] GC(6) Pause Remark
[2025-12-08T08:51:07.565+0800][gc          ] GC(6) Pause Remark 52M->52M(512M) 2.289ms
[2025-12-08T08:51:07.565+0800][gc,cpu      ] GC(6) User=0.01s Sys=0.00s Real=0.00s
[2025-12-08T08:51:07.565+0800][gc,marking  ] GC(6) Concurrent Mark 18.403ms
[2025-12-08T08:51:07.565+0800][gc,marking  ] GC(6) Concurrent Rebuild Remembered Sets and Scrub Regions
[2025-12-08T08:51:07.571+0800][gc,marking  ] GC(6) Concurrent Rebuild Remembered Sets and Scrub Regions 5.954ms
[2025-12-08T08:51:07.571+0800][gc,start    ] GC(6) Pause Cleanup
[2025-12-08T08:51:07.571+0800][gc          ] GC(6) Pause Cleanup 52M->52M(512M) 0.075ms
[2025-12-08T08:51:07.571+0800][gc,cpu      ] GC(6) User=0.00s Sys=0.00s Real=0.00s
[2025-12-08T08:51:07.571+0800][gc,marking  ] GC(6) Concurrent Clear Claimed Marks
[2025-12-08T08:51:07.571+0800][gc,marking  ] GC(6) Concurrent Clear Claimed Marks 0.033ms
[2025-12-08T08:51:07.571+0800][gc,marking  ] GC(6) Concurrent Cleanup for Next Mark
[2025-12-08T08:51:07.571+0800][gc,marking  ] GC(6) Concurrent Cleanup for Next Mark 0.475ms
[2025-12-08T08:51:07.571+0800][gc          ] GC(6) Concurrent Mark Cycle 27.067ms
[2025-12-08T08:51:08.399+0800][gc,start    ] GC(7) Pause Young (Prepare Mixed) (G1 Evacuation Pause)
[2025-12-08T08:51:08.399+0800][gc,task     ] GC(7) Using 8 workers of 8 for evacuation
[2025-12-08T08:51:08.405+0800][gc,phases   ] GC(7)   Pre Evacuate Collection Set: 0.2ms
[2025-12-08T08:51:08.405+0800][gc,phases   ] GC(7)   Merge Heap Roots: 0.1ms
[2025-12-08T08:51:08.405+0800][gc,phases   ] GC(7)   Evacuate Collection Set: 4.4ms
[2025-12-08T08:51:08.405+0800][gc,phases   ] GC(7)   Post Evacuate Collection Set: 0.7ms
[2025-12-08T08:51:08.405+0800][gc,phases   ] GC(7)   Other: 0.0ms
[2025-12-08T08:51:08.405+0800][gc,heap     ] GC(7) Eden regions: 248->0(239)
[2025-12-08T08:51:08.405+0800][gc,heap     ] GC(7) Survivor regions: 8->17(32)
[2025-12-08T08:51:08.405+0800][gc,heap     ] GC(7) Old regions: 43->43
[2025-12-08T08:51:08.405+0800][gc,heap     ] GC(7) Humongous regions: 0->0
[2025-12-08T08:51:08.405+0800][gc,metaspace] GC(7) Metaspace: 53051K(53632K)->53051K(53632K) NonClass: 46586K(46912K)->46586K(46912K) Class: 6465K(6720K)->6465K(6720K)
[2025-12-08T08:51:08.405+0800][gc          ] GC(7) Pause Young (Prepare Mixed) (G1 Evacuation Pause) 298M->59M(512M) 5.484ms
[2025-12-08T08:51:08.405+0800][gc,cpu      ] GC(7) User=0.03s Sys=0.01s Real=0.01s
[2025-12-08T08:51:08.670+0800][gc,start    ] GC(8) Pause Young (Mixed) (Metadata GC Threshold)
[2025-12-08T08:51:08.670+0800][gc,task     ] GC(8) Using 8 workers of 8 for evacuation
[2025-12-08T08:51:08.675+0800][gc,phases   ] GC(8)   Pre Evacuate Collection Set: 0.1ms
[2025-12-08T08:51:08.675+0800][gc,phases   ] GC(8)   Merge Heap Roots: 0.1ms
[2025-12-08T08:51:08.675+0800][gc,phases   ] GC(8)   Evacuate Collection Set: 4.5ms
[2025-12-08T08:51:08.675+0800][gc,phases   ] GC(8)   Post Evacuate Collection Set: 0.3ms
[2025-12-08T08:51:08.676+0800][gc,phases   ] GC(8)   Other: 0.0ms
[2025-12-08T08:51:08.676+0800][gc,heap     ] GC(8) Eden regions: 87->0(241)
[2025-12-08T08:51:08.676+0800][gc,heap     ] GC(8) Survivor regions: 17->15(32)
[2025-12-08T08:51:08.676+0800][gc,heap     ] GC(8) Old regions: 43->47
[2025-12-08T08:51:08.676+0800][gc,heap     ] GC(8) Humongous regions: 0->0
[2025-12-08T08:51:08.676+0800][gc,metaspace] GC(8) Metaspace: 60464K(61056K)->60464K(61056K) NonClass: 53192K(53504K)->53192K(53504K) Class: 7271K(7552K)->7271K(7552K)
[2025-12-08T08:51:08.676+0800][gc          ] GC(8) Pause Young (Mixed) (Metadata GC Threshold) 145M->61M(512M) 5.229ms
[2025-12-08T08:51:08.676+0800][gc,cpu      ] GC(8) User=0.03s Sys=0.00s Real=0.00s
[2025-12-08T08:51:08.684+0800][gc,start    ] GC(9) Pause Young (Concurrent Start) (Metadata GC Threshold)
[2025-12-08T08:51:08.684+0800][gc,task     ] GC(9) Using 8 workers of 8 for evacuation
[2025-12-08T08:51:08.688+0800][gc,phases   ] GC(9)   Pre Evacuate Collection Set: 0.2ms
[2025-12-08T08:51:08.688+0800][gc,phases   ] GC(9)   Merge Heap Roots: 0.1ms
[2025-12-08T08:51:08.688+0800][gc,phases   ] GC(9)   Evacuate Collection Set: 3.1ms
[2025-12-08T08:51:08.688+0800][gc,phases   ] GC(9)   Post Evacuate Collection Set: 0.3ms
[2025-12-08T08:51:08.688+0800][gc,phases   ] GC(9)   Other: 0.0ms
[2025-12-08T08:51:08.688+0800][gc,heap     ] GC(9) Eden regions: 3->0(240)
[2025-12-08T08:51:08.688+0800][gc,heap     ] GC(9) Survivor regions: 15->16(32)
[2025-12-08T08:51:08.688+0800][gc,heap     ] GC(9) Old regions: 47->47
[2025-12-08T08:51:08.688+0800][gc,heap     ] GC(9) Humongous regions: 0->0
[2025-12-08T08:51:08.688+0800][gc,metaspace] GC(9) Metaspace: 60696K(61376K)->60696K(61376K) NonClass: 53392K(53760K)->53392K(53760K) Class: 7304K(7616K)->7304K(7616K)
[2025-12-08T08:51:08.688+0800][gc          ] GC(9) Pause Young (Concurrent Start) (Metadata GC Threshold) 63M->61M(512M) 3.771ms
[2025-12-08T08:51:08.688+0800][gc          ] GC(10) Concurrent Mark Cycle
[2025-12-08T08:51:08.688+0800][gc,cpu      ] GC(9) User=0.02s Sys=0.01s Real=0.00s
[2025-12-08T08:51:08.688+0800][gc,marking  ] GC(10) Concurrent Scan Root Regions
[2025-12-08T08:51:08.691+0800][gc,marking  ] GC(10) Concurrent Scan Root Regions 3.111ms
[2025-12-08T08:51:08.691+0800][gc,marking  ] GC(10) Concurrent Mark
[2025-12-08T08:51:08.691+0800][gc,marking  ] GC(10) Concurrent Mark From Roots
[2025-12-08T08:51:08.691+0800][gc,task     ] GC(10) Using 2 workers of 2 for marking
[2025-12-08T08:51:08.709+0800][gc,marking  ] GC(10) Concurrent Mark From Roots 17.224ms
[2025-12-08T08:51:08.709+0800][gc,marking  ] GC(10) Concurrent Preclean
[2025-12-08T08:51:08.709+0800][gc,marking  ] GC(10) Concurrent Preclean 0.094ms
[2025-12-08T08:51:08.709+0800][gc,start    ] GC(10) Pause Remark
[2025-12-08T08:51:08.712+0800][gc          ] GC(10) Pause Remark 67M->67M(512M) 2.742ms
[2025-12-08T08:51:08.712+0800][gc,cpu      ] GC(10) User=0.01s Sys=0.00s Real=0.01s
[2025-12-08T08:51:08.712+0800][gc,marking  ] GC(10) Concurrent Mark 20.221ms
[2025-12-08T08:51:08.712+0800][gc,marking  ] GC(10) Concurrent Rebuild Remembered Sets and Scrub Regions
[2025-12-08T08:51:08.719+0800][gc,marking  ] GC(10) Concurrent Rebuild Remembered Sets and Scrub Regions 6.938ms
[2025-12-08T08:51:08.719+0800][gc,start    ] GC(10) Pause Cleanup
[2025-12-08T08:51:08.719+0800][gc          ] GC(10) Pause Cleanup 68M->68M(512M) 0.092ms
[2025-12-08T08:51:08.719+0800][gc,cpu      ] GC(10) User=0.00s Sys=0.00s Real=0.00s
[2025-12-08T08:51:08.719+0800][gc,marking  ] GC(10) Concurrent Clear Claimed Marks
[2025-12-08T08:51:08.719+0800][gc,marking  ] GC(10) Concurrent Clear Claimed Marks 0.038ms
[2025-12-08T08:51:08.719+0800][gc,marking  ] GC(10) Concurrent Cleanup for Next Mark
[2025-12-08T08:51:08.719+0800][gc,marking  ] GC(10) Concurrent Cleanup for Next Mark 0.241ms
[2025-12-08T08:51:08.719+0800][gc          ] GC(10) Concurrent Mark Cycle 30.883ms
[2025-12-08T08:51:09.777+0800][gc,start    ] GC(11) Pause Young (Prepare Mixed) (G1 Evacuation Pause)
[2025-12-08T08:51:09.777+0800][gc,task     ] GC(11) Using 8 workers of 8 for evacuation
[2025-12-08T08:51:09.784+0800][gc,phases   ] GC(11)   Pre Evacuate Collection Set: 0.2ms
[2025-12-08T08:51:09.784+0800][gc,phases   ] GC(11)   Merge Heap Roots: 0.1ms
[2025-12-08T08:51:09.784+0800][gc,phases   ] GC(11)   Evacuate Collection Set: 6.5ms
[2025-12-08T08:51:09.784+0800][gc,phases   ] GC(11)   Post Evacuate Collection Set: 0.6ms
[2025-12-08T08:51:09.784+0800][gc,phases   ] GC(11)   Other: 0.0ms
[2025-12-08T08:51:09.784+0800][gc,heap     ] GC(11) Eden regions: 240->0(224)
[2025-12-08T08:51:09.784+0800][gc,heap     ] GC(11) Survivor regions: 16->32(32)
[2025-12-08T08:51:09.784+0800][gc,heap     ] GC(11) Old regions: 47->47
[2025-12-08T08:51:09.784+0800][gc,heap     ] GC(11) Humongous regions: 0->0
[2025-12-08T08:51:09.784+0800][gc,metaspace] GC(11) Metaspace: 71165K(72000K)->71165K(72000K) NonClass: 62515K(62976K)->62515K(62976K) Class: 8650K(9024K)->8650K(9024K)
[2025-12-08T08:51:09.784+0800][gc          ] GC(11) Pause Young (Prepare Mixed) (G1 Evacuation Pause) 301M->78M(512M) 7.502ms
[2025-12-08T08:51:09.784+0800][gc,cpu      ] GC(11) User=0.05s Sys=0.00s Real=0.01s
[2025-12-08T08:51:10.213+0800][gc,start    ] GC(12) Pause Young (Mixed) (G1 Evacuation Pause)
[2025-12-08T08:51:10.213+0800][gc,task     ] GC(12) Using 8 workers of 8 for evacuation
[2025-12-08T08:51:10.222+0800][gc,phases   ] GC(12)   Pre Evacuate Collection Set: 0.2ms
[2025-12-08T08:51:10.222+0800][gc,phases   ] GC(12)   Merge Heap Roots: 0.1ms
[2025-12-08T08:51:10.222+0800][gc,phases   ] GC(12)   Evacuate Collection Set: 8.2ms
[2025-12-08T08:51:10.222+0800][gc,phases   ] GC(12)   Post Evacuate Collection Set: 0.6ms
[2025-12-08T08:51:10.223+0800][gc,phases   ] GC(12)   Other: 0.0ms
[2025-12-08T08:51:10.223+0800][gc,heap     ] GC(12) Eden regions: 224->0(247)
[2025-12-08T08:51:10.223+0800][gc,heap     ] GC(12) Survivor regions: 32->9(32)
[2025-12-08T08:51:10.223+0800][gc,heap     ] GC(12) Old regions: 47->77
[2025-12-08T08:51:10.223+0800][gc,heap     ] GC(12) Humongous regions: 0->0
[2025-12-08T08:51:10.223+0800][gc,metaspace] GC(12) Metaspace: 75380K(76288K)->75380K(76288K) NonClass: 66049K(66560K)->66049K(66560K) Class: 9331K(9728K)->9331K(9728K)
[2025-12-08T08:51:10.223+0800][gc          ] GC(12) Pause Young (Mixed) (G1 Evacuation Pause) 302M->86M(512M) 9.188ms
[2025-12-08T08:51:10.223+0800][gc,cpu      ] GC(12) User=0.05s Sys=0.01s Real=0.01s
[2025-12-08T08:51:10.476+0800][gc,start    ] GC(13) Pause Young (Normal) (G1 Evacuation Pause)
[2025-12-08T08:51:10.476+0800][gc,task     ] GC(13) Using 8 workers of 8 for evacuation
[2025-12-08T08:51:10.483+0800][gc,phases   ] GC(13)   Pre Evacuate Collection Set: 0.2ms
[2025-12-08T08:51:10.483+0800][gc,phases   ] GC(13)   Merge Heap Roots: 0.1ms
[2025-12-08T08:51:10.483+0800][gc,phases   ] GC(13)   Evacuate Collection Set: 6.4ms
[2025-12-08T08:51:10.483+0800][gc,phases   ] GC(13)   Post Evacuate Collection Set: 0.6ms
[2025-12-08T08:51:10.483+0800][gc,phases   ] GC(13)   Other: 0.0ms
[2025-12-08T08:51:10.483+0800][gc,heap     ] GC(13) Eden regions: 247->0(224)
[2025-12-08T08:51:10.483+0800][gc,heap     ] GC(13) Survivor regions: 9->32(32)
[2025-12-08T08:51:10.483+0800][gc,heap     ] GC(13) Old regions: 77->78
[2025-12-08T08:51:10.483+0800][gc,heap     ] GC(13) Humongous regions: 0->0
[2025-12-08T08:51:10.483+0800][gc,metaspace] GC(13) Metaspace: 75537K(76352K)->75537K(76352K) NonClass: 66185K(66624K)->66185K(66624K) Class: 9351K(9728K)->9351K(9728K)
[2025-12-08T08:51:10.483+0800][gc          ] GC(13) Pause Young (Normal) (G1 Evacuation Pause) 333M->109M(512M) 7.427ms
[2025-12-08T08:51:10.483+0800][gc,cpu      ] GC(13) User=0.05s Sys=0.00s Real=0.01s
[2025-12-08T08:51:10.963+0800][gc,start    ] GC(14) Pause Young (Normal) (G1 Evacuation Pause)
[2025-12-08T08:51:10.963+0800][gc,task     ] GC(14) Using 8 workers of 8 for evacuation
[2025-12-08T08:51:10.972+0800][gc,phases   ] GC(14)   Pre Evacuate Collection Set: 0.2ms
[2025-12-08T08:51:10.972+0800][gc,phases   ] GC(14)   Merge Heap Roots: 0.1ms
[2025-12-08T08:51:10.972+0800][gc,phases   ] GC(14)   Evacuate Collection Set: 8.1ms
[2025-12-08T08:51:10.972+0800][gc,phases   ] GC(14)   Post Evacuate Collection Set: 0.4ms
[2025-12-08T08:51:10.972+0800][gc,phases   ] GC(14)   Other: 0.1ms
[2025-12-08T08:51:10.972+0800][gc,heap     ] GC(14) Eden regions: 224->0(247)
[2025-12-08T08:51:10.972+0800][gc,heap     ] GC(14) Survivor regions: 32->9(32)
[2025-12-08T08:51:10.972+0800][gc,heap     ] GC(14) Old regions: 78->109
[2025-12-08T08:51:10.972+0800][gc,heap     ] GC(14) Humongous regions: 0->0
[2025-12-08T08:51:10.972+0800][gc,metaspace] GC(14) Metaspace: 80413K(81280K)->80413K(81280K) NonClass: 70469K(70976K)->70469K(70976K) Class: 9943K(10304K)->9943K(10304K)
[2025-12-08T08:51:10.972+0800][gc          ] GC(14) Pause Young (Normal) (G1 Evacuation Pause) 333M->117M(512M) 9.054ms
[2025-12-08T08:51:10.972+0800][gc,cpu      ] GC(14) User=0.05s Sys=0.01s Real=0.01s
[2025-12-08T08:51:11.562+0800][gc,start    ] GC(15) Pause Young (Normal) (G1 Evacuation Pause)
[2025-12-08T08:51:11.562+0800][gc,task     ] GC(15) Using 8 workers of 8 for evacuation
[2025-12-08T08:51:11.569+0800][gc,phases   ] GC(15)   Pre Evacuate Collection Set: 0.2ms
[2025-12-08T08:51:11.569+0800][gc,phases   ] GC(15)   Merge Heap Roots: 0.1ms
[2025-12-08T08:51:11.569+0800][gc,phases   ] GC(15)   Evacuate Collection Set: 5.4ms
[2025-12-08T08:51:11.569+0800][gc,phases   ] GC(15)   Post Evacuate Collection Set: 1.0ms
[2025-12-08T08:51:11.569+0800][gc,phases   ] GC(15)   Other: 0.0ms
[2025-12-08T08:51:11.569+0800][gc,heap     ] GC(15) Eden regions: 247->0(238)
[2025-12-08T08:51:11.569+0800][gc,heap     ] GC(15) Survivor regions: 9->18(32)
[2025-12-08T08:51:11.569+0800][gc,heap     ] GC(15) Old regions: 109->109
[2025-12-08T08:51:11.569+0800][gc,heap     ] GC(15) Humongous regions: 0->0
[2025-12-08T08:51:11.569+0800][gc,metaspace] GC(15) Metaspace: 84278K(85312K)->84278K(85312K) NonClass: 73824K(74368K)->73824K(74368K) Class: 10454K(10944K)->10454K(10944K)
[2025-12-08T08:51:11.569+0800][gc          ] GC(15) Pause Young (Normal) (G1 Evacuation Pause) 364M->126M(512M) 6.869ms
[2025-12-08T08:51:11.569+0800][gc,cpu      ] GC(15) User=0.03s Sys=0.00s Real=0.00s
[2025-12-08T09:13:01.036+0800][gc,heap,exit] Heap
[2025-12-08T09:13:01.036+0800][gc,heap,exit]  garbage-first heap   total 524288K, used 335014K [0x00000007e0000000, 0x0000000800000000)
[2025-12-08T09:13:01.036+0800][gc,heap,exit]   region size 1024K, 219 young (224256K), 18 survivors (18432K)
[2025-12-08T09:13:01.036+0800][gc,heap,exit]  Metaspace       used 89891K, committed 91136K, reserved 1179648K
[2025-12-08T09:13:01.036+0800][gc,heap,exit]   class space    used 10868K, committed 11456K, reserved 1048576K
